
 Program  MARK  - Survival Rate Estimation with Capture-Recapture Data
 gfortran(dble/PIM2) Vers. 11.1 Nov 2024  15-Feb-2026 11:48:07    Page  001
  
 - - - - - - - - - - - - - - - - - - - - - - - - - - - - - - - - - - - - - -
 
 Welcome to MARK valen on machine LAPTOP-R12S8TST in subdirectory 
 "C:\Users\valen\git\OpenPop-Abundance-Analysis-Muscardinus" running file "POPAN_basic_demo.inp".
 This version was compiled by GCC version 14.2.0 using the options: 
  -cpp -iprefix C:/tdm-gcc-64/mingw64-14-2/bin/../lib/gcc/
  x86_64-w64-mingw32/14.2.0/ -D_MT -D_REENTRANT -U_REENTRANT -D
  dbleprecision -m64 -march=x86-64 -mtune=generic -mthreads -O3 -std=f2023
  -fimplicit-none -ftree-vectorize
  -ffpe-summary=invalid,zero,overflow,underflow -funroll-loops
  -fno-unsafe-math-optimizations -frounding-math -fsignaling-nans
  -fall-intrinsics -fopenmp

 This problem will use 7 of 8 possible threads.
 Static thread allocation is used.
 INPUT --- proc title ;

 For procedure title CPU Time was 0.001 secs and System Time was 0.001 secs.
 INPUT --- proc chmatrix occasions= 23 groups= 6 etype= POPAN Nodes= 
 INPUT --- 101 ICMeans NoHist hist= 84  ;
 INPUT ---    time interval 0.492772667542707 0.525624178712221 
 INPUT ---    0.492772667542707 0.492772667542707  0.492772667542707 
 INPUT ---    0.525624178712221 0.492772667542707 0.525624178712221 
 INPUT ---    0.492772667542707  0.821287779237845 6.96452036793692 
 INPUT ---    1.01839684625493 0.985545335085414 0.68988173455979  
 INPUT ---    0.492772667542707 0.525624178712221 0.492772667542707 
 INPUT ---    8.83705650459921 0.985545335085414  1.01839684625493 
 INPUT ---    1.01839684625493 0.985545335085414 ;
 INPUT ---    glabel(1)=valleyR.altitude1;
 INPUT ---    glabel(2)=valleyS.altitude1;
 INPUT ---    glabel(3)=valleyR.altitude2;
 INPUT ---    glabel(4)=valleyS.altitude2;
 INPUT ---    glabel(5)=valleyR.altitude3;
 INPUT ---    glabel(6)=valleyS.altitude3;

   * *  WARNING  * *   At least a pair of the encounter histories are duplicates. 

      Number of unique encounter histories read was 62.

      Number of individual covariates read was 0.
      Time interval lengths vary and/or not equal to 1.

      Data type number is 19
      Data type is POPAN

 For procedure chmatrix CPU Time was 0.016 secs and System Time was 0.001 secs.

Program  MARK  - Survival Rate Estimation with Capture-Recapture Data
 gfortran(dble/PIM2) Vers. 11.1 Nov 2024  15-Feb-2026 11:48:07    Page  002
 - - - - - - - - - - - - - - - - - - - - - - - - - - - - - - - - - - - - - -
 


 INPUT --- proc estimate link=Parm-Specific NOLOOP varest=2ndPart    ;
 INPUT --- model={ basic_demo };
 INPUT ---    group=1 Phi    rows=1 cols=22 Square ;
 INPUT ---        1 1 1 1 1 1 1 1 1 1 1 2 1 1 1 1 1 1 2 1 1 1 ;
 INPUT ---    group=2 Phi    rows=1 cols=22 Square ;
 INPUT ---        1 1 1 1 1 1 1 1 1 1 1 2 1 1 1 1 1 1 2 1 1 1 ;
 INPUT ---    group=3 Phi    rows=1 cols=22 Square ;
 INPUT ---        1 1 1 1 1 1 1 1 1 1 1 2 1 1 1 1 1 1 2 1 1 1 ;
 INPUT ---    group=4 Phi    rows=1 cols=22 Square ;
 INPUT ---        1 1 1 1 1 1 1 1 1 1 1 2 1 1 1 1 1 1 2 1 1 1 ;
 INPUT ---    group=5 Phi    rows=1 cols=22 Square ;
 INPUT ---        1 1 1 1 1 1 1 1 1 1 1 2 1 1 1 1 1 1 2 1 1 1 ;
 INPUT ---    group=6 Phi    rows=1 cols=22 Square ;
 INPUT ---        1 1 1 1 1 1 1 1 1 1 1 2 1 1 1 1 1 1 2 1 1 1 ;
 INPUT ---    group=1 p    rows=1 cols=23 Square ;
 INPUT ---        3 3 3 3 3 3 3 3 3 3 3 3 3 3 3 3 3 3 3 3 3 3 3 ;
 INPUT ---    group=2 p    rows=1 cols=23 Square ;
 INPUT ---        3 3 3 3 3 3 3 3 3 3 3 3 3 3 3 3 3 3 3 3 3 3 3 ;
 INPUT ---    group=3 p    rows=1 cols=23 Square ;
 INPUT ---        3 3 3 3 3 3 3 3 3 3 3 3 3 3 3 3 3 3 3 3 3 3 3 ;
 INPUT ---    group=4 p    rows=1 cols=23 Square ;
 INPUT ---        3 3 3 3 3 3 3 3 3 3 3 3 3 3 3 3 3 3 3 3 3 3 3 ;
 INPUT ---    group=5 p    rows=1 cols=23 Square ;
 INPUT ---        3 3 3 3 3 3 3 3 3 3 3 3 3 3 3 3 3 3 3 3 3 3 3 ;
 INPUT ---    group=6 p    rows=1 cols=23 Square ;
 INPUT ---        3 3 3 3 3 3 3 3 3 3 3 3 3 3 3 3 3 3 3 3 3 3 3 ;
 INPUT ---    group=1 pent    rows=1 cols=22 Square ;
 INPUT ---        10 11 12 13 14 15 16 17 18 19 20 21 22 23 24 25 26 27 28 
 INPUT ---       29 30 31 ;
 INPUT ---    group=2 pent    rows=1 cols=22 Square ;
 INPUT ---        32 33 34 35 36 37 38 39 40 41 42 43 44 45 46 47 48 49 50 
 INPUT ---       51 52 53 ;
 INPUT ---    group=3 pent    rows=1 cols=22 Square ;
 INPUT ---        54 55 56 57 58 59 60 61 62 63 64 65 66 67 68 69 70 71 72 
 INPUT ---       73 74 75 ;
 INPUT ---    group=4 pent    rows=1 cols=22 Square ;
 INPUT ---        76 77 78 79 80 81 82 83 84 85 86 87 88 89 90 91 92 93 94 
 INPUT ---       95 96 97 ;
 INPUT ---    group=5 pent    rows=1 cols=22 Square ;
 INPUT ---        98 99 100 101 102 103 104 105 106 107 108 109 110 111 112 
 INPUT ---       113 114 115 116 117 118 119 ;
 INPUT ---    group=6 pent    rows=1 cols=22 Square ;
 INPUT ---        120 121 122 123 124 125 126 127 128 129 130 131 132 133 
 INPUT ---       134 135 136 137 138 139 140 141 ;

Program  MARK  - Survival Rate Estimation with Capture-Recapture Data
 gfortran(dble/PIM2) Vers. 11.1 Nov 2024  15-Feb-2026 11:48:07    Page  003
 - - - - - - - - - - - - - - - - - - - - - - - - - - - - - - - - - - - - - -
 
 INPUT ---    group=1 N    rows=1 cols=1 Square ;
 INPUT ---        4 ;
 INPUT ---    group=2 N    rows=1 cols=1 Square ;
 INPUT ---        5 ;
 INPUT ---    group=3 N    rows=1 cols=1 Square ;
 INPUT ---        6 ;
 INPUT ---    group=4 N    rows=1 cols=1 Square ;
 INPUT ---        7 ;
 INPUT ---    group=5 N    rows=1 cols=1 Square ;
 INPUT ---        8 ;
 INPUT ---    group=6 N    rows=1 cols=1 Square ;
 INPUT ---        9 ;
 INPUT ---    design matrix constraints=141 covariates=31;
 INPUT ---        1 0 0 0 0 0 0 0 0 0 0 0 0 0 0 0 0 0 0 0 0 0 0 0 0 0 0 0 0 
 INPUT ---       0 0;
 INPUT ---        1 1 0 0 0 0 0 0 0 0 0 0 0 0 0 0 0 0 0 0 0 0 0 0 0 0 0 0 0 
 INPUT ---       0 0;
 INPUT ---        0 0 1 0 0 0 0 0 0 0 0 0 0 0 0 0 0 0 0 0 0 0 0 0 0 0 0 0 0 
 INPUT ---       0 0;
 INPUT ---        0 0 0 0 0 0 0 0 0 0 0 0 0 0 0 0 0 0 0 0 0 0 0 0 0 1 0 0 0 
 INPUT ---       0 0;
 INPUT ---        0 0 0 0 0 0 0 0 0 0 0 0 0 0 0 0 0 0 0 0 0 0 0 0 0 1 1 0 0 
 INPUT ---       0 0;
 INPUT ---        0 0 0 0 0 0 0 0 0 0 0 0 0 0 0 0 0 0 0 0 0 0 0 0 0 1 0 1 0 
 INPUT ---       0 0;
 INPUT ---        0 0 0 0 0 0 0 0 0 0 0 0 0 0 0 0 0 0 0 0 0 0 0 0 0 1 0 0 1 
 INPUT ---       0 0;
 INPUT ---        0 0 0 0 0 0 0 0 0 0 0 0 0 0 0 0 0 0 0 0 0 0 0 0 0 1 0 0 0 
 INPUT ---       1 0;
 INPUT ---        0 0 0 0 0 0 0 0 0 0 0 0 0 0 0 0 0 0 0 0 0 0 0 0 0 1 0 0 0 
 INPUT ---       0 1;
 INPUT ---        0 0 0 1 0 0 0 0 0 0 0 0 0 0 0 0 0 0 0 0 0 0 0 0 0 0 0 0 0 
 INPUT ---       0 0;
 INPUT ---        0 0 0 1 1 0 0 0 0 0 0 0 0 0 0 0 0 0 0 0 0 0 0 0 0 0 0 0 0 
 INPUT ---       0 0;
 INPUT ---        0 0 0 1 0 1 0 0 0 0 0 0 0 0 0 0 0 0 0 0 0 0 0 0 0 0 0 0 0 
 INPUT ---       0 0;
 INPUT ---        0 0 0 1 0 0 1 0 0 0 0 0 0 0 0 0 0 0 0 0 0 0 0 0 0 0 0 0 0 
 INPUT ---       0 0;
 INPUT ---        0 0 0 1 0 0 0 1 0 0 0 0 0 0 0 0 0 0 0 0 0 0 0 0 0 0 0 0 0 
 INPUT ---       0 0;
 INPUT ---        0 0 0 1 0 0 0 0 1 0 0 0 0 0 0 0 0 0 0 0 0 0 0 0 0 0 0 0 0 
 INPUT ---       0 0;
 INPUT ---        0 0 0 1 0 0 0 0 0 1 0 0 0 0 0 0 0 0 0 0 0 0 0 0 0 0 0 0 0 
 INPUT ---       0 0;
 INPUT ---        0 0 0 1 0 0 0 0 0 0 1 0 0 0 0 0 0 0 0 0 0 0 0 0 0 0 0 0 0 

Program  MARK  - Survival Rate Estimation with Capture-Recapture Data
 gfortran(dble/PIM2) Vers. 11.1 Nov 2024  15-Feb-2026 11:48:07    Page  004
 - - - - - - - - - - - - - - - - - - - - - - - - - - - - - - - - - - - - - -
 
 INPUT ---       0 0;
 INPUT ---        0 0 0 1 0 0 0 0 0 0 0 1 0 0 0 0 0 0 0 0 0 0 0 0 0 0 0 0 0 
 INPUT ---       0 0;
 INPUT ---        0 0 0 1 0 0 0 0 0 0 0 0 1 0 0 0 0 0 0 0 0 0 0 0 0 0 0 0 0 
 INPUT ---       0 0;
 INPUT ---        0 0 0 1 0 0 0 0 0 0 0 0 0 1 0 0 0 0 0 0 0 0 0 0 0 0 0 0 0 
 INPUT ---       0 0;
 INPUT ---        0 0 0 1 0 0 0 0 0 0 0 0 0 0 1 0 0 0 0 0 0 0 0 0 0 0 0 0 0 
 INPUT ---       0 0;
 INPUT ---        0 0 0 1 0 0 0 0 0 0 0 0 0 0 0 1 0 0 0 0 0 0 0 0 0 0 0 0 0 
 INPUT ---       0 0;
 INPUT ---        0 0 0 1 0 0 0 0 0 0 0 0 0 0 0 0 1 0 0 0 0 0 0 0 0 0 0 0 0 
 INPUT ---       0 0;
 INPUT ---        0 0 0 1 0 0 0 0 0 0 0 0 0 0 0 0 0 1 0 0 0 0 0 0 0 0 0 0 0 
 INPUT ---       0 0;
 INPUT ---        0 0 0 1 0 0 0 0 0 0 0 0 0 0 0 0 0 0 1 0 0 0 0 0 0 0 0 0 0 
 INPUT ---       0 0;
 INPUT ---        0 0 0 1 0 0 0 0 0 0 0 0 0 0 0 0 0 0 0 1 0 0 0 0 0 0 0 0 0 
 INPUT ---       0 0;
 INPUT ---        0 0 0 1 0 0 0 0 0 0 0 0 0 0 0 0 0 0 0 0 1 0 0 0 0 0 0 0 0 
 INPUT ---       0 0;
 INPUT ---        0 0 0 1 0 0 0 0 0 0 0 0 0 0 0 0 0 0 0 0 0 1 0 0 0 0 0 0 0 
 INPUT ---       0 0;
 INPUT ---        0 0 0 1 0 0 0 0 0 0 0 0 0 0 0 0 0 0 0 0 0 0 1 0 0 0 0 0 0 
 INPUT ---       0 0;
 INPUT ---        0 0 0 1 0 0 0 0 0 0 0 0 0 0 0 0 0 0 0 0 0 0 0 1 0 0 0 0 0 
 INPUT ---       0 0;
 INPUT ---        0 0 0 1 0 0 0 0 0 0 0 0 0 0 0 0 0 0 0 0 0 0 0 0 1 0 0 0 0 
 INPUT ---       0 0;
 INPUT ---        0 0 0 1 0 0 0 0 0 0 0 0 0 0 0 0 0 0 0 0 0 0 0 0 0 0 0 0 0 
 INPUT ---       0 0;
 INPUT ---        0 0 0 1 1 0 0 0 0 0 0 0 0 0 0 0 0 0 0 0 0 0 0 0 0 0 0 0 0 
 INPUT ---       0 0;
 INPUT ---        0 0 0 1 0 1 0 0 0 0 0 0 0 0 0 0 0 0 0 0 0 0 0 0 0 0 0 0 0 
 INPUT ---       0 0;
 INPUT ---        0 0 0 1 0 0 1 0 0 0 0 0 0 0 0 0 0 0 0 0 0 0 0 0 0 0 0 0 0 
 INPUT ---       0 0;
 INPUT ---        0 0 0 1 0 0 0 1 0 0 0 0 0 0 0 0 0 0 0 0 0 0 0 0 0 0 0 0 0 
 INPUT ---       0 0;
 INPUT ---        0 0 0 1 0 0 0 0 1 0 0 0 0 0 0 0 0 0 0 0 0 0 0 0 0 0 0 0 0 
 INPUT ---       0 0;
 INPUT ---        0 0 0 1 0 0 0 0 0 1 0 0 0 0 0 0 0 0 0 0 0 0 0 0 0 0 0 0 0 
 INPUT ---       0 0;
 INPUT ---        0 0 0 1 0 0 0 0 0 0 1 0 0 0 0 0 0 0 0 0 0 0 0 0 0 0 0 0 0 
 INPUT ---       0 0;
 INPUT ---        0 0 0 1 0 0 0 0 0 0 0 1 0 0 0 0 0 0 0 0 0 0 0 0 0 0 0 0 0 

Program  MARK  - Survival Rate Estimation with Capture-Recapture Data
 gfortran(dble/PIM2) Vers. 11.1 Nov 2024  15-Feb-2026 11:48:07    Page  005
 - - - - - - - - - - - - - - - - - - - - - - - - - - - - - - - - - - - - - -
 
 INPUT ---       0 0;
 INPUT ---        0 0 0 1 0 0 0 0 0 0 0 0 1 0 0 0 0 0 0 0 0 0 0 0 0 0 0 0 0 
 INPUT ---       0 0;
 INPUT ---        0 0 0 1 0 0 0 0 0 0 0 0 0 1 0 0 0 0 0 0 0 0 0 0 0 0 0 0 0 
 INPUT ---       0 0;
 INPUT ---        0 0 0 1 0 0 0 0 0 0 0 0 0 0 1 0 0 0 0 0 0 0 0 0 0 0 0 0 0 
 INPUT ---       0 0;
 INPUT ---        0 0 0 1 0 0 0 0 0 0 0 0 0 0 0 1 0 0 0 0 0 0 0 0 0 0 0 0 0 
 INPUT ---       0 0;
 INPUT ---        0 0 0 1 0 0 0 0 0 0 0 0 0 0 0 0 1 0 0 0 0 0 0 0 0 0 0 0 0 
 INPUT ---       0 0;
 INPUT ---        0 0 0 1 0 0 0 0 0 0 0 0 0 0 0 0 0 1 0 0 0 0 0 0 0 0 0 0 0 
 INPUT ---       0 0;
 INPUT ---        0 0 0 1 0 0 0 0 0 0 0 0 0 0 0 0 0 0 1 0 0 0 0 0 0 0 0 0 0 
 INPUT ---       0 0;
 INPUT ---        0 0 0 1 0 0 0 0 0 0 0 0 0 0 0 0 0 0 0 1 0 0 0 0 0 0 0 0 0 
 INPUT ---       0 0;
 INPUT ---        0 0 0 1 0 0 0 0 0 0 0 0 0 0 0 0 0 0 0 0 1 0 0 0 0 0 0 0 0 
 INPUT ---       0 0;
 INPUT ---        0 0 0 1 0 0 0 0 0 0 0 0 0 0 0 0 0 0 0 0 0 1 0 0 0 0 0 0 0 
 INPUT ---       0 0;
 INPUT ---        0 0 0 1 0 0 0 0 0 0 0 0 0 0 0 0 0 0 0 0 0 0 1 0 0 0 0 0 0 
 INPUT ---       0 0;
 INPUT ---        0 0 0 1 0 0 0 0 0 0 0 0 0 0 0 0 0 0 0 0 0 0 0 1 0 0 0 0 0 
 INPUT ---       0 0;
 INPUT ---        0 0 0 1 0 0 0 0 0 0 0 0 0 0 0 0 0 0 0 0 0 0 0 0 1 0 0 0 0 
 INPUT ---       0 0;
 INPUT ---        0 0 0 1 0 0 0 0 0 0 0 0 0 0 0 0 0 0 0 0 0 0 0 0 0 0 0 0 0 
 INPUT ---       0 0;
 INPUT ---        0 0 0 1 1 0 0 0 0 0 0 0 0 0 0 0 0 0 0 0 0 0 0 0 0 0 0 0 0 
 INPUT ---       0 0;
 INPUT ---        0 0 0 1 0 1 0 0 0 0 0 0 0 0 0 0 0 0 0 0 0 0 0 0 0 0 0 0 0 
 INPUT ---       0 0;
 INPUT ---        0 0 0 1 0 0 1 0 0 0 0 0 0 0 0 0 0 0 0 0 0 0 0 0 0 0 0 0 0 
 INPUT ---       0 0;
 INPUT ---        0 0 0 1 0 0 0 1 0 0 0 0 0 0 0 0 0 0 0 0 0 0 0 0 0 0 0 0 0 
 INPUT ---       0 0;
 INPUT ---        0 0 0 1 0 0 0 0 1 0 0 0 0 0 0 0 0 0 0 0 0 0 0 0 0 0 0 0 0 
 INPUT ---       0 0;
 INPUT ---        0 0 0 1 0 0 0 0 0 1 0 0 0 0 0 0 0 0 0 0 0 0 0 0 0 0 0 0 0 
 INPUT ---       0 0;
 INPUT ---        0 0 0 1 0 0 0 0 0 0 1 0 0 0 0 0 0 0 0 0 0 0 0 0 0 0 0 0 0 
 INPUT ---       0 0;
 INPUT ---        0 0 0 1 0 0 0 0 0 0 0 1 0 0 0 0 0 0 0 0 0 0 0 0 0 0 0 0 0 
 INPUT ---       0 0;
 INPUT ---        0 0 0 1 0 0 0 0 0 0 0 0 1 0 0 0 0 0 0 0 0 0 0 0 0 0 0 0 0 

Program  MARK  - Survival Rate Estimation with Capture-Recapture Data
 gfortran(dble/PIM2) Vers. 11.1 Nov 2024  15-Feb-2026 11:48:07    Page  006
 - - - - - - - - - - - - - - - - - - - - - - - - - - - - - - - - - - - - - -
 
 INPUT ---       0 0;
 INPUT ---        0 0 0 1 0 0 0 0 0 0 0 0 0 1 0 0 0 0 0 0 0 0 0 0 0 0 0 0 0 
 INPUT ---       0 0;
 INPUT ---        0 0 0 1 0 0 0 0 0 0 0 0 0 0 1 0 0 0 0 0 0 0 0 0 0 0 0 0 0 
 INPUT ---       0 0;
 INPUT ---        0 0 0 1 0 0 0 0 0 0 0 0 0 0 0 1 0 0 0 0 0 0 0 0 0 0 0 0 0 
 INPUT ---       0 0;
 INPUT ---        0 0 0 1 0 0 0 0 0 0 0 0 0 0 0 0 1 0 0 0 0 0 0 0 0 0 0 0 0 
 INPUT ---       0 0;
 INPUT ---        0 0 0 1 0 0 0 0 0 0 0 0 0 0 0 0 0 1 0 0 0 0 0 0 0 0 0 0 0 
 INPUT ---       0 0;
 INPUT ---        0 0 0 1 0 0 0 0 0 0 0 0 0 0 0 0 0 0 1 0 0 0 0 0 0 0 0 0 0 
 INPUT ---       0 0;
 INPUT ---        0 0 0 1 0 0 0 0 0 0 0 0 0 0 0 0 0 0 0 1 0 0 0 0 0 0 0 0 0 
 INPUT ---       0 0;
 INPUT ---        0 0 0 1 0 0 0 0 0 0 0 0 0 0 0 0 0 0 0 0 1 0 0 0 0 0 0 0 0 
 INPUT ---       0 0;
 INPUT ---        0 0 0 1 0 0 0 0 0 0 0 0 0 0 0 0 0 0 0 0 0 1 0 0 0 0 0 0 0 
 INPUT ---       0 0;
 INPUT ---        0 0 0 1 0 0 0 0 0 0 0 0 0 0 0 0 0 0 0 0 0 0 1 0 0 0 0 0 0 
 INPUT ---       0 0;
 INPUT ---        0 0 0 1 0 0 0 0 0 0 0 0 0 0 0 0 0 0 0 0 0 0 0 1 0 0 0 0 0 
 INPUT ---       0 0;
 INPUT ---        0 0 0 1 0 0 0 0 0 0 0 0 0 0 0 0 0 0 0 0 0 0 0 0 1 0 0 0 0 
 INPUT ---       0 0;
 INPUT ---        0 0 0 1 0 0 0 0 0 0 0 0 0 0 0 0 0 0 0 0 0 0 0 0 0 0 0 0 0 
 INPUT ---       0 0;
 INPUT ---        0 0 0 1 1 0 0 0 0 0 0 0 0 0 0 0 0 0 0 0 0 0 0 0 0 0 0 0 0 
 INPUT ---       0 0;
 INPUT ---        0 0 0 1 0 1 0 0 0 0 0 0 0 0 0 0 0 0 0 0 0 0 0 0 0 0 0 0 0 
 INPUT ---       0 0;
 INPUT ---        0 0 0 1 0 0 1 0 0 0 0 0 0 0 0 0 0 0 0 0 0 0 0 0 0 0 0 0 0 
 INPUT ---       0 0;
 INPUT ---        0 0 0 1 0 0 0 1 0 0 0 0 0 0 0 0 0 0 0 0 0 0 0 0 0 0 0 0 0 
 INPUT ---       0 0;
 INPUT ---        0 0 0 1 0 0 0 0 1 0 0 0 0 0 0 0 0 0 0 0 0 0 0 0 0 0 0 0 0 
 INPUT ---       0 0;
 INPUT ---        0 0 0 1 0 0 0 0 0 1 0 0 0 0 0 0 0 0 0 0 0 0 0 0 0 0 0 0 0 
 INPUT ---       0 0;
 INPUT ---        0 0 0 1 0 0 0 0 0 0 1 0 0 0 0 0 0 0 0 0 0 0 0 0 0 0 0 0 0 
 INPUT ---       0 0;
 INPUT ---        0 0 0 1 0 0 0 0 0 0 0 1 0 0 0 0 0 0 0 0 0 0 0 0 0 0 0 0 0 
 INPUT ---       0 0;
 INPUT ---        0 0 0 1 0 0 0 0 0 0 0 0 1 0 0 0 0 0 0 0 0 0 0 0 0 0 0 0 0 
 INPUT ---       0 0;
 INPUT ---        0 0 0 1 0 0 0 0 0 0 0 0 0 1 0 0 0 0 0 0 0 0 0 0 0 0 0 0 0 

Program  MARK  - Survival Rate Estimation with Capture-Recapture Data
 gfortran(dble/PIM2) Vers. 11.1 Nov 2024  15-Feb-2026 11:48:07    Page  007
 - - - - - - - - - - - - - - - - - - - - - - - - - - - - - - - - - - - - - -
 
 INPUT ---       0 0;
 INPUT ---        0 0 0 1 0 0 0 0 0 0 0 0 0 0 1 0 0 0 0 0 0 0 0 0 0 0 0 0 0 
 INPUT ---       0 0;
 INPUT ---        0 0 0 1 0 0 0 0 0 0 0 0 0 0 0 1 0 0 0 0 0 0 0 0 0 0 0 0 0 
 INPUT ---       0 0;
 INPUT ---        0 0 0 1 0 0 0 0 0 0 0 0 0 0 0 0 1 0 0 0 0 0 0 0 0 0 0 0 0 
 INPUT ---       0 0;
 INPUT ---        0 0 0 1 0 0 0 0 0 0 0 0 0 0 0 0 0 1 0 0 0 0 0 0 0 0 0 0 0 
 INPUT ---       0 0;
 INPUT ---        0 0 0 1 0 0 0 0 0 0 0 0 0 0 0 0 0 0 1 0 0 0 0 0 0 0 0 0 0 
 INPUT ---       0 0;
 INPUT ---        0 0 0 1 0 0 0 0 0 0 0 0 0 0 0 0 0 0 0 1 0 0 0 0 0 0 0 0 0 
 INPUT ---       0 0;
 INPUT ---        0 0 0 1 0 0 0 0 0 0 0 0 0 0 0 0 0 0 0 0 1 0 0 0 0 0 0 0 0 
 INPUT ---       0 0;
 INPUT ---        0 0 0 1 0 0 0 0 0 0 0 0 0 0 0 0 0 0 0 0 0 1 0 0 0 0 0 0 0 
 INPUT ---       0 0;
 INPUT ---        0 0 0 1 0 0 0 0 0 0 0 0 0 0 0 0 0 0 0 0 0 0 1 0 0 0 0 0 0 
 INPUT ---       0 0;
 INPUT ---        0 0 0 1 0 0 0 0 0 0 0 0 0 0 0 0 0 0 0 0 0 0 0 1 0 0 0 0 0 
 INPUT ---       0 0;
 INPUT ---        0 0 0 1 0 0 0 0 0 0 0 0 0 0 0 0 0 0 0 0 0 0 0 0 1 0 0 0 0 
 INPUT ---       0 0;
 INPUT ---        0 0 0 1 0 0 0 0 0 0 0 0 0 0 0 0 0 0 0 0 0 0 0 0 0 0 0 0 0 
 INPUT ---       0 0;
 INPUT ---        0 0 0 1 1 0 0 0 0 0 0 0 0 0 0 0 0 0 0 0 0 0 0 0 0 0 0 0 0 
 INPUT ---       0 0;
 INPUT ---        0 0 0 1 0 1 0 0 0 0 0 0 0 0 0 0 0 0 0 0 0 0 0 0 0 0 0 0 0 
 INPUT ---       0 0;
 INPUT ---        0 0 0 1 0 0 1 0 0 0 0 0 0 0 0 0 0 0 0 0 0 0 0 0 0 0 0 0 0 
 INPUT ---       0 0;
 INPUT ---        0 0 0 1 0 0 0 1 0 0 0 0 0 0 0 0 0 0 0 0 0 0 0 0 0 0 0 0 0 
 INPUT ---       0 0;
 INPUT ---        0 0 0 1 0 0 0 0 1 0 0 0 0 0 0 0 0 0 0 0 0 0 0 0 0 0 0 0 0 
 INPUT ---       0 0;
 INPUT ---        0 0 0 1 0 0 0 0 0 1 0 0 0 0 0 0 0 0 0 0 0 0 0 0 0 0 0 0 0 
 INPUT ---       0 0;
 INPUT ---        0 0 0 1 0 0 0 0 0 0 1 0 0 0 0 0 0 0 0 0 0 0 0 0 0 0 0 0 0 
 INPUT ---       0 0;
 INPUT ---        0 0 0 1 0 0 0 0 0 0 0 1 0 0 0 0 0 0 0 0 0 0 0 0 0 0 0 0 0 
 INPUT ---       0 0;
 INPUT ---        0 0 0 1 0 0 0 0 0 0 0 0 1 0 0 0 0 0 0 0 0 0 0 0 0 0 0 0 0 
 INPUT ---       0 0;
 INPUT ---        0 0 0 1 0 0 0 0 0 0 0 0 0 1 0 0 0 0 0 0 0 0 0 0 0 0 0 0 0 
 INPUT ---       0 0;
 INPUT ---        0 0 0 1 0 0 0 0 0 0 0 0 0 0 1 0 0 0 0 0 0 0 0 0 0 0 0 0 0 

Program  MARK  - Survival Rate Estimation with Capture-Recapture Data
 gfortran(dble/PIM2) Vers. 11.1 Nov 2024  15-Feb-2026 11:48:07    Page  008
 - - - - - - - - - - - - - - - - - - - - - - - - - - - - - - - - - - - - - -
 
 INPUT ---       0 0;
 INPUT ---        0 0 0 1 0 0 0 0 0 0 0 0 0 0 0 1 0 0 0 0 0 0 0 0 0 0 0 0 0 
 INPUT ---       0 0;
 INPUT ---        0 0 0 1 0 0 0 0 0 0 0 0 0 0 0 0 1 0 0 0 0 0 0 0 0 0 0 0 0 
 INPUT ---       0 0;
 INPUT ---        0 0 0 1 0 0 0 0 0 0 0 0 0 0 0 0 0 1 0 0 0 0 0 0 0 0 0 0 0 
 INPUT ---       0 0;
 INPUT ---        0 0 0 1 0 0 0 0 0 0 0 0 0 0 0 0 0 0 1 0 0 0 0 0 0 0 0 0 0 
 INPUT ---       0 0;
 INPUT ---        0 0 0 1 0 0 0 0 0 0 0 0 0 0 0 0 0 0 0 1 0 0 0 0 0 0 0 0 0 
 INPUT ---       0 0;
 INPUT ---        0 0 0 1 0 0 0 0 0 0 0 0 0 0 0 0 0 0 0 0 1 0 0 0 0 0 0 0 0 
 INPUT ---       0 0;
 INPUT ---        0 0 0 1 0 0 0 0 0 0 0 0 0 0 0 0 0 0 0 0 0 1 0 0 0 0 0 0 0 
 INPUT ---       0 0;
 INPUT ---        0 0 0 1 0 0 0 0 0 0 0 0 0 0 0 0 0 0 0 0 0 0 1 0 0 0 0 0 0 
 INPUT ---       0 0;
 INPUT ---        0 0 0 1 0 0 0 0 0 0 0 0 0 0 0 0 0 0 0 0 0 0 0 1 0 0 0 0 0 
 INPUT ---       0 0;
 INPUT ---        0 0 0 1 0 0 0 0 0 0 0 0 0 0 0 0 0 0 0 0 0 0 0 0 1 0 0 0 0 
 INPUT ---       0 0;
 INPUT ---        0 0 0 1 0 0 0 0 0 0 0 0 0 0 0 0 0 0 0 0 0 0 0 0 0 0 0 0 0 
 INPUT ---       0 0;
 INPUT ---        0 0 0 1 1 0 0 0 0 0 0 0 0 0 0 0 0 0 0 0 0 0 0 0 0 0 0 0 0 
 INPUT ---       0 0;
 INPUT ---        0 0 0 1 0 1 0 0 0 0 0 0 0 0 0 0 0 0 0 0 0 0 0 0 0 0 0 0 0 
 INPUT ---       0 0;
 INPUT ---        0 0 0 1 0 0 1 0 0 0 0 0 0 0 0 0 0 0 0 0 0 0 0 0 0 0 0 0 0 
 INPUT ---       0 0;
 INPUT ---        0 0 0 1 0 0 0 1 0 0 0 0 0 0 0 0 0 0 0 0 0 0 0 0 0 0 0 0 0 
 INPUT ---       0 0;
 INPUT ---        0 0 0 1 0 0 0 0 1 0 0 0 0 0 0 0 0 0 0 0 0 0 0 0 0 0 0 0 0 
 INPUT ---       0 0;
 INPUT ---        0 0 0 1 0 0 0 0 0 1 0 0 0 0 0 0 0 0 0 0 0 0 0 0 0 0 0 0 0 
 INPUT ---       0 0;
 INPUT ---        0 0 0 1 0 0 0 0 0 0 1 0 0 0 0 0 0 0 0 0 0 0 0 0 0 0 0 0 0 
 INPUT ---       0 0;
 INPUT ---        0 0 0 1 0 0 0 0 0 0 0 1 0 0 0 0 0 0 0 0 0 0 0 0 0 0 0 0 0 
 INPUT ---       0 0;
 INPUT ---        0 0 0 1 0 0 0 0 0 0 0 0 1 0 0 0 0 0 0 0 0 0 0 0 0 0 0 0 0 
 INPUT ---       0 0;
 INPUT ---        0 0 0 1 0 0 0 0 0 0 0 0 0 1 0 0 0 0 0 0 0 0 0 0 0 0 0 0 0 
 INPUT ---       0 0;
 INPUT ---        0 0 0 1 0 0 0 0 0 0 0 0 0 0 1 0 0 0 0 0 0 0 0 0 0 0 0 0 0 
 INPUT ---       0 0;
 INPUT ---        0 0 0 1 0 0 0 0 0 0 0 0 0 0 0 1 0 0 0 0 0 0 0 0 0 0 0 0 0 

Program  MARK  - Survival Rate Estimation with Capture-Recapture Data
 gfortran(dble/PIM2) Vers. 11.1 Nov 2024  15-Feb-2026 11:48:07    Page  009
 - - - - - - - - - - - - - - - - - - - - - - - - - - - - - - - - - - - - - -
 
 INPUT ---       0 0;
 INPUT ---        0 0 0 1 0 0 0 0 0 0 0 0 0 0 0 0 1 0 0 0 0 0 0 0 0 0 0 0 0 
 INPUT ---       0 0;
 INPUT ---        0 0 0 1 0 0 0 0 0 0 0 0 0 0 0 0 0 1 0 0 0 0 0 0 0 0 0 0 0 
 INPUT ---       0 0;
 INPUT ---        0 0 0 1 0 0 0 0 0 0 0 0 0 0 0 0 0 0 1 0 0 0 0 0 0 0 0 0 0 
 INPUT ---       0 0;
 INPUT ---        0 0 0 1 0 0 0 0 0 0 0 0 0 0 0 0 0 0 0 1 0 0 0 0 0 0 0 0 0 
 INPUT ---       0 0;
 INPUT ---        0 0 0 1 0 0 0 0 0 0 0 0 0 0 0 0 0 0 0 0 1 0 0 0 0 0 0 0 0 
 INPUT ---       0 0;
 INPUT ---        0 0 0 1 0 0 0 0 0 0 0 0 0 0 0 0 0 0 0 0 0 1 0 0 0 0 0 0 0 
 INPUT ---       0 0;
 INPUT ---        0 0 0 1 0 0 0 0 0 0 0 0 0 0 0 0 0 0 0 0 0 0 1 0 0 0 0 0 0 
 INPUT ---       0 0;
 INPUT ---        0 0 0 1 0 0 0 0 0 0 0 0 0 0 0 0 0 0 0 0 0 0 0 1 0 0 0 0 0 
 INPUT ---       0 0;
 INPUT ---        0 0 0 1 0 0 0 0 0 0 0 0 0 0 0 0 0 0 0 0 0 0 0 0 1 0 0 0 0 
 INPUT ---       0 0;
 INPUT ---    links=141;
 INPUT ---       Logit;
 INPUT ---       Logit;
 INPUT ---       Logit;
 INPUT ---       Log;
 INPUT ---       Log;
 INPUT ---       Log;
 INPUT ---       Log;
 INPUT ---       Log;
 INPUT ---       Log;
 INPUT ---       mlogit(1);
 INPUT ---       mlogit(1);
 INPUT ---       mlogit(1);
 INPUT ---       mlogit(1);
 INPUT ---       mlogit(1);
 INPUT ---       mlogit(1);
 INPUT ---       mlogit(1);
 INPUT ---       mlogit(1);
 INPUT ---       mlogit(1);
 INPUT ---       mlogit(1);
 INPUT ---       mlogit(1);
 INPUT ---       mlogit(1);
 INPUT ---       mlogit(1);
 INPUT ---       mlogit(1);
 INPUT ---       mlogit(1);
 INPUT ---       mlogit(1);
 INPUT ---       mlogit(1);

Program  MARK  - Survival Rate Estimation with Capture-Recapture Data
 gfortran(dble/PIM2) Vers. 11.1 Nov 2024  15-Feb-2026 11:48:07    Page  010
 - - - - - - - - - - - - - - - - - - - - - - - - - - - - - - - - - - - - - -
 
 INPUT ---       mlogit(1);
 INPUT ---       mlogit(1);
 INPUT ---       mlogit(1);
 INPUT ---       mlogit(1);
 INPUT ---       mlogit(1);
 INPUT ---       mlogit(2);
 INPUT ---       mlogit(2);
 INPUT ---       mlogit(2);
 INPUT ---       mlogit(2);
 INPUT ---       mlogit(2);
 INPUT ---       mlogit(2);
 INPUT ---       mlogit(2);
 INPUT ---       mlogit(2);
 INPUT ---       mlogit(2);
 INPUT ---       mlogit(2);
 INPUT ---       mlogit(2);
 INPUT ---       mlogit(2);
 INPUT ---       mlogit(2);
 INPUT ---       mlogit(2);
 INPUT ---       mlogit(2);
 INPUT ---       mlogit(2);
 INPUT ---       mlogit(2);
 INPUT ---       mlogit(2);
 INPUT ---       mlogit(2);
 INPUT ---       mlogit(2);
 INPUT ---       mlogit(2);
 INPUT ---       mlogit(2);
 INPUT ---       mlogit(3);
 INPUT ---       mlogit(3);
 INPUT ---       mlogit(3);
 INPUT ---       mlogit(3);
 INPUT ---       mlogit(3);
 INPUT ---       mlogit(3);
 INPUT ---       mlogit(3);
 INPUT ---       mlogit(3);
 INPUT ---       mlogit(3);
 INPUT ---       mlogit(3);
 INPUT ---       mlogit(3);
 INPUT ---       mlogit(3);
 INPUT ---       mlogit(3);
 INPUT ---       mlogit(3);
 INPUT ---       mlogit(3);
 INPUT ---       mlogit(3);
 INPUT ---       mlogit(3);
 INPUT ---       mlogit(3);
 INPUT ---       mlogit(3);

Program  MARK  - Survival Rate Estimation with Capture-Recapture Data
 gfortran(dble/PIM2) Vers. 11.1 Nov 2024  15-Feb-2026 11:48:07    Page  011
 - - - - - - - - - - - - - - - - - - - - - - - - - - - - - - - - - - - - - -
 
 INPUT ---       mlogit(3);
 INPUT ---       mlogit(3);
 INPUT ---       mlogit(3);
 INPUT ---       mlogit(4);
 INPUT ---       mlogit(4);
 INPUT ---       mlogit(4);
 INPUT ---       mlogit(4);
 INPUT ---       mlogit(4);
 INPUT ---       mlogit(4);
 INPUT ---       mlogit(4);
 INPUT ---       mlogit(4);
 INPUT ---       mlogit(4);
 INPUT ---       mlogit(4);
 INPUT ---       mlogit(4);
 INPUT ---       mlogit(4);
 INPUT ---       mlogit(4);
 INPUT ---       mlogit(4);
 INPUT ---       mlogit(4);
 INPUT ---       mlogit(4);
 INPUT ---       mlogit(4);
 INPUT ---       mlogit(4);
 INPUT ---       mlogit(4);
 INPUT ---       mlogit(4);
 INPUT ---       mlogit(4);
 INPUT ---       mlogit(4);
 INPUT ---       mlogit(5);
 INPUT ---       mlogit(5);
 INPUT ---       mlogit(5);
 INPUT ---       mlogit(5);
 INPUT ---       mlogit(5);
 INPUT ---       mlogit(5);
 INPUT ---       mlogit(5);
 INPUT ---       mlogit(5);
 INPUT ---       mlogit(5);
 INPUT ---       mlogit(5);
 INPUT ---       mlogit(5);
 INPUT ---       mlogit(5);
 INPUT ---       mlogit(5);
 INPUT ---       mlogit(5);
 INPUT ---       mlogit(5);
 INPUT ---       mlogit(5);
 INPUT ---       mlogit(5);
 INPUT ---       mlogit(5);
 INPUT ---       mlogit(5);
 INPUT ---       mlogit(5);
 INPUT ---       mlogit(5);

Program  MARK  - Survival Rate Estimation with Capture-Recapture Data
 gfortran(dble/PIM2) Vers. 11.1 Nov 2024  15-Feb-2026 11:48:07    Page  012
 - - - - - - - - - - - - - - - - - - - - - - - - - - - - - - - - - - - - - -
 
 INPUT ---       mlogit(5);
 INPUT ---       mlogit(6);
 INPUT ---       mlogit(6);
 INPUT ---       mlogit(6);
 INPUT ---       mlogit(6);
 INPUT ---       mlogit(6);
 INPUT ---       mlogit(6);
 INPUT ---       mlogit(6);
 INPUT ---       mlogit(6);
 INPUT ---       mlogit(6);
 INPUT ---       mlogit(6);
 INPUT ---       mlogit(6);
 INPUT ---       mlogit(6);
 INPUT ---       mlogit(6);
 INPUT ---       mlogit(6);
 INPUT ---       mlogit(6);
 INPUT ---       mlogit(6);
 INPUT ---       mlogit(6);
 INPUT ---       mlogit(6);
 INPUT ---       mlogit(6);
 INPUT ---       mlogit(6);
 INPUT ---       mlogit(6);
 INPUT ---       mlogit(6);
 INPUT ---       blabel(1)=Phi:(Intercept);
 INPUT ---       blabel(2)=Phi:Seasonhibernation;
 INPUT ---       blabel(3)=p:(Intercept);
 INPUT ---       blabel(4)=pent:(Intercept);
 INPUT ---       blabel(5)=pent:time2.01839684625493;
 INPUT ---       blabel(6)=pent:time2.51116951379763;
 INPUT ---       blabel(7)=pent:time3.00394218134034;
 INPUT ---       blabel(8)=pent:time3.49671484888305;
 INPUT ---       blabel(9)=pent:time4.02233902759527;
 INPUT ---       blabel(10)=pent:time4.51511169513798;
 INPUT ---       blabel(11)=pent:time5.0407358738502;
 INPUT ---       blabel(12)=pent:time5.5335085413929;
 INPUT ---       blabel(13)=pent:time6.35479632063075;
 INPUT ---       blabel(14)=pent:time13.3193166885677;
 INPUT ---       blabel(15)=pent:time14.3377135348226;
 INPUT ---       blabel(16)=pent:time15.323258869908;
 INPUT ---       blabel(17)=pent:time16.0131406044678;
 INPUT ---       blabel(18)=pent:time16.5059132720105;
 INPUT ---       blabel(19)=pent:time17.0315374507227;
 INPUT ---       blabel(20)=pent:time17.5243101182654;
 INPUT ---       blabel(21)=pent:time26.3613666228647;
 INPUT ---       blabel(22)=pent:time27.3469119579501;
 INPUT ---       blabel(23)=pent:time28.365308804205;

Program  MARK  - Survival Rate Estimation with Capture-Recapture Data
 gfortran(dble/PIM2) Vers. 11.1 Nov 2024  15-Feb-2026 11:48:07    Page  013
 - - - - - - - - - - - - - - - - - - - - - - - - - - - - - - - - - - - - - -
 
 INPUT ---       blabel(24)=pent:time29.3837056504599;
 INPUT ---       blabel(25)=pent:time30.3692509855453;
 INPUT ---       blabel(26)=N:(Intercept);
 INPUT ---       blabel(27)=N:groupS1;
 INPUT ---       blabel(28)=N:groupR2;
 INPUT ---       blabel(29)=N:groupS2;
 INPUT ---       blabel(30)=N:groupR3;
 INPUT ---       blabel(31)=N:groupS3;
 INPUT ---       rlabel(1)=Phi gR1 a0 t1;
 INPUT ---       rlabel(2)=Phi gR1 a12.3193166885677 t13.3193166885677;
 INPUT ---       rlabel(3)=p gR1 a0 t1;
 INPUT ---       rlabel(4)=N gR1 a0 t1;
 INPUT ---       rlabel(5)=N gS1 a0 t1;
 INPUT ---       rlabel(6)=N gR2 a0 t1;
 INPUT ---       rlabel(7)=N gS2 a0 t1;
 INPUT ---       rlabel(8)=N gR3 a0 t1;
 INPUT ---       rlabel(9)=N gS3 a0 t1;
 INPUT ---       rlabel(10)=pent gR1 a0.492772667542707 t1.49277266754271;
 INPUT ---       rlabel(11)=pent gR1 a1.01839684625493 t2.01839684625493;
 INPUT ---       rlabel(12)=pent gR1 a1.51116951379763 t2.51116951379763;
 INPUT ---       rlabel(13)=pent gR1 a2.00394218134034 t3.00394218134034;
 INPUT ---       rlabel(14)=pent gR1 a2.49671484888305 t3.49671484888305;
 INPUT ---       rlabel(15)=pent gR1 a3.02233902759527 t4.02233902759527;
 INPUT ---       rlabel(16)=pent gR1 a3.51511169513798 t4.51511169513798;
 INPUT ---       rlabel(17)=pent gR1 a4.0407358738502 t5.0407358738502;
 INPUT ---       rlabel(18)=pent gR1 a4.5335085413929 t5.5335085413929;
 INPUT ---       rlabel(19)=pent gR1 a5.35479632063075 t6.35479632063075;
 INPUT ---       rlabel(20)=pent gR1 a12.3193166885677 t13.3193166885677;
 INPUT ---       rlabel(21)=pent gR1 a13.3377135348226 t14.3377135348226;
 INPUT ---       rlabel(22)=pent gR1 a14.323258869908 t15.323258869908;
 INPUT ---       rlabel(23)=pent gR1 a15.0131406044678 t16.0131406044678;
 INPUT ---       rlabel(24)=pent gR1 a15.5059132720105 t16.5059132720105;
 INPUT ---       rlabel(25)=pent gR1 a16.0315374507227 t17.0315374507227;
 INPUT ---       rlabel(26)=pent gR1 a16.5243101182654 t17.5243101182654;
 INPUT ---       rlabel(27)=pent gR1 a25.3613666228647 t26.3613666228647;
 INPUT ---       rlabel(28)=pent gR1 a26.3469119579501 t27.3469119579501;
 INPUT ---       rlabel(29)=pent gR1 a27.365308804205 t28.365308804205;
 INPUT ---       rlabel(30)=pent gR1 a28.3837056504599 t29.3837056504599;
 INPUT ---       rlabel(31)=pent gR1 a29.3692509855453 t30.3692509855453;
 INPUT ---       rlabel(32)=pent gS1 a0.492772667542707 t1.49277266754271;
 INPUT ---       rlabel(33)=pent gS1 a1.01839684625493 t2.01839684625493;
 INPUT ---       rlabel(34)=pent gS1 a1.51116951379763 t2.51116951379763;
 INPUT ---       rlabel(35)=pent gS1 a2.00394218134034 t3.00394218134034;
 INPUT ---       rlabel(36)=pent gS1 a2.49671484888305 t3.49671484888305;
 INPUT ---       rlabel(37)=pent gS1 a3.02233902759527 t4.02233902759527;
 INPUT ---       rlabel(38)=pent gS1 a3.51511169513798 t4.51511169513798;

Program  MARK  - Survival Rate Estimation with Capture-Recapture Data
 gfortran(dble/PIM2) Vers. 11.1 Nov 2024  15-Feb-2026 11:48:07    Page  014
 - - - - - - - - - - - - - - - - - - - - - - - - - - - - - - - - - - - - - -
 
 INPUT ---       rlabel(39)=pent gS1 a4.0407358738502 t5.0407358738502;
 INPUT ---       rlabel(40)=pent gS1 a4.5335085413929 t5.5335085413929;
 INPUT ---       rlabel(41)=pent gS1 a5.35479632063075 t6.35479632063075;
 INPUT ---       rlabel(42)=pent gS1 a12.3193166885677 t13.3193166885677;
 INPUT ---       rlabel(43)=pent gS1 a13.3377135348226 t14.3377135348226;
 INPUT ---       rlabel(44)=pent gS1 a14.323258869908 t15.323258869908;
 INPUT ---       rlabel(45)=pent gS1 a15.0131406044678 t16.0131406044678;
 INPUT ---       rlabel(46)=pent gS1 a15.5059132720105 t16.5059132720105;
 INPUT ---       rlabel(47)=pent gS1 a16.0315374507227 t17.0315374507227;
 INPUT ---       rlabel(48)=pent gS1 a16.5243101182654 t17.5243101182654;
 INPUT ---       rlabel(49)=pent gS1 a25.3613666228647 t26.3613666228647;
 INPUT ---       rlabel(50)=pent gS1 a26.3469119579501 t27.3469119579501;
 INPUT ---       rlabel(51)=pent gS1 a27.365308804205 t28.365308804205;
 INPUT ---       rlabel(52)=pent gS1 a28.3837056504599 t29.3837056504599;
 INPUT ---       rlabel(53)=pent gS1 a29.3692509855453 t30.3692509855453;
 INPUT ---       rlabel(54)=pent gR2 a0.492772667542707 t1.49277266754271;
 INPUT ---       rlabel(55)=pent gR2 a1.01839684625493 t2.01839684625493;
 INPUT ---       rlabel(56)=pent gR2 a1.51116951379763 t2.51116951379763;
 INPUT ---       rlabel(57)=pent gR2 a2.00394218134034 t3.00394218134034;
 INPUT ---       rlabel(58)=pent gR2 a2.49671484888305 t3.49671484888305;
 INPUT ---       rlabel(59)=pent gR2 a3.02233902759527 t4.02233902759527;
 INPUT ---       rlabel(60)=pent gR2 a3.51511169513798 t4.51511169513798;
 INPUT ---       rlabel(61)=pent gR2 a4.0407358738502 t5.0407358738502;
 INPUT ---       rlabel(62)=pent gR2 a4.5335085413929 t5.5335085413929;
 INPUT ---       rlabel(63)=pent gR2 a5.35479632063075 t6.35479632063075;
 INPUT ---       rlabel(64)=pent gR2 a12.3193166885677 t13.3193166885677;
 INPUT ---       rlabel(65)=pent gR2 a13.3377135348226 t14.3377135348226;
 INPUT ---       rlabel(66)=pent gR2 a14.323258869908 t15.323258869908;
 INPUT ---       rlabel(67)=pent gR2 a15.0131406044678 t16.0131406044678;
 INPUT ---       rlabel(68)=pent gR2 a15.5059132720105 t16.5059132720105;
 INPUT ---       rlabel(69)=pent gR2 a16.0315374507227 t17.0315374507227;
 INPUT ---       rlabel(70)=pent gR2 a16.5243101182654 t17.5243101182654;
 INPUT ---       rlabel(71)=pent gR2 a25.3613666228647 t26.3613666228647;
 INPUT ---       rlabel(72)=pent gR2 a26.3469119579501 t27.3469119579501;
 INPUT ---       rlabel(73)=pent gR2 a27.365308804205 t28.365308804205;
 INPUT ---       rlabel(74)=pent gR2 a28.3837056504599 t29.3837056504599;
 INPUT ---       rlabel(75)=pent gR2 a29.3692509855453 t30.3692509855453;
 INPUT ---       rlabel(76)=pent gS2 a0.492772667542707 t1.49277266754271;
 INPUT ---       rlabel(77)=pent gS2 a1.01839684625493 t2.01839684625493;
 INPUT ---       rlabel(78)=pent gS2 a1.51116951379763 t2.51116951379763;
 INPUT ---       rlabel(79)=pent gS2 a2.00394218134034 t3.00394218134034;
 INPUT ---       rlabel(80)=pent gS2 a2.49671484888305 t3.49671484888305;
 INPUT ---       rlabel(81)=pent gS2 a3.02233902759527 t4.02233902759527;
 INPUT ---       rlabel(82)=pent gS2 a3.51511169513798 t4.51511169513798;
 INPUT ---       rlabel(83)=pent gS2 a4.0407358738502 t5.0407358738502;
 INPUT ---       rlabel(84)=pent gS2 a4.5335085413929 t5.5335085413929;

Program  MARK  - Survival Rate Estimation with Capture-Recapture Data
 gfortran(dble/PIM2) Vers. 11.1 Nov 2024  15-Feb-2026 11:48:07    Page  015
 - - - - - - - - - - - - - - - - - - - - - - - - - - - - - - - - - - - - - -
 
 INPUT ---       rlabel(85)=pent gS2 a5.35479632063075 t6.35479632063075;
 INPUT ---       rlabel(86)=pent gS2 a12.3193166885677 t13.3193166885677;
 INPUT ---       rlabel(87)=pent gS2 a13.3377135348226 t14.3377135348226;
 INPUT ---       rlabel(88)=pent gS2 a14.323258869908 t15.323258869908;
 INPUT ---       rlabel(89)=pent gS2 a15.0131406044678 t16.0131406044678;
 INPUT ---       rlabel(90)=pent gS2 a15.5059132720105 t16.5059132720105;
 INPUT ---       rlabel(91)=pent gS2 a16.0315374507227 t17.0315374507227;
 INPUT ---       rlabel(92)=pent gS2 a16.5243101182654 t17.5243101182654;
 INPUT ---       rlabel(93)=pent gS2 a25.3613666228647 t26.3613666228647;
 INPUT ---       rlabel(94)=pent gS2 a26.3469119579501 t27.3469119579501;
 INPUT ---       rlabel(95)=pent gS2 a27.365308804205 t28.365308804205;
 INPUT ---       rlabel(96)=pent gS2 a28.3837056504599 t29.3837056504599;
 INPUT ---       rlabel(97)=pent gS2 a29.3692509855453 t30.3692509855453;
 INPUT ---       rlabel(98)=pent gR3 a0.492772667542707 t1.49277266754271;
 INPUT ---       rlabel(99)=pent gR3 a1.01839684625493 t2.01839684625493;
 INPUT ---       rlabel(100)=pent gR3 a1.51116951379763 t2.51116951379763;
 INPUT ---       rlabel(101)=pent gR3 a2.00394218134034 t3.00394218134034;
 INPUT ---       rlabel(102)=pent gR3 a2.49671484888305 t3.49671484888305;
 INPUT ---       rlabel(103)=pent gR3 a3.02233902759527 t4.02233902759527;
 INPUT ---       rlabel(104)=pent gR3 a3.51511169513798 t4.51511169513798;
 INPUT ---       rlabel(105)=pent gR3 a4.0407358738502 t5.0407358738502;
 INPUT ---       rlabel(106)=pent gR3 a4.5335085413929 t5.5335085413929;
 INPUT ---       rlabel(107)=pent gR3 a5.35479632063075 t6.35479632063075;
 INPUT ---       rlabel(108)=pent gR3 a12.3193166885677 t13.3193166885677;
 INPUT ---       rlabel(109)=pent gR3 a13.3377135348226 t14.3377135348226;
 INPUT ---       rlabel(110)=pent gR3 a14.323258869908 t15.323258869908;
 INPUT ---       rlabel(111)=pent gR3 a15.0131406044678 t16.0131406044678;
 INPUT ---       rlabel(112)=pent gR3 a15.5059132720105 t16.5059132720105;
 INPUT ---       rlabel(113)=pent gR3 a16.0315374507227 t17.0315374507227;
 INPUT ---       rlabel(114)=pent gR3 a16.5243101182654 t17.5243101182654;
 INPUT ---       rlabel(115)=pent gR3 a25.3613666228647 t26.3613666228647;
 INPUT ---       rlabel(116)=pent gR3 a26.3469119579501 t27.3469119579501;
 INPUT ---       rlabel(117)=pent gR3 a27.365308804205 t28.365308804205;
 INPUT ---       rlabel(118)=pent gR3 a28.3837056504599 t29.3837056504599;
 INPUT ---       rlabel(119)=pent gR3 a29.3692509855453 t30.3692509855453;
 INPUT ---       rlabel(120)=pent gS3 a0.492772667542707 t1.49277266754271;
 INPUT ---       rlabel(121)=pent gS3 a1.01839684625493 t2.01839684625493;
 INPUT ---       rlabel(122)=pent gS3 a1.51116951379763 t2.51116951379763;
 INPUT ---       rlabel(123)=pent gS3 a2.00394218134034 t3.00394218134034;
 INPUT ---       rlabel(124)=pent gS3 a2.49671484888305 t3.49671484888305;
 INPUT ---       rlabel(125)=pent gS3 a3.02233902759527 t4.02233902759527;
 INPUT ---       rlabel(126)=pent gS3 a3.51511169513798 t4.51511169513798;
 INPUT ---       rlabel(127)=pent gS3 a4.0407358738502 t5.0407358738502;
 INPUT ---       rlabel(128)=pent gS3 a4.5335085413929 t5.5335085413929;
 INPUT ---       rlabel(129)=pent gS3 a5.35479632063075 t6.35479632063075;
 INPUT ---       rlabel(130)=pent gS3 a12.3193166885677 t13.3193166885677;

Program  MARK  - Survival Rate Estimation with Capture-Recapture Data
 gfortran(dble/PIM2) Vers. 11.1 Nov 2024  15-Feb-2026 11:48:07    Page  016
 - - - - - - - - - - - - - - - - - - - - - - - - - - - - - - - - - - - - - -
 
 INPUT ---       rlabel(131)=pent gS3 a13.3377135348226 t14.3377135348226;
 INPUT ---       rlabel(132)=pent gS3 a14.323258869908 t15.323258869908;
 INPUT ---       rlabel(133)=pent gS3 a15.0131406044678 t16.0131406044678;
 INPUT ---       rlabel(134)=pent gS3 a15.5059132720105 t16.5059132720105;
 INPUT ---       rlabel(135)=pent gS3 a16.0315374507227 t17.0315374507227;
 INPUT ---       rlabel(136)=pent gS3 a16.5243101182654 t17.5243101182654;
 INPUT ---       rlabel(137)=pent gS3 a25.3613666228647 t26.3613666228647;
 INPUT ---       rlabel(138)=pent gS3 a26.3469119579501 t27.3469119579501;
 INPUT ---       rlabel(139)=pent gS3 a27.365308804205 t28.365308804205;
 INPUT ---       rlabel(140)=pent gS3 a28.3837056504599 t29.3837056504599;
 INPUT ---       rlabel(141)=pent gS3 a29.3692509855453 t30.3692509855453;
   Model is { basic_demo }

 Link Function Used is PARM-SPECIFIC

 Variance Estimation Procedure Used is 2ndPart 

 M(t+1):
      12      5     14      4     74     23

 Group 1 = valleyR.altitude1

 U(t)+UL(t):
       2    0    0    0    1    0    1    0    1    1    1    3    0    0    0
       0    2    0    0    0    0    0    0

 U(t):
       2    0    0    0    1    0    1    0    1    1    1    3    0    0    0
       0    2    0    0    0    0    0    0

 UL(t):
       0    0    0    0    0    0    0    0    0    0    0    0    0    0    0
       0    0    0    0    0    0    0    0

 Not Released(t):
       0    0    0    0    0    0    0    0    0    0    0    0    0    0    0
       0    0    0    0    0    0    0    0

 Group 2 = valleyS.altitude1

 U(t)+UL(t):
       0    0    0    1    1    0    2    0    0    0    0    0    0    0    1
       0    0    0    0    0    0    0    0

 U(t):
       0    0    0    1    1    0    2    0    0    0    0    0    0    0    1
       0    0    0    0    0    0    0    0

 UL(t):
       0    0    0    0    0    0    0    0    0    0    0    0    0    0    0
       0    0    0    0    0    0    0    0

 Not Released(t):
       0    0    0    0    0    0    0    0    0    0    0    0    0    0    0
       0    0    0    0    0    0    0    0

 Group 3 = valleyR.altitude2

 U(t)+UL(t):
       2    0    0    0    1    0    1    0    0    0    1    1    0    1    0
       0    0    2    3    0    0    0    2

 U(t):
       2    0    0    0    1    0    1    0    0    0    1    1    0    1    0
       0    0    2    3    0    0    0    2

 UL(t):
       0    0    0    0    0    0    0    0    0    0    0    0    0    0    0
       0    0    0    0    0    0    0    0

 Not Released(t):
       0    0    0    0    0    0    0    0    0    0    0    0    0    0    0
       0    0    0    0    0    0    0    0

 Group 4 = valleyS.altitude2

 U(t)+UL(t):
       0    0    0    1    0    1    0    0    0    0    0    2    0    0    0
       0    0    0    0    0    0    0    0

 U(t):
       0    0    0    1    0    1    0    0    0    0    0    2    0    0    0
       0    0    0    0    0    0    0    0

 UL(t):
       0    0    0    0    0    0    0    0    0    0    0    0    0    0    0
       0    0    0    0    0    0    0    0

 Not Released(t):
       0    0    0    0    0    0    0    0    0    0    0    0    0    0    0
       0    0    0    0    0    0    0    0

 Group 5 = valleyR.altitude3

 U(t)+UL(t):
       3    6    2    2    1    0    4    1    3    0    0    9    2    0    5
       6    2    2   10    1    9    6    0

 U(t):
       3    6    2    2    1    0    4    1    3    0    0    9    2    0    5
       6    2    2   10    1    9    6    0

 UL(t):
       0    0    0    0    0    0    0    0    0    0    0    0    0    0    0
       0    0    0    0    0    0    0    0

 Not Released(t):
       0    0    0    0    0    0    0    0    0    0    0    0    0    0    0
       0    0    0    0    0    0    0    0

 Group 6 = valleyS.altitude3

 U(t)+UL(t):
       0    1    1    0    0    1    1    2    3    4    0    1    3    0    1
       1    1    0    0    2    1    0    0

 U(t):
       0    1    1    0    0    1    1    2    3    4    0    1    3    0    1
       1    1    0    0    2    1    0    0

 UL(t):
       0    0    0    0    0    0    0    0    0    0    0    0    0    0    0
       0    0    0    0    0    0    0    0

 Not Released(t):
       0    0    0    0    0    0    0    0    0    0    0    0    0    0    0
       0    0    0    0    0    0    0    0


 -2logL(saturated) = 760.43885     
 Effective Sample Size = 224

 Number of function evaluations was 80 for 31 parameters.
 For numerical optimization, CPU Time was 0.812 secs and System Time was 0.312 secs.
 -2logL { basic_demo } = 906.80005     
 Penalty { basic_demo } = 0.0000000     
 Gradient { basic_demo }:
 -1.30098E-04  4.43267E-05 -1.35071E-04  1.02054E-04   0.0000    
   0.0000      1.08349E-05   0.0000      3.08859E-05   0.0000    
  1.89407E-05  4.87712E-06   0.0000     -4.38242E-05   0.0000    
   0.0000      2.91697E-05  3.46515E-06   0.0000     -1.25836E-05
  6.58509E-05   0.0000     -1.04132E-05   0.0000       0.0000    
  5.72144E-05 -6.26467E-05  5.25623E-05   0.0000     -5.33622E-05
  1.04831E-04
 Maximum ABS(G) { basic_demo } =  1.35071E-04
 To compute VC matrix, CPU Time was 0.344 secs and System Time was 0.219 secs.
 S Vector { basic_demo }:
   216.8764      42.81862      34.33249      20.33060      16.63619    
   14.35510      9.135312      7.392021      4.797044      3.537507    
   2.697906      2.241869      1.564757     0.6694414     0.5674869    
  0.1209838     0.8840407E-01 0.3833703E-02 0.1726376E-04 0.7137655E-05
  0.4305309E-05 0.3403129E-05 0.3041290E-05 0.2873186E-05 0.1323498E-05
  0.8258321E-06 0.4141082E-06 0.2647405E-07 0.1395460E-07 0.2036270E-08
  0.1368775E-08
 To invert VC matrix, CPU Time was 0.001 secs and System Time was 0.001 secs.
 Ratio Threshold = 50.00 Max Gap (18/19) = 222.1 Next Max Gap (17/18) = 23.06
 Gap Method for Num. of Estimated Parameters { basic_demo } = 18          

Program  MARK  - Survival Rate Estimation with Capture-Recapture Data
 gfortran(dble/PIM2) Vers. 11.1 Nov 2024  15-Feb-2026 11:48:08    Page  017
 - - - - - - - - - - - - - - - - - - - - - - - - - - - - - - - - - - - - - -
 
 Threshold { basic_demo } = 0.2701421E-03           
 Numerical Threshold Method for Num. of Estimated Parameters { basic_demo } = 18          
 Number of Estimated Parameters { basic_demo } = 18          
 DEVIANCE { basic_demo } = 146.36120               
 DEVIANCE Degrees of Freedom { basic_demo } = 66          
 c-hat { basic_demo } = 2.2175939               
 AIC { basic_demo } = 942.80005               
 AICc { basic_demo } = 946.13664               
 BIC { basic_demo } = 1004.2097               
 Pearson Chisquare { basic_demo } = 0.1959001E+09           
 Possible Encounter Histories { basic_demo } = 50331642          
 Pearson Chisquare df { basic_demo } = 50331618          
 Pearson chat { basic_demo } = 3.8921877               
 Sum(Observed/Expected) { basic_demo } = 0.1959002E+09           
 s-bar { basic_demo } = 2.8921872               
 Fletcher chat { basic_demo } = 1.0000001               


                 PARM-SPECIFIC Link Function Parameters of { basic_demo }
                                                              95% Confidence Interval
    Parameter                  Beta         Standard Error     Lower           Upper
 -------------------------  --------------  --------------  --------------  --------------
    1:Phi:(Intercept)        2.5186165       0.3011533       1.9283560       3.1088770    
    2:Phi:Seasonhibernatio  -2.4423443       0.6053071      -3.6287461      -1.2559424    
    3:p:(Intercept)         -1.5982785       0.1411988      -1.8750280      -1.3215289    
    4:pent:(Intercept)      -14.250788       0.0000000      -14.250788      -14.250788    
    5:pent:time2.018396846  -9.0162056       3505.4523      -6879.7029       6861.6705    
    6:pent:time2.511169513   11.474230       0.0000000       11.474230       11.474230    
    7:pent:time3.003942181   10.266412       0.0000000       10.266412       10.266412    
    8:pent:time3.496714848  -3.1757195       589.77895      -1159.1425       1152.7911    
    9:pent:time4.022339027   13.821128       0.0000000       13.821128       13.821128    
   10:pent:time4.515111695  -5.2140955       1041.8749      -2047.2890       2036.8608    
   11:pent:time5.040735873   12.695379       0.0000000       12.695379       12.695379    
   12:pent:time5.533508541  -2.1286505       0.0000000      -2.1286505      -2.1286505    
   13:pent:time6.354796320  -7.4814913       1444.4955      -2838.6927       2823.7297    
   14:pent:time13.31931668   14.668180       0.0000000       14.668180       14.668180    
   15:pent:time14.33771353  -20.641250       22160.640      -43455.496       43414.213    
   16:pent:time15.32325886  -14.387077       0.0000000      -14.387077      -14.387077    
   17:pent:time16.01314060   13.646936       0.0000000       13.646936       13.646936    
   18:pent:time16.50591327   12.210483       0.0000000       12.210483       12.210483    
   19:pent:time17.03153745   1.8278445       844.12044      -1652.6482       1656.3039    
   20:pent:time17.52431011  -0.2125980       332.90946      -652.71516       652.28996    
   21:pent:time26.36136662   14.525050       0.0000000       14.525050       14.525050    
   22:pent:time27.34691195  -25.395751       27029.249      -53002.726       52951.934    
   23:pent:time28.36530880   13.653247       0.0000000       13.653247       13.653247    
   24:pent:time29.38370565   0.1978519       0.0000000       0.1978519       0.1978519    

Program  MARK  - Survival Rate Estimation with Capture-Recapture Data
 gfortran(dble/PIM2) Vers. 11.1 Nov 2024  15-Feb-2026 11:48:08    Page  018
 - - - - - - - - - - - - - - - - - - - - - - - - - - - - - - - - - - - - - -
 
   25:pent:time30.36925098  -5.1414269       1817.8885      -3568.2030       3557.9202    
   26:N:(Intercept)          2.3336862       0.4748068       1.4030649       3.2643076    
   27:N:groupS1             -0.9485514       0.8556783      -2.6256808       0.7285781    
   28:N:groupR2              0.1611967       0.5974747      -1.0098539       1.3322472    
   29:N:groupS2             -1.2054185       0.9565519      -3.0802603       0.6694234    
   30:N:groupR3              1.8594759       0.4716559       0.9350304       2.7839215    
   31:N:groupS3              0.6738972       0.5383400      -0.3812492       1.7290436    


                        Real Function Parameters of { basic_demo }
                                                               95% Confidence Interval
     Parameter                Estimate       Standard Error     Lower           Upper
 --------------------------  --------------  --------------  --------------  --------------
     1:Phi gR1 a0 t1          0.9254366       0.0207807       0.8730673       0.9572574       
     2:Phi gR1 a12.31931668   0.5190588       0.0991288       0.3313627       0.7015255       
     3:p gR1 a0 t1            0.1682224       0.0197570       0.1329610       0.2105640       
     4:N gR1 a0 t1            22.315898       4.8980587       16.262872       36.963864       
     5:N gS1 a0 t1            8.9953646       3.0313702       6.0655777       19.980549       
     6:N gR2 a0 t1            26.120314       5.3522950       19.299450       41.720238       
     7:N gS2 a0 t1            7.0902987       2.6957020       4.7074485       17.499138       
     8:N gR3 a0 t1            140.23189       16.005012       115.52227       179.64604       
     9:N gS3 a0 t1            43.238432       7.2068618       33.281606       62.837564       
    10:pent gR1 a0.49277266   0.1077917E-06   0.0000000       0.1077917E-06   0.1077917E-06   
    11:pent gR1 a1.01839684   0.1308872E-10   0.4681660E-07  -0.9174745E-07   0.9177363E-07   
    12:pent gR1 a1.51116951   0.0103700       0.0523207       0.4792852E-06   0.9956540       
    13:pent gR1 a2.00394218   0.0030991       0.0503102       0.4275513E-16   1.0000000       
    14:pent gR1 a2.49671484   0.4501818E-08   0.2288267E-05  -0.4480501E-05   0.4489505E-05   
    15:pent gR1 a3.02233902   0.1083989       0.0507151       0.0416590       0.2537491       
    16:pent gR1 a3.51511169   0.5863171E-09   0.6213125E-06  -0.1217186E-05   0.1218359E-05   
    17:pent gR1 a4.04073587   0.0351657       0.0471953       0.0023801       0.3576616       
    18:pent gR1 a4.53350854   0.1282698E-07   0.0000000       0.1282698E-07   0.1282698E-07   
    19:pent gR1 a5.35479632   0.6073164E-10   0.8052532E-07  -0.1577689E-06   0.1578904E-06   
    20:pent gR1 a12.3193166   0.2528687       0.0583106       0.1559983       0.3826226       
    21:pent gR1 a13.3377135   0.1170051E-15   0.2592839E-11  -0.5081848E-11   0.5082082E-11   
    22:pent gR1 a14.3232588   0.6086354E-13   0.0000000       0.6086354E-13   0.6086354E-13   
    23:pent gR1 a15.0131406   0.0910698       0.0659463       0.0205901       0.3231914       
    24:pent gR1 a15.5059132   0.0216536       0.0640972       0.5882264E-04   0.8927883       
    25:pent gR1 a16.0315374   0.6705146E-06   0.6179299E-03  0.3729864E-314   1.0000000       
    26:pent gR1 a16.5243101   0.8714757E-07   0.1400370E-04  0.1440732E-143   1.0000000       
    27:pent gR1 a25.3613666   0.2191464       0.0608555       0.1226384       0.3604027       
    28:pent gR1 a26.3469119   0.1007745E-17   0.2723812E-13  -0.5338571E-13   0.5338772E-13   
    29:pent gR1 a27.3653088   0.0916464       0.0471343       0.0321881       0.2343424       
    30:pent gR1 a28.3837056   0.1313746E-06   0.0000000       0.1313746E-06   0.1313746E-06   
    31:pent gR1 a29.3692509   0.6305102E-09   0.1094338E-05  -0.2144273E-05   0.2145534E-05   
    32:pent gS1 a0.49277266   0.1077917E-06   0.0000000       0.1077917E-06   0.1077917E-06   
    33:pent gS1 a1.01839684   0.1308872E-10   0.4681660E-07  -0.9174745E-07   0.9177363E-07   
    34:pent gS1 a1.51116951   0.0103700       0.0523207       0.4792852E-06   0.9956540       

Program  MARK  - Survival Rate Estimation with Capture-Recapture Data
 gfortran(dble/PIM2) Vers. 11.1 Nov 2024  15-Feb-2026 11:48:08    Page  019
 - - - - - - - - - - - - - - - - - - - - - - - - - - - - - - - - - - - - - -
 
    35:pent gS1 a2.00394218   0.0030991       0.0503102       0.4275513E-16   1.0000000       
    36:pent gS1 a2.49671484   0.4501818E-08   0.2288267E-05  -0.4480501E-05   0.4489505E-05   
    37:pent gS1 a3.02233902   0.1083989       0.0507151       0.0416590       0.2537491       
    38:pent gS1 a3.51511169   0.5863171E-09   0.6213125E-06  -0.1217186E-05   0.1218359E-05   
    39:pent gS1 a4.04073587   0.0351657       0.0471953       0.0023801       0.3576616       
    40:pent gS1 a4.53350854   0.1282698E-07   0.0000000       0.1282698E-07   0.1282698E-07   
    41:pent gS1 a5.35479632   0.6073164E-10   0.8052532E-07  -0.1577689E-06   0.1578904E-06   
    42:pent gS1 a12.3193166   0.2528687       0.0583106       0.1559983       0.3826226       
    43:pent gS1 a13.3377135   0.1170051E-15   0.2592839E-11  -0.5081848E-11   0.5082082E-11   
    44:pent gS1 a14.3232588   0.6086354E-13   0.0000000       0.6086354E-13   0.6086354E-13   
    45:pent gS1 a15.0131406   0.0910698       0.0659463       0.0205901       0.3231914       
    46:pent gS1 a15.5059132   0.0216536       0.0640972       0.5882264E-04   0.8927883       
    47:pent gS1 a16.0315374   0.6705146E-06   0.6179299E-03  0.3729864E-314   1.0000000       
    48:pent gS1 a16.5243101   0.8714757E-07   0.1400370E-04  0.1440732E-143   1.0000000       
    49:pent gS1 a25.3613666   0.2191464       0.0608555       0.1226384       0.3604027       
    50:pent gS1 a26.3469119   0.1007745E-17   0.2723812E-13  -0.5338571E-13   0.5338772E-13   
    51:pent gS1 a27.3653088   0.0916464       0.0471343       0.0321881       0.2343424       
    52:pent gS1 a28.3837056   0.1313746E-06   0.0000000       0.1313746E-06   0.1313746E-06   
    53:pent gS1 a29.3692509   0.6305102E-09   0.1094338E-05  -0.2144273E-05   0.2145534E-05   
    54:pent gR2 a0.49277266   0.1077917E-06   0.0000000       0.1077917E-06   0.1077917E-06   
    55:pent gR2 a1.01839684   0.1308872E-10   0.4681660E-07  -0.9174745E-07   0.9177363E-07   
    56:pent gR2 a1.51116951   0.0103700       0.0523207       0.4792852E-06   0.9956540       
    57:pent gR2 a2.00394218   0.0030991       0.0503102       0.4275513E-16   1.0000000       
    58:pent gR2 a2.49671484   0.4501818E-08   0.2288267E-05  -0.4480501E-05   0.4489505E-05   
    59:pent gR2 a3.02233902   0.1083989       0.0507151       0.0416590       0.2537491       
    60:pent gR2 a3.51511169   0.5863171E-09   0.6213125E-06  -0.1217186E-05   0.1218359E-05   
    61:pent gR2 a4.04073587   0.0351657       0.0471953       0.0023801       0.3576616       
    62:pent gR2 a4.53350854   0.1282698E-07   0.0000000       0.1282698E-07   0.1282698E-07   
    63:pent gR2 a5.35479632   0.6073164E-10   0.8052532E-07  -0.1577689E-06   0.1578904E-06   
    64:pent gR2 a12.3193166   0.2528687       0.0583106       0.1559983       0.3826226       
    65:pent gR2 a13.3377135   0.1170051E-15   0.2592839E-11  -0.5081848E-11   0.5082082E-11   
    66:pent gR2 a14.3232588   0.6086354E-13   0.0000000       0.6086354E-13   0.6086354E-13   
    67:pent gR2 a15.0131406   0.0910698       0.0659463       0.0205901       0.3231914       
    68:pent gR2 a15.5059132   0.0216536       0.0640972       0.5882264E-04   0.8927883       
    69:pent gR2 a16.0315374   0.6705146E-06   0.6179299E-03  0.3729864E-314   1.0000000       
    70:pent gR2 a16.5243101   0.8714757E-07   0.1400370E-04  0.1440732E-143   1.0000000       
    71:pent gR2 a25.3613666   0.2191464       0.0608555       0.1226384       0.3604027       
    72:pent gR2 a26.3469119   0.1007745E-17   0.2723812E-13  -0.5338571E-13   0.5338772E-13   
    73:pent gR2 a27.3653088   0.0916464       0.0471343       0.0321881       0.2343424       
    74:pent gR2 a28.3837056   0.1313746E-06   0.0000000       0.1313746E-06   0.1313746E-06   
    75:pent gR2 a29.3692509   0.6305102E-09   0.1094338E-05  -0.2144273E-05   0.2145534E-05   
    76:pent gS2 a0.49277266   0.1077917E-06   0.0000000       0.1077917E-06   0.1077917E-06   
    77:pent gS2 a1.01839684   0.1308872E-10   0.4681660E-07  -0.9174745E-07   0.9177363E-07   
    78:pent gS2 a1.51116951   0.0103700       0.0523207       0.4792852E-06   0.9956540       
    79:pent gS2 a2.00394218   0.0030991       0.0503102       0.4275513E-16   1.0000000       
    80:pent gS2 a2.49671484   0.4501818E-08   0.2288267E-05  -0.4480501E-05   0.4489505E-05   

Program  MARK  - Survival Rate Estimation with Capture-Recapture Data
 gfortran(dble/PIM2) Vers. 11.1 Nov 2024  15-Feb-2026 11:48:08    Page  020
 - - - - - - - - - - - - - - - - - - - - - - - - - - - - - - - - - - - - - -
 
    81:pent gS2 a3.02233902   0.1083989       0.0507151       0.0416590       0.2537491       
    82:pent gS2 a3.51511169   0.5863171E-09   0.6213125E-06  -0.1217186E-05   0.1218359E-05   
    83:pent gS2 a4.04073587   0.0351657       0.0471953       0.0023801       0.3576616       
    84:pent gS2 a4.53350854   0.1282698E-07   0.0000000       0.1282698E-07   0.1282698E-07   
    85:pent gS2 a5.35479632   0.6073164E-10   0.8052532E-07  -0.1577689E-06   0.1578904E-06   
    86:pent gS2 a12.3193166   0.2528687       0.0583106       0.1559983       0.3826226       
    87:pent gS2 a13.3377135   0.1170051E-15   0.2592839E-11  -0.5081848E-11   0.5082082E-11   
    88:pent gS2 a14.3232588   0.6086354E-13   0.0000000       0.6086354E-13   0.6086354E-13   
    89:pent gS2 a15.0131406   0.0910698       0.0659463       0.0205901       0.3231914       
    90:pent gS2 a15.5059132   0.0216536       0.0640972       0.5882264E-04   0.8927883       
    91:pent gS2 a16.0315374   0.6705146E-06   0.6179299E-03  0.3729864E-314   1.0000000       
    92:pent gS2 a16.5243101   0.8714757E-07   0.1400370E-04  0.1440732E-143   1.0000000       
    93:pent gS2 a25.3613666   0.2191464       0.0608555       0.1226384       0.3604027       
    94:pent gS2 a26.3469119   0.1007745E-17   0.2723812E-13  -0.5338571E-13   0.5338772E-13   
    95:pent gS2 a27.3653088   0.0916464       0.0471343       0.0321881       0.2343424       
    96:pent gS2 a28.3837056   0.1313746E-06   0.0000000       0.1313746E-06   0.1313746E-06   
    97:pent gS2 a29.3692509   0.6305102E-09   0.1094338E-05  -0.2144273E-05   0.2145534E-05   
    98:pent gR3 a0.49277266   0.1077917E-06   0.0000000       0.1077917E-06   0.1077917E-06   
    99:pent gR3 a1.01839684   0.1308872E-10   0.4681660E-07  -0.9174745E-07   0.9177363E-07   
   100:pent gR3 a1.51116951   0.0103700       0.0523207       0.4792852E-06   0.9956540       
   101:pent gR3 a2.00394218   0.0030991       0.0503102       0.4275513E-16   1.0000000       
   102:pent gR3 a2.49671484   0.4501818E-08   0.2288267E-05  -0.4480501E-05   0.4489505E-05   
   103:pent gR3 a3.02233902   0.1083989       0.0507151       0.0416590       0.2537491       
   104:pent gR3 a3.51511169   0.5863171E-09   0.6213125E-06  -0.1217186E-05   0.1218359E-05   
   105:pent gR3 a4.04073587   0.0351657       0.0471953       0.0023801       0.3576616       
   106:pent gR3 a4.53350854   0.1282698E-07   0.0000000       0.1282698E-07   0.1282698E-07   
   107:pent gR3 a5.35479632   0.6073164E-10   0.8052532E-07  -0.1577689E-06   0.1578904E-06   
   108:pent gR3 a12.3193166   0.2528687       0.0583106       0.1559983       0.3826226       
   109:pent gR3 a13.3377135   0.1170051E-15   0.2592839E-11  -0.5081848E-11   0.5082082E-11   
   110:pent gR3 a14.3232588   0.6086354E-13   0.0000000       0.6086354E-13   0.6086354E-13   
   111:pent gR3 a15.0131406   0.0910698       0.0659463       0.0205901       0.3231914       
   112:pent gR3 a15.5059132   0.0216536       0.0640972       0.5882264E-04   0.8927883       
   113:pent gR3 a16.0315374   0.6705146E-06   0.6179299E-03  0.3729864E-314   1.0000000       
   114:pent gR3 a16.5243101   0.8714757E-07   0.1400370E-04  0.1440732E-143   1.0000000       
   115:pent gR3 a25.3613666   0.2191464       0.0608555       0.1226384       0.3604027       
   116:pent gR3 a26.3469119   0.1007745E-17   0.2723812E-13  -0.5338571E-13   0.5338772E-13   
   117:pent gR3 a27.3653088   0.0916464       0.0471343       0.0321881       0.2343424       
   118:pent gR3 a28.3837056   0.1313746E-06   0.0000000       0.1313746E-06   0.1313746E-06   
   119:pent gR3 a29.3692509   0.6305102E-09   0.1094338E-05  -0.2144273E-05   0.2145534E-05   
   120:pent gS3 a0.49277266   0.1077917E-06   0.0000000       0.1077917E-06   0.1077917E-06   
   121:pent gS3 a1.01839684   0.1308872E-10   0.4681660E-07  -0.9174745E-07   0.9177363E-07   
   122:pent gS3 a1.51116951   0.0103700       0.0523207       0.4792852E-06   0.9956540       
   123:pent gS3 a2.00394218   0.0030991       0.0503102       0.4275513E-16   1.0000000       
   124:pent gS3 a2.49671484   0.4501818E-08   0.2288267E-05  -0.4480501E-05   0.4489505E-05   
   125:pent gS3 a3.02233902   0.1083989       0.0507151       0.0416590       0.2537491       
   126:pent gS3 a3.51511169   0.5863171E-09   0.6213125E-06  -0.1217186E-05   0.1218359E-05   

Program  MARK  - Survival Rate Estimation with Capture-Recapture Data
 gfortran(dble/PIM2) Vers. 11.1 Nov 2024  15-Feb-2026 11:48:08    Page  021
 - - - - - - - - - - - - - - - - - - - - - - - - - - - - - - - - - - - - - -
 
   127:pent gS3 a4.04073587   0.0351657       0.0471953       0.0023801       0.3576616       
   128:pent gS3 a4.53350854   0.1282698E-07   0.0000000       0.1282698E-07   0.1282698E-07   
   129:pent gS3 a5.35479632   0.6073164E-10   0.8052532E-07  -0.1577689E-06   0.1578904E-06   
   130:pent gS3 a12.3193166   0.2528687       0.0583106       0.1559983       0.3826226       
   131:pent gS3 a13.3377135   0.1170051E-15   0.2592839E-11  -0.5081848E-11   0.5082082E-11   
   132:pent gS3 a14.3232588   0.6086354E-13   0.0000000       0.6086354E-13   0.6086354E-13   
   133:pent gS3 a15.0131406   0.0910698       0.0659463       0.0205901       0.3231914       
   134:pent gS3 a15.5059132   0.0216536       0.0640972       0.5882264E-04   0.8927883       
   135:pent gS3 a16.0315374   0.6705146E-06   0.6179299E-03  0.3729864E-314   1.0000000       
   136:pent gS3 a16.5243101   0.8714757E-07   0.1400370E-04  0.1440732E-143   1.0000000       
   137:pent gS3 a25.3613666   0.2191464       0.0608555       0.1226384       0.3604027       
   138:pent gS3 a26.3469119   0.1007745E-17   0.2723812E-13  -0.5338571E-13   0.5338772E-13   
   139:pent gS3 a27.3653088   0.0916464       0.0471343       0.0321881       0.2343424       
   140:pent gS3 a28.3837056   0.1313746E-06   0.0000000       0.1313746E-06   0.1313746E-06   
   141:pent gS3 a29.3692509   0.6305102E-09   0.1094338E-05  -0.2144273E-05   0.2145534E-05   


                     Estimates of Derived Parameters

           Gross Birth+Immigration Estimates of { basic_demo }
                                                95% Confidence Interval
 Grp. Occ.     B*-hat        Standard Error      Lower           Upper
 ---- ----   --------------  --------------  --------------  --------------
   1     1    0.2451688E-05   0.0000000       0.2451688E-05   0.2451688E-05
   1     2    0.2980753E-09   0.1066186E-05   0.1073721E-12   0.8274854E-06
   1     3    0.2358631       1.1897958       0.0067950       8.1871345    
   1     4    0.0704874       1.1441681       0.6882765E-03   7.2187145    
   1     5    0.1023924E-06   0.5204593E-04   0.1012328E-09   0.1035653E-03
   1     6    2.4686172       1.2506790       0.9673524       6.2997424    
   1     7    0.1333559E-07   0.1413160E-04   0.8868585E-11   0.2005257E-04
   1     8    0.8008433       1.0855982       0.1082041       5.9272217    
   1     9    0.2917454E-06   0.0000000       0.2917454E-06   0.2917454E-06
   1    10    0.1398864E-08   0.1854795E-05   0.8277645E-12   0.2363984E-05
   1    11    7.3019929       2.4193199       3.8790422       13.745430    
   1    12    0.3579235E-14   0.7931950E-10   0.5570217E-18   0.2299896E-10
   1    13    0.1410748E-11   0.0000000       0.1410748E-11   0.1410748E-11
   1    14    2.0871109       1.5599355       0.5655557       7.7022151    
   1    15    0.4925048       1.4614569       0.0254843       9.5180487    
   1    16    0.1526993E-04   0.0140724       0.1093170E-07   0.0213298    
   1    17    0.1982143E-05   0.3185062E-03   0.3837419E-08   0.0010238    
   1    18    6.7545153       2.5128792       3.3351985       13.679389    
   1    19    0.3053283E-16   0.8253182E-12   0.4357517E-20   0.2139415E-12

Program  MARK  - Survival Rate Estimation with Capture-Recapture Data
 gfortran(dble/PIM2) Vers. 11.1 Nov 2024  15-Feb-2026 11:48:08    Page  022
 - - - - - - - - - - - - - - - - - - - - - - - - - - - - - - - - - - - - - -
 
   1    20    2.1269299       1.1962025       0.7612225       5.9428496    
   1    21    0.3048943E-05   0.0000000       0.3048943E-05   0.3048943E-05
   1    22    0.1461451E-07   0.2536561E-04   0.7534044E-11   0.2834919E-04
   2     1    0.9882561E-06   0.0000000       0.9882561E-06   0.9882561E-06
   2     2    0.1201518E-09   0.4297710E-06   0.4328087E-13   0.3335529E-06
   2     3    0.0950746       0.4801922       0.0027355       3.3044344    
   2     4    0.0284129       0.4612588       0.2774122E-03   2.9100870    
   2     5    0.4127357E-07   0.2097933E-04   0.4080612E-10   0.4174638E-04
   2     6    0.9950803       0.5643891       0.3534365       2.8015921    
   2     7    0.5375472E-08   0.5696337E-05   0.3574858E-11   0.8083035E-05
   2     8    0.3228137       0.4452576       0.0426848       2.4413528    
   2     9    0.1176003E-06   0.0000000       0.1176003E-06   0.1176003E-06
   2    10    0.5638713E-09   0.7476540E-06   0.3336653E-12   0.9529037E-06
   2    11    2.9433764       1.2328457       1.3384948       6.4725427    
   2    12    0.1442762E-14   0.3197307E-10   0.2245311E-18   0.9270703E-11
   2    13    0.5686616E-12   0.0000000       0.5686616E-12   0.5686616E-12
   2    14    0.8412981       0.6643243       0.2149745       3.2924030    
   2    15    0.1985249       0.5912769       0.0102285       3.8531516    
   2    16    0.6155190E-05   0.0056725       0.4406483E-08   0.0085979    
   2    17    0.7989864E-06   0.1283886E-03   0.1546824E-08   0.4127032E-03
   2    18    2.7226925       1.2299211       1.1699983       6.3359529    
   2    19    0.1230755E-16   0.3326793E-12   0.1756481E-20   0.8623815E-13
   2    20    0.8573489       0.5297702       0.2812441       2.6135554    
   2    21    0.1229005E-05   0.0000000       0.1229005E-05   0.1229005E-05
   2    22    0.5890997E-08   0.1022468E-04   0.3036914E-11   0.1142734E-04
   3     1    0.2869651E-05   0.0000000       0.2869651E-05   0.2869651E-05
   3     2    0.3488911E-09   0.1247949E-05   0.1256769E-12   0.9685550E-06
   3     3    0.2760731       1.3924684       0.0079544       9.5817021    
   3     4    0.0825041       1.3392113       0.8056211E-03   8.4492854    
   3     5    0.1198482E-06   0.6091876E-04   0.1184909E-09   0.1212212E-03
   3     6    2.8894672       1.4462470       1.1437778       7.2995123    
   3     7    0.1560904E-07   0.1654075E-04   0.1038050E-10   0.2347113E-04
   3     8    0.9373711       1.2685457       0.1269145       6.9232770    
   3     9    0.3414821E-06   0.0000000       0.3414821E-06   0.3414821E-06
   3    10    0.1637343E-08   0.2171002E-05   0.9688815E-12   0.2766997E-05
   3    11    8.5468371       2.7504550       4.6195060       15.813038    
   3    12    0.4189423E-14   0.9284189E-10   0.6519828E-18   0.2691983E-10
   3    13    0.1651253E-11   0.0000000       0.1651253E-11   0.1651253E-11
   3    14    2.4429217       1.8158108       0.6658355       8.9629743    
   3    15    0.5764671       1.7100097       0.0298410       11.136161    
   3    16    0.1787315E-04   0.0164715       0.1279534E-07   0.0249661    
   3    17    0.2320059E-05   0.3728076E-03   0.4491604E-08   0.0011984    
   3    18    7.9060255       2.8745111       3.9629961       15.772218    
   3    19    0.3573807E-16   0.9660185E-12   0.5100387E-20   0.2504143E-12
   3    20    2.4895291       1.3863451       0.8989263       6.8946193    
   3    21    0.3568727E-05   0.0000000       0.3568727E-05   0.3568727E-05

Program  MARK  - Survival Rate Estimation with Capture-Recapture Data
 gfortran(dble/PIM2) Vers. 11.1 Nov 2024  15-Feb-2026 11:48:08    Page  023
 - - - - - - - - - - - - - - - - - - - - - - - - - - - - - - - - - - - - - -
 
   3    22    0.1710600E-07   0.2968995E-04   0.8818446E-11   0.3318216E-04
   4     1    0.7789602E-06   0.0000000       0.7789602E-06   0.7789602E-06
   4     2    0.9470569E-10   0.3387528E-06   0.3411471E-13   0.2629120E-06
   4     3    0.0749394       0.3787177       0.0021548       2.6062034    
   4     4    0.0223955       0.3635920       0.2186511E-03   2.2938840    
   4     5    0.3253253E-07   0.1653625E-04   0.3216408E-10   0.3290520E-04
   4     6    0.7843392       0.4656762       0.2671505       2.3027764    
   4     7    0.4237038E-08   0.4489950E-05   0.2817763E-11   0.6371186E-05
   4     8    0.2544472       0.3537851       0.0333107       1.9436219    
   4     9    0.9269453E-07   0.0000000       0.9269453E-07   0.9269453E-07
   4    10    0.4444529E-09   0.5893133E-06   0.2630007E-12   0.7510947E-06
   4    11    2.3200191       1.0544086       0.9922922       5.4242980    
   4    12    0.1137209E-14   0.2520172E-10   0.1769792E-18   0.7307325E-11
   4    13    0.4482287E-12   0.0000000       0.4482287E-12   0.4482287E-12
   4    14    0.6631254       0.5363902       0.1650700       2.6639332    
   4    15    0.1564807       0.4668638       0.0080460       3.0432593    
   4    16    0.4851625E-05   0.0044711       0.3473264E-08   0.0067770    
   4    17    0.6297746E-06   0.1011975E-03   0.1219238E-08   0.3252985E-03
   4    18    2.1460723       1.0407232       0.8718601       5.2825290    
   4    19    0.9701016E-17   0.2622235E-12   0.1384488E-20   0.6797437E-13
   4    20    0.6757769       0.4342179       0.2134899       2.1390912    
   4    21    0.9687227E-06   0.0000000       0.9687227E-06   0.9687227E-06
   4    22    0.4643383E-08   0.8059267E-05   0.2393747E-11   0.9007221E-05
   5     1    0.1540627E-04   0.0000000       0.1540627E-04   0.1540627E-04
   5     2    0.1873089E-08   0.6699851E-05   0.6747206E-12   0.5199873E-05
   5     3    1.4821509       7.4716202       0.0427290       51.411709    
   5     4    0.4429389       7.1894418       0.0043253       45.359672    
   5     5    0.6434282E-06   0.3270539E-03   0.6361411E-09   0.6507988E-03
   5     6    15.512656       7.3045671       6.4529533       37.291841    
   5     7    0.8380013E-07   0.8880221E-04   0.5572971E-10   0.1260093E-03
   5     8    5.0324556       6.7567634       0.6880943       36.805433    
   5     9    0.1833312E-05   0.0000000       0.1833312E-05   0.1833312E-05
   5    10    0.8790388E-08   0.1165544E-04   0.5201626E-11   0.1485515E-04
   5    11    45.885328       12.522508       27.134915       77.592405    
   5    12    0.2249172E-13   0.4984394E-09   0.3500294E-17   0.1445242E-09
   5    13    0.8865065E-11   0.0000000       0.8865065E-11   0.8865065E-11
   5    14    13.115292       9.4914976       3.6758761       46.794525    
   5    15    3.0948736       9.1654518       0.1605140       59.672336    
   5    16    0.9595542E-04   0.0884303       0.6869420E-07   0.1340352    
   5    17    0.1245568E-04   0.0020015       0.2411408E-07   0.0064338    
   5    18    42.445008       13.629815       22.970187       78.431174    
   5    19    0.1918666E-15   0.5186255E-11   0.2738240E-19   0.1344397E-11
   5    20    13.365512       7.0860740       5.0388561       35.451879    
   5    21    0.1915939E-04   0.0000000       0.1915939E-04   0.1915939E-04
   5    22    0.9183681E-07   0.1593961E-03   0.4734352E-10   0.1781448E-03
   6     1    0.4750296E-05   0.0000000       0.4750296E-05   0.4750296E-05

Program  MARK  - Survival Rate Estimation with Capture-Recapture Data
 gfortran(dble/PIM2) Vers. 11.1 Nov 2024  15-Feb-2026 11:48:08    Page  024
 - - - - - - - - - - - - - - - - - - - - - - - - - - - - - - - - - - - - - -
 
   6     2    0.5775392E-09   0.2065800E-05   0.2080401E-12   0.1603304E-05
   6     3    0.4569993       2.3044100       0.0131710       15.856675    
   6     4    0.1365737       2.2168162       0.0013336       13.986288    
   6     5    0.1983916E-06   0.1008422E-03   0.1961447E-09   0.2006642E-03
   6     6    4.7830984       2.3255792       1.9390660       11.798479    
   6     7    0.2583853E-07   0.2738085E-04   0.1718343E-10   0.3885310E-04
   6     8    1.5516833       2.0917951       0.2111001       11.405588    
   6     9    0.5652747E-06   0.0000000       0.5652747E-06   0.5652747E-06
   6    10    0.2710386E-08   0.3593782E-05   0.1603845E-11   0.4580365E-05
   6    11    14.148063       4.2277795       7.9753940       25.098156    
   6    12    0.6934988E-14   0.1536864E-09   0.1079264E-17   0.4456191E-10
   6    13    0.2733412E-11   0.0000000       0.2733412E-11   0.2733412E-11
   6    14    4.0439064       2.9672039       1.1172366       14.637167    
   6    15    0.9542585       2.8283980       0.0494439       18.417036    
   6    16    0.2958643E-04   0.0272662       0.2118084E-07   0.0413278    
   6    17    0.3840525E-05   0.6171278E-03   0.7435218E-08   0.0019838    
   6    18    13.087291       4.4943044       6.8020732       25.180144    
   6    19    0.5915925E-16   0.1599105E-11   0.8442958E-20   0.4145249E-12
   6    20    4.1210582       2.2416065       1.5193379       11.177975    
   6    21    0.5907516E-05   0.0000000       0.5907516E-05   0.5907516E-05
   6    22    0.2831652E-07   0.4914745E-04   0.1459767E-10   0.5492831E-04

            Net Birth+Immigration Estimates of { basic_demo }
                                                95% Confidence Interval
 Grp. Occ.     B-hat         Standard Error      Lower           Upper
 ---- ----   --------------  --------------  --------------  --------------
   1     1    0.2405469E-05   0.0000000       0.2405469E-05   0.2405469E-05
   1     2    0.2920865E-09   0.1044764E-05   0.1052149E-12   0.8108599E-06
   1     3    0.2314167       1.1672843       0.0066674       8.0322062    
   1     4    0.0691586       1.1225822       0.6753095E-03   7.0825440    
   1     5    0.1004621E-06   0.5106478E-04   0.9932436E-10   0.1016129E-03
   1     6    2.4190189       1.2260171       0.9476149       6.1751376    
   1     7    0.1308419E-07   0.1386520E-04   0.8701398E-11   0.1967455E-04
   1     8    0.7847531       1.0633789       0.1060807       5.8053665    
   1     9    0.2862455E-06   0.0000000       0.2862455E-06   0.2862455E-06
   1    10    0.1355281E-08   0.1797007E-05   0.8019745E-12   0.2290331E-05
   1    11    5.6429926       1.8866417       2.9814241       10.680589    
   1    12    0.2611073E-14   0.5786405E-10   0.4063506E-18   0.1677788E-10
   1    13    0.1358225E-11   0.0000000       0.1358225E-11   0.1358225E-11
   1    14    2.0323048       1.5199195       0.5503428       7.5048907    
   1    15    0.4832203       1.4337249       0.0250076       9.3372443    
   1    16    0.1496313E-04   0.0137897       0.1071206E-07   0.0209012    
   1    17    0.1944776E-05   0.3125018E-03   0.3765077E-08   0.0010045    
   1    18    4.8904480       1.8039247       2.4284072       9.8486289    
   1    19    0.2248874E-16   0.6078823E-12   0.3209498E-20   0.1575771E-12
   1    20    2.0451711       1.1509348       0.7315532       5.7175954    
   1    21    0.2931742E-05   0.0000000       0.2931742E-05   0.2931742E-05
   1    22    0.1407040E-07   0.2442122E-04   0.7253544E-11   0.2729372E-04
   2     1    0.9696259E-06   0.0000000       0.9696259E-06   0.9696259E-06
   2     2    0.1177378E-09   0.4211362E-06   0.4241129E-13   0.3268513E-06
   2     3    0.0932823       0.4711069       0.0026841       3.2419045    
   2     4    0.0278773       0.4525567       0.2721858E-03   2.8551925    
   2     5    0.4049550E-07   0.2058383E-04   0.4003686E-10   0.4095940E-04
   2     6    0.9750877       0.5532244       0.3462366       2.7460875    
   2     7    0.5274136E-08   0.5588952E-05   0.3507466E-11   0.7930656E-05
   2     8    0.3163279       0.4361510       0.0418464       2.3912058    
   2     9    0.1153833E-06   0.0000000       0.1153833E-06   0.1153833E-06
   2    10    0.5463033E-09   0.7243599E-06   0.3232695E-12   0.9232149E-06
   2    11    2.2746464       0.9584350       1.0299091       5.0237599    
   2    12    0.1052503E-14   0.2332455E-10   0.1637968E-18   0.6763033E-11
   2    13    0.5474897E-12   0.0000000       0.5474897E-12   0.5474897E-12
   2    14    0.8192062       0.6472463       0.2092011       3.2079123    
   2    15    0.1947823       0.5800579       0.0100372       3.7799637    
   2    16    0.6031523E-05   0.0055585       0.4317951E-08   0.0084251    
   2    17    0.7839242E-06   0.1259683E-03   0.1517664E-08   0.4049231E-03
   2    18    1.9713015       0.8856334       0.8506850       4.5681179    
   2    19    0.9065035E-17   0.2450326E-12   0.1293724E-20   0.6351809E-13
   2    20    0.8243925       0.5096782       0.2702955       2.5143705    
   2    21    0.1181762E-05   0.0000000       0.1181762E-05   0.1181762E-05
   2    22    0.5671669E-08   0.9844009E-05   0.2923846E-11   0.1100189E-04
   3     1    0.2815554E-05   0.0000000       0.2815554E-05   0.2815554E-05
   3     2    0.3418814E-09   0.1222875E-05   0.1231519E-12   0.9490953E-06
   3     3    0.2708686       1.3661221       0.0078050       9.4003836    
   3     4    0.0809487       1.3139457       0.7904434E-03   8.2899020    
   3     5    0.1175889E-06   0.5977034E-04   0.1162571E-09   0.1189359E-03
   3     6    2.8314134       1.4177399       1.1204364       7.1551601    
   3     7    0.1531479E-07   0.1622893E-04   0.1018481E-10   0.2302866E-04
   3     8    0.9185379       1.2425802       0.1244242       6.7809323    
   3     9    0.3350446E-06   0.0000000       0.3350446E-06   0.3350446E-06
   3    10    0.1586330E-08   0.2103362E-05   0.9386948E-12   0.2680787E-05
   3    11    6.6050103       2.1459294       3.5499827       12.289119    
   3    12    0.3056209E-14   0.6772871E-10   0.4756253E-18   0.1963817E-10
   3    13    0.1589775E-11   0.0000000       0.1589775E-11   0.1589775E-11
   3    14    2.3787722       1.7692416       0.6479221       8.7333906    
   3    15    0.5655997       1.6775611       0.0292828       10.924618    
   3    16    0.1751405E-04   0.0161405       0.1253826E-07   0.0244645    
   3    17    0.2276322E-05   0.3657796E-03   0.4406929E-08   0.0011758    
   3    18    5.7241719       2.0626057       2.8860450       11.353303    
   3    19    0.2632262E-16   0.7115141E-12   0.3756653E-20   0.1844408E-12
   3    20    2.3938320       1.3338953       0.8638852       6.6333259    
   3    21    0.3431546E-05   0.0000000       0.3431546E-05   0.3431546E-05
   3    22    0.1646912E-07   0.2858456E-04   0.8490127E-11   0.3194676E-04
   4     1    0.7642755E-06   0.0000000       0.7642755E-06   0.7642755E-06
   4     2    0.9280291E-10   0.3319468E-06   0.3342930E-13   0.2576297E-06
   4     3    0.0735267       0.3715524       0.0021144       2.5568866    
   4     4    0.0219733       0.3567324       0.2145318E-03   2.2506132    
   4     5    0.3191924E-07   0.1622452E-04   0.3155774E-10   0.3228488E-04
   4     6    0.7685806       0.4564541       0.2617116       2.2571263    
   4     7    0.4157163E-08   0.4405307E-05   0.2764644E-11   0.6251078E-05
   4     8    0.2493350       0.3465517       0.0326561       1.9037143    
   4     9    0.9094709E-07   0.0000000       0.9094709E-07   0.9094709E-07
   4    10    0.4306055E-09   0.5709526E-06   0.2548066E-12   0.7276935E-06
   4    11    1.7929148       0.8190742       0.7637742       4.2087615    
   4    12    0.8296008E-15   0.1838480E-10   0.1291074E-18   0.5330737E-11
   4    13    0.4315407E-12   0.0000000       0.4315407E-12   0.4315407E-12
   4    14    0.6457122       0.5225892       0.1606398       2.5955224    
   4    15    0.1535307       0.4580057       0.0078955       2.9854570    
   4    16    0.4754149E-05   0.0043813       0.3403481E-08   0.0066408    
   4    17    0.6179023E-06   0.9928975E-04   0.1196253E-08   0.3191660E-03
   4    18    1.5538132       0.7500341       0.6336210       3.8103778    
   4    19    0.7145214E-17   0.1931388E-12   0.1019735E-20   0.5006604E-13
   4    20    0.6498002       0.4177368       0.2051828       2.0578736    
   4    21    0.9314852E-06   0.0000000       0.9314852E-06   0.9314852E-06
   4    22    0.4470506E-08   0.7759212E-05   0.2304625E-11   0.8671873E-05
   5     1    0.1511584E-04   0.0000000       0.1511584E-04   0.1511584E-04
   5     2    0.1835456E-08   0.6565241E-05   0.6611645E-12   0.5095400E-05
   5     3    1.4542099       7.3302523       0.0419266       50.438816    
   5     4    0.4345888       7.0538056       0.0042438       44.504028    
   5     5    0.6312985E-06   0.3208884E-03   0.6241488E-09   0.6385302E-03
   5     6    15.200984       7.1608895       6.3211401       36.555101    
   5     7    0.8222035E-07   0.8712814E-04   0.5467912E-10   0.1236338E-03
   5     8    4.9313460       6.6184135       0.6745980       36.048394    
   5     9    0.1798751E-05   0.0000000       0.1798751E-05   0.1798751E-05
   5    10    0.8516513E-08   0.1129230E-04   0.5039563E-11   0.1439232E-04
   5    11    35.460260       9.8033989       20.832077       60.360280    
   5    12    0.1640784E-13   0.3636145E-09   0.2553485E-17   0.1054313E-09
   5    13    0.8535010E-11   0.0000000       0.8535010E-11   0.8535010E-11
   5    14    12.770893       9.2483526       3.5769008       45.596933    
   5    15    3.0365300       8.9915259       0.1575113       58.538749    
   5    16    0.9402753E-04   0.0866536       0.6731404E-07   0.1313422    
   5    17    0.1222087E-04   0.0019638       0.2365949E-07   0.0063125    
   5    18    30.731310       9.7524694       16.745724       56.397290    
   5    19    0.1413180E-15   0.3819899E-11   0.2016831E-19   0.9902058E-12
   5    20    12.851745       6.8183468       4.8423013       34.109265    
   5    21    0.1842291E-04   0.0000000       0.1842291E-04   0.1842291E-04
   5    22    0.8841764E-07   0.1534617E-03   0.4558087E-10   0.1715123E-03
   6     1    0.4660745E-05   0.0000000       0.4660745E-05   0.4660745E-05
   6     2    0.5659356E-09   0.2024295E-05   0.2038603E-12   0.1571091E-05
   6     3    0.4483841       2.2608092       0.0129237       15.556612    
   6     4    0.1339990       2.1749937       0.0013085       13.722457    
   6     5    0.1946516E-06   0.9894120E-04   0.1924471E-09   0.1968813E-03
   6     6    4.6869987       2.2797838       1.8994772       11.565265    
   6     7    0.2535143E-07   0.2686467E-04   0.1685950E-10   0.3812065E-04
   6     8    1.5205077       2.0489714       0.2069587       11.171040    
   6     9    0.5546183E-06   0.0000000       0.5546183E-06   0.5546183E-06
   6    10    0.2625941E-08   0.3481813E-05   0.1553875E-11   0.4437659E-05
   6    11    10.933647       3.3031441       6.1263201       19.513287    
   6    12    0.5059115E-14   0.1121152E-09   0.7873295E-18   0.3250818E-10
   6    13    0.2631644E-11   0.0000000       0.2631644E-11   0.2631644E-11
   6    14    3.9377161       2.8911471       1.0871672       14.262396    
   6    15    0.9362692       2.7747264       0.0485189       18.067178    
   6    16    0.2899200E-04   0.0267183       0.2075529E-07   0.0404974    
   6    17    0.3768124E-05   0.6054940E-03   0.7295052E-08   0.0019464    
   6    18    9.4755454       3.2209861       4.9559409       18.116834    
   6    19    0.4357332E-16   0.1177809E-11   0.6218601E-20   0.3053153E-12
   6    20    3.9626455       2.1568527       1.4600933       10.754491    
   6    21    0.5680432E-05   0.0000000       0.5680432E-05   0.5680432E-05
   6    22    0.2726227E-07   0.4731764E-04   0.1405419E-10   0.5288327E-04

                  Population Estimates of { basic_demo }
                                                95% Confidence Interval
 Grp. Occ.     N-hat         Standard Error      Lower           Upper
 ---- ----   --------------  --------------  --------------  --------------
   1     1    3.7173913       1.1834839       2.0218782       6.8347332    
   1     2    3.5781220       1.1436502       1.9416688       6.5937904    
   1     3    3.4353117       1.1040430       1.8582129       6.3509226    
   1     4    3.5380247       1.3219980       1.7419415       7.1860157    
   1     5    3.4746315       1.0563278       1.9401100       6.2228761    
   1     6    3.3444549       1.0217438       1.8623198       6.0061532    
   1     7    5.6299897       1.5674208       3.2955871       9.6179476    
   1     8    5.4190626       1.5188462       3.1611303       9.2897910    
   1     9    5.9875297       1.4940407       3.6986778       9.6927912    
   1    10    5.7632077       1.4498528       3.5464992       9.3654505    
   1    11    5.4078573       1.3844519       3.3003227       8.8612305    
   1    12    8.7954271       2.4861506       5.1080734       15.144563    
   1    13    4.5106007       1.2954138       2.5977540       7.8319652    
   1    14    4.1789533       1.2092142       2.3971497       7.2851731    
   1    15    5.9937232       1.9220675       3.2462372       11.066572    
   1    16    6.2523892       1.5800869       3.8392768       10.182222    
   1    17    6.0028583       1.5308249       3.6702378       9.8179762    
   1    18    5.7779637       1.4886664       3.5154164       9.4967027    
   1    19    7.8037039       2.3360911       4.3947138       13.857056    
   1    20    4.0891571       1.3027196       2.2232091       7.5212025    
   1    21    5.8240361       1.5586380       3.4781463       9.7521478    
   1    22    5.3821014       1.4635154       3.1886150       9.0845133    
   1    23    4.9863759       1.3853110       2.9220141       8.5091803    
   2     1    1.4984515       0.6113245       0.6944613       3.2332351    
   2     2    1.4423131       0.5898664       0.6672754       3.1175540    

Program  MARK  - Survival Rate Estimation with Capture-Recapture Data
 gfortran(dble/PIM2) Vers. 11.1 Nov 2024  15-Feb-2026 11:48:08    Page  025
 - - - - - - - - - - - - - - - - - - - - - - - - - - - - - - - - - - - - - -
 
   2     3    1.3847474       0.5682552       0.6390850       3.0004230    
   2     4    1.4261502       0.6451175       0.6121997       3.3222889    
   2     5    1.4005969       0.5556060       0.6620660       2.9629547    
   2     6    1.3481237       0.5363595       0.6359600       2.8577858    
   2     7    2.2694050       0.8566974       1.1097357       4.6409240    
   2     8    2.1843819       0.8276667       1.0655041       4.4781849    
   2     9    2.4135266       0.8610415       1.2246821       4.7564264    
   2    10    2.3231041       0.8321617       1.1757319       4.5901730    
   2    11    2.1798651       0.7877511       1.0970072       4.3316141    
   2    12    3.5453681       1.3522851       1.7216618       7.3008738    
   2    13    1.8181880       0.6981633       0.8789285       3.7611793    
   2    14    1.6845035       0.6496285       0.8119161       3.4948835    
   2    15    2.4160231       0.9897449       1.1164167       5.2284849    
   2    16    2.5202893       0.9047707       1.2737396       4.9867795    
   2    17    2.4197054       0.8726303       1.2193210       4.8018319    
   2    18    2.3290521       0.8443287       1.1696898       4.6375403    
   2    19    3.1456122       1.2392935       1.4940610       6.6228059    
   2    20    1.6483074       0.6725765       0.7638192       3.5570162    
   2    21    2.3476236       0.8684054       1.1635787       4.7365397    
   2    22    2.1694831       0.8093776       1.0692446       4.4018526    
   2    23    2.0099693       0.7586300       0.9829854       4.1099047    
   3     1    4.3511324       1.3425038       2.4094296       7.8576080    
   3     2    4.1881204       1.2976376       2.3136645       7.5811997    
   3     3    4.0209639       1.2531261       2.2139763       7.3027658    
   3     4    4.1411874       1.5129017       2.0693632       8.2872997    
   3     5    4.0669869       1.1946058       2.3141819       7.1473995    
   3     6    3.9146177       1.1558862       2.2211646       6.8991880    
   3     7    6.5897906       1.7603552       3.9390346       11.024361    
   3     8    6.3429047       1.7067635       3.7777365       10.649880    
   3     9    7.0082841       1.6601204       4.4332405       11.079039    
   3    10    6.7457197       1.6124296       4.2499270       10.707180    
   3    11    6.3297891       1.5425104       3.9531193       10.135346    
   3    12    10.294872       2.7947016       6.1043607       17.362079    
   3    13    5.2795681       1.4586558       3.1026500       8.9838816    
   3    14    4.8913815       1.3623861       2.8625845       8.3580461    
   3    15    7.0155335       2.1814484       3.8677792       12.725057    
   3    16    7.3182968       1.7581711       4.6001587       11.642526    
   3    17    7.0262259       1.7049265       4.3966291       11.228569    
   3    18    6.7629913       1.6597139       4.2100501       10.864016    
   3    19    9.1340798       2.6379529       5.2448995       15.907152    
   3    20    4.7862769       1.4778795       2.6492589       8.6471151    
   3    21    6.8169181       1.7440041       4.1615923       11.166489    
   3    22    6.2996423       1.6399540       3.8136891       10.406064    
   3    23    5.8364535       1.5552569       3.4930230       9.7520656    
   4     1    1.1811048       0.5246030       0.5141555       2.7132038    
   4     2    1.1368556       0.5060046       0.4941066       2.6157123    

Program  MARK  - Survival Rate Estimation with Capture-Recapture Data
 gfortran(dble/PIM2) Vers. 11.1 Nov 2024  15-Feb-2026 11:48:08    Page  026
 - - - - - - - - - - - - - - - - - - - - - - - - - - - - - - - - - - - - - -
 
   4     3    1.0914813       0.4872176       0.4733387       2.5168690    
   4     4    1.1241157       0.5454250       0.4564825       2.7682031    
   4     5    1.1039742       0.4788471       0.4892576       2.4910377    
   4     6    1.0626139       0.4620473       0.4700578       2.4021479    
   4     7    1.7887834       0.7446658       0.8170695       3.9161250    
   4     8    1.7217668       0.7189735       0.7847073       3.7778173    
   4     9    1.9023825       0.7563770       0.8978370       4.0308643    
   4    10    1.8311100       0.7304468       0.8622070       3.8888152    
   4    11    1.7182066       0.6903215       0.8049972       3.6673840    
   4    12    2.7945192       1.1742335       1.2678544       6.1594906    
   4    13    1.4331265       0.6050326       0.6479642       3.1696991    
   4    14    1.3277542       0.5625764       0.5987334       2.9444342    
   4    15    1.9043503       0.8486947       0.8268724       4.3858645    
   4    16    1.9865347       0.7938214       0.9342562       4.2240235    
   4    17    1.9072528       0.7649747       0.8946352       4.0660294    
   4    18    1.8357983       0.7394450       0.8585491       3.9254081    
   4    19    2.4794248       1.0701875       1.1028540       5.5742170    
   4    20    1.2992238       0.5770964       0.5655528       2.9846592    
   4    21    1.8504366       0.7578494       0.8552255       4.0037580    
   4    22    1.7100233       0.7052667       0.7863703       3.7185787    
   4    23    1.5842918       0.6596928       0.7235388       3.4690336    
   5     1    23.359886       6.0180601       14.213151       38.392911    
   5     2    22.484725       5.8271901       13.641418       37.060871    
   5     3    21.587313       5.6409885       13.044562       35.724624    
   5     4    22.232756       7.1930672       11.978982       41.263558    
   5     5    21.834396       5.2363240       13.735658       34.708266    
   5     6    21.016373       5.0794951       13.174621       33.525665    
   5     7    35.378550       7.2996301       23.710261       52.789035    
   5     8    34.053096       7.1113081       22.713834       51.053174    
   5     9    37.625312       6.2185421       27.273542       51.906133    
   5    10    36.215685       6.0959363       26.098574       50.254694    
   5    11    33.982682       5.9417549       24.184900       47.749739    
   5    12    55.269987       11.678333       36.693645       83.250697    
   5    13    28.344370       6.1811554       18.577649       43.245694    
   5    14    26.260316       5.8003853       17.120540       40.279350    
   5    15    37.664232       9.8146389       22.790287       62.245568    
   5    16    39.289675       6.6817253       28.219438       54.702668    
   5    17    37.721636       6.5421119       26.918769       52.859840    
   5    18    36.308411       6.4357570       25.721258       51.253352    
   5    19    49.038052       11.432523       31.239494       76.977258    
   5    20    25.696042       6.6288233       15.624441       42.259851    
   5    21    36.597927       6.9985497       25.242899       53.060794    
   5    22    33.820833       6.6681148       23.065125       49.592135    
   5    23    31.334116       6.4290290       21.045772       46.651974    
   6     1    7.2026755       2.0506380       4.1672970       12.448965    
   6     2    6.9328326       1.9835101       4.0008143       12.013596    

Program  MARK  - Survival Rate Estimation with Capture-Recapture Data
 gfortran(dble/PIM2) Vers. 11.1 Nov 2024  15-Feb-2026 11:48:08    Page  027
 - - - - - - - - - - - - - - - - - - - - - - - - - - - - - - - - - - - - - -
 
   6     3    6.6561288       1.9173476       3.8272969       11.575807    
   6     4    6.8551417       2.3681867       3.5497852       13.238257    
   6     5    6.7323134       1.8085841       4.0129458       11.294457    
   6     6    6.4800881       1.7517060       3.8505585       10.905312    
   6     7    10.908453       2.6098081       6.8697303       17.321546    
   6     8    10.499769       2.5347849       6.5854828       16.740632    
   6     9    11.601209       2.3771672       7.7960273       17.263671    
   6    10    11.166571       2.3157348       7.4687608       16.695181    
   6    11    10.478058       2.2289265       6.9375611       15.825402    
   6    12    17.041684       4.1549832       10.640535       27.293644    
   6    13    8.7395677       2.1799400       5.3996254       14.145434    
   6    14    8.0969804       2.0396651       4.9795168       13.166156    
   6    15    11.613209       3.3370135       6.6864100       20.170260    
   6    16    12.114391       2.5293176       8.0811196       18.160659    
   6    17    11.630909       2.4604863       7.7180625       17.527462    
   6    18    11.195162       2.4035898       7.3846508       16.971913    
   6    19    15.120159       3.9761960       9.1083677       25.099909    
   6    20    7.9229947       2.2579581       4.5816594       13.701116    
   6    21    11.284430       2.5554530       7.2798002       17.492013    
   6    22    10.428154       2.4141632       6.6636670       16.319303    
   6    23    9.6614116       2.3031162       6.0942764       15.316482    

               Gross Population Estimates of { basic_demo }
                                                95% Confidence Interval
 Grp. Occ.     N*-hat        Standard Error      Lower           Upper
 ---- ----   --------------  --------------  --------------  --------------
   1     0    26.056279       5.8291310       16.896785       40.180997    
   2     0    10.503083       3.5683244       5.4952093       20.074714    
   3     0    30.498355       6.3873256       20.319554       45.776087    
   4     0    8.2787079       3.1676492       4.0116603       17.084449    
   5     0    163.73625       19.990441       129.00440       207.81895    
   6     0    50.485652       8.6943840       36.111492       70.581439    

 To compute parameter estimates, CPU Time was 0.031 secs and System Time was 0.015 secs.

 Attempted ordering of parameters by estimatibility:
   3  1 26  4 30 14  9 31 21 28 23  2 27 29 11 17 18  7 24  6 20  8 12 19 25
  10 13  5 16 15 22
 Beta number 22 is a singular value.

 For procedure estimate CPU Time was 1.234 secs and System Time was 0.734 secs.

Program  MARK  - Survival Rate Estimation with Capture-Recapture Data
 gfortran(dble/PIM2) Vers. 11.1 Nov 2024  15-Feb-2026 11:48:08    Page  028
 - - - - - - - - - - - - - - - - - - - - - - - - - - - - - - - - - - - - - -
 


 INPUT --- proc stop;

 For this job, CPU Time in mins was 0.021 and System Time in mins was 0.013.

     Time Start = 11:48:07.407   Time End = 11:48:08.180

 Wall Clock Time in mins for this job was 0.012.

 Maximum of 31 words used.


          E X E C U T I O N   S U C C E S S F U L
