
 Program  MARK  - Survival Rate Estimation with Capture-Recapture Data
 gfortran(dble/PIM2) Vers. 11.1 Nov 2024  15-Feb-2026 11:48:06    Page  001
  
 - - - - - - - - - - - - - - - - - - - - - - - - - - - - - - - - - - - - - -
 
 Welcome to MARK valen on machine LAPTOP-R12S8TST in subdirectory 
 "C:\Users\valen\git\OpenPop-Abundance-Analysis-Muscardinus" running file "POPAN_null.inp".
 This version was compiled by GCC version 14.2.0 using the options: 
  -cpp -iprefix C:/tdm-gcc-64/mingw64-14-2/bin/../lib/gcc/
  x86_64-w64-mingw32/14.2.0/ -D_MT -D_REENTRANT -U_REENTRANT -D
  dbleprecision -m64 -march=x86-64 -mtune=generic -mthreads -O3 -std=f2023
  -fimplicit-none -ftree-vectorize
  -ffpe-summary=invalid,zero,overflow,underflow -funroll-loops
  -fno-unsafe-math-optimizations -frounding-math -fsignaling-nans
  -fall-intrinsics -fopenmp

 This problem will use 7 of 8 possible threads.
 Static thread allocation is used.
 INPUT --- proc title ;

 For procedure title CPU Time was 0.001 secs and System Time was 0.001 secs.
 INPUT --- proc chmatrix occasions= 23 groups= 6 etype= POPAN Nodes= 
 INPUT --- 101 ICMeans NoHist hist= 84  ;
 INPUT ---    time interval 0.492772667542707 0.525624178712221 
 INPUT ---    0.492772667542707 0.492772667542707  0.492772667542707 
 INPUT ---    0.525624178712221 0.492772667542707 0.525624178712221 
 INPUT ---    0.492772667542707  0.821287779237845 6.96452036793692 
 INPUT ---    1.01839684625493 0.985545335085414 0.68988173455979  
 INPUT ---    0.492772667542707 0.525624178712221 0.492772667542707 
 INPUT ---    8.83705650459921 0.985545335085414  1.01839684625493 
 INPUT ---    1.01839684625493 0.985545335085414 ;
 INPUT ---    glabel(1)=valleyR.altitude1;
 INPUT ---    glabel(2)=valleyS.altitude1;
 INPUT ---    glabel(3)=valleyR.altitude2;
 INPUT ---    glabel(4)=valleyS.altitude2;
 INPUT ---    glabel(5)=valleyR.altitude3;
 INPUT ---    glabel(6)=valleyS.altitude3;

   * *  WARNING  * *   At least a pair of the encounter histories are duplicates. 

      Number of unique encounter histories read was 62.

      Number of individual covariates read was 0.
      Time interval lengths vary and/or not equal to 1.

      Data type number is 19
      Data type is POPAN

 For procedure chmatrix CPU Time was 0.001 secs and System Time was 0.001 secs.

Program  MARK  - Survival Rate Estimation with Capture-Recapture Data
 gfortran(dble/PIM2) Vers. 11.1 Nov 2024  15-Feb-2026 11:48:06    Page  002
 - - - - - - - - - - - - - - - - - - - - - - - - - - - - - - - - - - - - - -
 


 INPUT --- proc estimate link=Parm-Specific NOLOOP varest=2ndPart    ;
 INPUT --- model={ null };
 INPUT ---    group=1 Phi    rows=1 cols=22 Square ;
 INPUT ---        1 1 1 1 1 1 1 1 1 1 1 1 1 1 1 1 1 1 1 1 1 1 ;
 INPUT ---    group=2 Phi    rows=1 cols=22 Square ;
 INPUT ---        1 1 1 1 1 1 1 1 1 1 1 1 1 1 1 1 1 1 1 1 1 1 ;
 INPUT ---    group=3 Phi    rows=1 cols=22 Square ;
 INPUT ---        1 1 1 1 1 1 1 1 1 1 1 1 1 1 1 1 1 1 1 1 1 1 ;
 INPUT ---    group=4 Phi    rows=1 cols=22 Square ;
 INPUT ---        1 1 1 1 1 1 1 1 1 1 1 1 1 1 1 1 1 1 1 1 1 1 ;
 INPUT ---    group=5 Phi    rows=1 cols=22 Square ;
 INPUT ---        1 1 1 1 1 1 1 1 1 1 1 1 1 1 1 1 1 1 1 1 1 1 ;
 INPUT ---    group=6 Phi    rows=1 cols=22 Square ;
 INPUT ---        1 1 1 1 1 1 1 1 1 1 1 1 1 1 1 1 1 1 1 1 1 1 ;
 INPUT ---    group=1 p    rows=1 cols=23 Square ;
 INPUT ---        2 2 2 2 2 2 2 2 2 2 2 2 2 2 2 2 2 2 2 2 2 2 2 ;
 INPUT ---    group=2 p    rows=1 cols=23 Square ;
 INPUT ---        2 2 2 2 2 2 2 2 2 2 2 2 2 2 2 2 2 2 2 2 2 2 2 ;
 INPUT ---    group=3 p    rows=1 cols=23 Square ;
 INPUT ---        2 2 2 2 2 2 2 2 2 2 2 2 2 2 2 2 2 2 2 2 2 2 2 ;
 INPUT ---    group=4 p    rows=1 cols=23 Square ;
 INPUT ---        2 2 2 2 2 2 2 2 2 2 2 2 2 2 2 2 2 2 2 2 2 2 2 ;
 INPUT ---    group=5 p    rows=1 cols=23 Square ;
 INPUT ---        2 2 2 2 2 2 2 2 2 2 2 2 2 2 2 2 2 2 2 2 2 2 2 ;
 INPUT ---    group=6 p    rows=1 cols=23 Square ;
 INPUT ---        2 2 2 2 2 2 2 2 2 2 2 2 2 2 2 2 2 2 2 2 2 2 2 ;
 INPUT ---    group=1 pent    rows=1 cols=22 Square ;
 INPUT ---        9 10 11 12 13 14 15 16 17 18 19 20 21 22 23 24 25 26 27 28 
 INPUT ---       29 30 ;
 INPUT ---    group=2 pent    rows=1 cols=22 Square ;
 INPUT ---        31 32 33 34 35 36 37 38 39 40 41 42 43 44 45 46 47 48 49 
 INPUT ---       50 51 52 ;
 INPUT ---    group=3 pent    rows=1 cols=22 Square ;
 INPUT ---        53 54 55 56 57 58 59 60 61 62 63 64 65 66 67 68 69 70 71 
 INPUT ---       72 73 74 ;
 INPUT ---    group=4 pent    rows=1 cols=22 Square ;
 INPUT ---        75 76 77 78 79 80 81 82 83 84 85 86 87 88 89 90 91 92 93 
 INPUT ---       94 95 96 ;
 INPUT ---    group=5 pent    rows=1 cols=22 Square ;
 INPUT ---        97 98 99 100 101 102 103 104 105 106 107 108 109 110 111 
 INPUT ---       112 113 114 115 116 117 118 ;
 INPUT ---    group=6 pent    rows=1 cols=22 Square ;
 INPUT ---        119 120 121 122 123 124 125 126 127 128 129 130 131 132 
 INPUT ---       133 134 135 136 137 138 139 140 ;

Program  MARK  - Survival Rate Estimation with Capture-Recapture Data
 gfortran(dble/PIM2) Vers. 11.1 Nov 2024  15-Feb-2026 11:48:06    Page  003
 - - - - - - - - - - - - - - - - - - - - - - - - - - - - - - - - - - - - - -
 
 INPUT ---    group=1 N    rows=1 cols=1 Square ;
 INPUT ---        3 ;
 INPUT ---    group=2 N    rows=1 cols=1 Square ;
 INPUT ---        4 ;
 INPUT ---    group=3 N    rows=1 cols=1 Square ;
 INPUT ---        5 ;
 INPUT ---    group=4 N    rows=1 cols=1 Square ;
 INPUT ---        6 ;
 INPUT ---    group=5 N    rows=1 cols=1 Square ;
 INPUT ---        7 ;
 INPUT ---    group=6 N    rows=1 cols=1 Square ;
 INPUT ---        8 ;
 INPUT ---    design matrix constraints=140 covariates=9;
 INPUT ---        1 0 0 0 0 0 0 0 0;
 INPUT ---        0 1 0 0 0 0 0 0 0;
 INPUT ---        0 0 0 1 0 0 0 0 0;
 INPUT ---        0 0 0 1 1 0 0 0 0;
 INPUT ---        0 0 0 1 0 1 0 0 0;
 INPUT ---        0 0 0 1 0 0 1 0 0;
 INPUT ---        0 0 0 1 0 0 0 1 0;
 INPUT ---        0 0 0 1 0 0 0 0 1;
 INPUT ---        0 0 1 0 0 0 0 0 0;
 INPUT ---        0 0 1 0 0 0 0 0 0;
 INPUT ---        0 0 1 0 0 0 0 0 0;
 INPUT ---        0 0 1 0 0 0 0 0 0;
 INPUT ---        0 0 1 0 0 0 0 0 0;
 INPUT ---        0 0 1 0 0 0 0 0 0;
 INPUT ---        0 0 1 0 0 0 0 0 0;
 INPUT ---        0 0 1 0 0 0 0 0 0;
 INPUT ---        0 0 1 0 0 0 0 0 0;
 INPUT ---        0 0 1 0 0 0 0 0 0;
 INPUT ---        0 0 1 0 0 0 0 0 0;
 INPUT ---        0 0 1 0 0 0 0 0 0;
 INPUT ---        0 0 1 0 0 0 0 0 0;
 INPUT ---        0 0 1 0 0 0 0 0 0;
 INPUT ---        0 0 1 0 0 0 0 0 0;
 INPUT ---        0 0 1 0 0 0 0 0 0;
 INPUT ---        0 0 1 0 0 0 0 0 0;
 INPUT ---        0 0 1 0 0 0 0 0 0;
 INPUT ---        0 0 1 0 0 0 0 0 0;
 INPUT ---        0 0 1 0 0 0 0 0 0;
 INPUT ---        0 0 1 0 0 0 0 0 0;
 INPUT ---        0 0 1 0 0 0 0 0 0;
 INPUT ---        0 0 1 0 0 0 0 0 0;
 INPUT ---        0 0 1 0 0 0 0 0 0;
 INPUT ---        0 0 1 0 0 0 0 0 0;

Program  MARK  - Survival Rate Estimation with Capture-Recapture Data
 gfortran(dble/PIM2) Vers. 11.1 Nov 2024  15-Feb-2026 11:48:06    Page  004
 - - - - - - - - - - - - - - - - - - - - - - - - - - - - - - - - - - - - - -
 
 INPUT ---        0 0 1 0 0 0 0 0 0;
 INPUT ---        0 0 1 0 0 0 0 0 0;
 INPUT ---        0 0 1 0 0 0 0 0 0;
 INPUT ---        0 0 1 0 0 0 0 0 0;
 INPUT ---        0 0 1 0 0 0 0 0 0;
 INPUT ---        0 0 1 0 0 0 0 0 0;
 INPUT ---        0 0 1 0 0 0 0 0 0;
 INPUT ---        0 0 1 0 0 0 0 0 0;
 INPUT ---        0 0 1 0 0 0 0 0 0;
 INPUT ---        0 0 1 0 0 0 0 0 0;
 INPUT ---        0 0 1 0 0 0 0 0 0;
 INPUT ---        0 0 1 0 0 0 0 0 0;
 INPUT ---        0 0 1 0 0 0 0 0 0;
 INPUT ---        0 0 1 0 0 0 0 0 0;
 INPUT ---        0 0 1 0 0 0 0 0 0;
 INPUT ---        0 0 1 0 0 0 0 0 0;
 INPUT ---        0 0 1 0 0 0 0 0 0;
 INPUT ---        0 0 1 0 0 0 0 0 0;
 INPUT ---        0 0 1 0 0 0 0 0 0;
 INPUT ---        0 0 1 0 0 0 0 0 0;
 INPUT ---        0 0 1 0 0 0 0 0 0;
 INPUT ---        0 0 1 0 0 0 0 0 0;
 INPUT ---        0 0 1 0 0 0 0 0 0;
 INPUT ---        0 0 1 0 0 0 0 0 0;
 INPUT ---        0 0 1 0 0 0 0 0 0;
 INPUT ---        0 0 1 0 0 0 0 0 0;
 INPUT ---        0 0 1 0 0 0 0 0 0;
 INPUT ---        0 0 1 0 0 0 0 0 0;
 INPUT ---        0 0 1 0 0 0 0 0 0;
 INPUT ---        0 0 1 0 0 0 0 0 0;
 INPUT ---        0 0 1 0 0 0 0 0 0;
 INPUT ---        0 0 1 0 0 0 0 0 0;
 INPUT ---        0 0 1 0 0 0 0 0 0;
 INPUT ---        0 0 1 0 0 0 0 0 0;
 INPUT ---        0 0 1 0 0 0 0 0 0;
 INPUT ---        0 0 1 0 0 0 0 0 0;
 INPUT ---        0 0 1 0 0 0 0 0 0;
 INPUT ---        0 0 1 0 0 0 0 0 0;
 INPUT ---        0 0 1 0 0 0 0 0 0;
 INPUT ---        0 0 1 0 0 0 0 0 0;
 INPUT ---        0 0 1 0 0 0 0 0 0;
 INPUT ---        0 0 1 0 0 0 0 0 0;
 INPUT ---        0 0 1 0 0 0 0 0 0;
 INPUT ---        0 0 1 0 0 0 0 0 0;
 INPUT ---        0 0 1 0 0 0 0 0 0;
 INPUT ---        0 0 1 0 0 0 0 0 0;

Program  MARK  - Survival Rate Estimation with Capture-Recapture Data
 gfortran(dble/PIM2) Vers. 11.1 Nov 2024  15-Feb-2026 11:48:06    Page  005
 - - - - - - - - - - - - - - - - - - - - - - - - - - - - - - - - - - - - - -
 
 INPUT ---        0 0 1 0 0 0 0 0 0;
 INPUT ---        0 0 1 0 0 0 0 0 0;
 INPUT ---        0 0 1 0 0 0 0 0 0;
 INPUT ---        0 0 1 0 0 0 0 0 0;
 INPUT ---        0 0 1 0 0 0 0 0 0;
 INPUT ---        0 0 1 0 0 0 0 0 0;
 INPUT ---        0 0 1 0 0 0 0 0 0;
 INPUT ---        0 0 1 0 0 0 0 0 0;
 INPUT ---        0 0 1 0 0 0 0 0 0;
 INPUT ---        0 0 1 0 0 0 0 0 0;
 INPUT ---        0 0 1 0 0 0 0 0 0;
 INPUT ---        0 0 1 0 0 0 0 0 0;
 INPUT ---        0 0 1 0 0 0 0 0 0;
 INPUT ---        0 0 1 0 0 0 0 0 0;
 INPUT ---        0 0 1 0 0 0 0 0 0;
 INPUT ---        0 0 1 0 0 0 0 0 0;
 INPUT ---        0 0 1 0 0 0 0 0 0;
 INPUT ---        0 0 1 0 0 0 0 0 0;
 INPUT ---        0 0 1 0 0 0 0 0 0;
 INPUT ---        0 0 1 0 0 0 0 0 0;
 INPUT ---        0 0 1 0 0 0 0 0 0;
 INPUT ---        0 0 1 0 0 0 0 0 0;
 INPUT ---        0 0 1 0 0 0 0 0 0;
 INPUT ---        0 0 1 0 0 0 0 0 0;
 INPUT ---        0 0 1 0 0 0 0 0 0;
 INPUT ---        0 0 1 0 0 0 0 0 0;
 INPUT ---        0 0 1 0 0 0 0 0 0;
 INPUT ---        0 0 1 0 0 0 0 0 0;
 INPUT ---        0 0 1 0 0 0 0 0 0;
 INPUT ---        0 0 1 0 0 0 0 0 0;
 INPUT ---        0 0 1 0 0 0 0 0 0;
 INPUT ---        0 0 1 0 0 0 0 0 0;
 INPUT ---        0 0 1 0 0 0 0 0 0;
 INPUT ---        0 0 1 0 0 0 0 0 0;
 INPUT ---        0 0 1 0 0 0 0 0 0;
 INPUT ---        0 0 1 0 0 0 0 0 0;
 INPUT ---        0 0 1 0 0 0 0 0 0;
 INPUT ---        0 0 1 0 0 0 0 0 0;
 INPUT ---        0 0 1 0 0 0 0 0 0;
 INPUT ---        0 0 1 0 0 0 0 0 0;
 INPUT ---        0 0 1 0 0 0 0 0 0;
 INPUT ---        0 0 1 0 0 0 0 0 0;
 INPUT ---        0 0 1 0 0 0 0 0 0;
 INPUT ---        0 0 1 0 0 0 0 0 0;
 INPUT ---        0 0 1 0 0 0 0 0 0;
 INPUT ---        0 0 1 0 0 0 0 0 0;

Program  MARK  - Survival Rate Estimation with Capture-Recapture Data
 gfortran(dble/PIM2) Vers. 11.1 Nov 2024  15-Feb-2026 11:48:06    Page  006
 - - - - - - - - - - - - - - - - - - - - - - - - - - - - - - - - - - - - - -
 
 INPUT ---        0 0 1 0 0 0 0 0 0;
 INPUT ---        0 0 1 0 0 0 0 0 0;
 INPUT ---        0 0 1 0 0 0 0 0 0;
 INPUT ---        0 0 1 0 0 0 0 0 0;
 INPUT ---        0 0 1 0 0 0 0 0 0;
 INPUT ---        0 0 1 0 0 0 0 0 0;
 INPUT ---        0 0 1 0 0 0 0 0 0;
 INPUT ---        0 0 1 0 0 0 0 0 0;
 INPUT ---        0 0 1 0 0 0 0 0 0;
 INPUT ---        0 0 1 0 0 0 0 0 0;
 INPUT ---        0 0 1 0 0 0 0 0 0;
 INPUT ---        0 0 1 0 0 0 0 0 0;
 INPUT ---        0 0 1 0 0 0 0 0 0;
 INPUT ---        0 0 1 0 0 0 0 0 0;
 INPUT ---        0 0 1 0 0 0 0 0 0;
 INPUT ---    links=140;
 INPUT ---       Logit;
 INPUT ---       Logit;
 INPUT ---       Log;
 INPUT ---       Log;
 INPUT ---       Log;
 INPUT ---       Log;
 INPUT ---       Log;
 INPUT ---       Log;
 INPUT ---       mlogit(1);
 INPUT ---       mlogit(1);
 INPUT ---       mlogit(1);
 INPUT ---       mlogit(1);
 INPUT ---       mlogit(1);
 INPUT ---       mlogit(1);
 INPUT ---       mlogit(1);
 INPUT ---       mlogit(1);
 INPUT ---       mlogit(1);
 INPUT ---       mlogit(1);
 INPUT ---       mlogit(1);
 INPUT ---       mlogit(1);
 INPUT ---       mlogit(1);
 INPUT ---       mlogit(1);
 INPUT ---       mlogit(1);
 INPUT ---       mlogit(1);
 INPUT ---       mlogit(1);
 INPUT ---       mlogit(1);
 INPUT ---       mlogit(1);
 INPUT ---       mlogit(1);
 INPUT ---       mlogit(1);
 INPUT ---       mlogit(1);

Program  MARK  - Survival Rate Estimation with Capture-Recapture Data
 gfortran(dble/PIM2) Vers. 11.1 Nov 2024  15-Feb-2026 11:48:06    Page  007
 - - - - - - - - - - - - - - - - - - - - - - - - - - - - - - - - - - - - - -
 
 INPUT ---       mlogit(2);
 INPUT ---       mlogit(2);
 INPUT ---       mlogit(2);
 INPUT ---       mlogit(2);
 INPUT ---       mlogit(2);
 INPUT ---       mlogit(2);
 INPUT ---       mlogit(2);
 INPUT ---       mlogit(2);
 INPUT ---       mlogit(2);
 INPUT ---       mlogit(2);
 INPUT ---       mlogit(2);
 INPUT ---       mlogit(2);
 INPUT ---       mlogit(2);
 INPUT ---       mlogit(2);
 INPUT ---       mlogit(2);
 INPUT ---       mlogit(2);
 INPUT ---       mlogit(2);
 INPUT ---       mlogit(2);
 INPUT ---       mlogit(2);
 INPUT ---       mlogit(2);
 INPUT ---       mlogit(2);
 INPUT ---       mlogit(2);
 INPUT ---       mlogit(3);
 INPUT ---       mlogit(3);
 INPUT ---       mlogit(3);
 INPUT ---       mlogit(3);
 INPUT ---       mlogit(3);
 INPUT ---       mlogit(3);
 INPUT ---       mlogit(3);
 INPUT ---       mlogit(3);
 INPUT ---       mlogit(3);
 INPUT ---       mlogit(3);
 INPUT ---       mlogit(3);
 INPUT ---       mlogit(3);
 INPUT ---       mlogit(3);
 INPUT ---       mlogit(3);
 INPUT ---       mlogit(3);
 INPUT ---       mlogit(3);
 INPUT ---       mlogit(3);
 INPUT ---       mlogit(3);
 INPUT ---       mlogit(3);
 INPUT ---       mlogit(3);
 INPUT ---       mlogit(3);
 INPUT ---       mlogit(3);
 INPUT ---       mlogit(4);
 INPUT ---       mlogit(4);

Program  MARK  - Survival Rate Estimation with Capture-Recapture Data
 gfortran(dble/PIM2) Vers. 11.1 Nov 2024  15-Feb-2026 11:48:06    Page  008
 - - - - - - - - - - - - - - - - - - - - - - - - - - - - - - - - - - - - - -
 
 INPUT ---       mlogit(4);
 INPUT ---       mlogit(4);
 INPUT ---       mlogit(4);
 INPUT ---       mlogit(4);
 INPUT ---       mlogit(4);
 INPUT ---       mlogit(4);
 INPUT ---       mlogit(4);
 INPUT ---       mlogit(4);
 INPUT ---       mlogit(4);
 INPUT ---       mlogit(4);
 INPUT ---       mlogit(4);
 INPUT ---       mlogit(4);
 INPUT ---       mlogit(4);
 INPUT ---       mlogit(4);
 INPUT ---       mlogit(4);
 INPUT ---       mlogit(4);
 INPUT ---       mlogit(4);
 INPUT ---       mlogit(4);
 INPUT ---       mlogit(4);
 INPUT ---       mlogit(4);
 INPUT ---       mlogit(5);
 INPUT ---       mlogit(5);
 INPUT ---       mlogit(5);
 INPUT ---       mlogit(5);
 INPUT ---       mlogit(5);
 INPUT ---       mlogit(5);
 INPUT ---       mlogit(5);
 INPUT ---       mlogit(5);
 INPUT ---       mlogit(5);
 INPUT ---       mlogit(5);
 INPUT ---       mlogit(5);
 INPUT ---       mlogit(5);
 INPUT ---       mlogit(5);
 INPUT ---       mlogit(5);
 INPUT ---       mlogit(5);
 INPUT ---       mlogit(5);
 INPUT ---       mlogit(5);
 INPUT ---       mlogit(5);
 INPUT ---       mlogit(5);
 INPUT ---       mlogit(5);
 INPUT ---       mlogit(5);
 INPUT ---       mlogit(5);
 INPUT ---       mlogit(6);
 INPUT ---       mlogit(6);
 INPUT ---       mlogit(6);
 INPUT ---       mlogit(6);

Program  MARK  - Survival Rate Estimation with Capture-Recapture Data
 gfortran(dble/PIM2) Vers. 11.1 Nov 2024  15-Feb-2026 11:48:06    Page  009
 - - - - - - - - - - - - - - - - - - - - - - - - - - - - - - - - - - - - - -
 
 INPUT ---       mlogit(6);
 INPUT ---       mlogit(6);
 INPUT ---       mlogit(6);
 INPUT ---       mlogit(6);
 INPUT ---       mlogit(6);
 INPUT ---       mlogit(6);
 INPUT ---       mlogit(6);
 INPUT ---       mlogit(6);
 INPUT ---       mlogit(6);
 INPUT ---       mlogit(6);
 INPUT ---       mlogit(6);
 INPUT ---       mlogit(6);
 INPUT ---       mlogit(6);
 INPUT ---       mlogit(6);
 INPUT ---       mlogit(6);
 INPUT ---       mlogit(6);
 INPUT ---       mlogit(6);
 INPUT ---       mlogit(6);
 INPUT ---       blabel(1)=Phi:(Intercept);
 INPUT ---       blabel(2)=p:(Intercept);
 INPUT ---       blabel(3)=pent:(Intercept);
 INPUT ---       blabel(4)=N:(Intercept);
 INPUT ---       blabel(5)=N:groupS1;
 INPUT ---       blabel(6)=N:groupR2;
 INPUT ---       blabel(7)=N:groupS2;
 INPUT ---       blabel(8)=N:groupR3;
 INPUT ---       blabel(9)=N:groupS3;
 INPUT ---       rlabel(1)=Phi gR1 a0 t1;
 INPUT ---       rlabel(2)=p gR1 a0 t1;
 INPUT ---       rlabel(3)=N gR1 a0 t1;
 INPUT ---       rlabel(4)=N gS1 a0 t1;
 INPUT ---       rlabel(5)=N gR2 a0 t1;
 INPUT ---       rlabel(6)=N gS2 a0 t1;
 INPUT ---       rlabel(7)=N gR3 a0 t1;
 INPUT ---       rlabel(8)=N gS3 a0 t1;
 INPUT ---       rlabel(9)=pent gR1 a0.492772667542707 t1.49277266754271;
 INPUT ---       rlabel(10)=pent gR1 a1.01839684625493 t2.01839684625493;
 INPUT ---       rlabel(11)=pent gR1 a1.51116951379763 t2.51116951379763;
 INPUT ---       rlabel(12)=pent gR1 a2.00394218134034 t3.00394218134034;
 INPUT ---       rlabel(13)=pent gR1 a2.49671484888305 t3.49671484888305;
 INPUT ---       rlabel(14)=pent gR1 a3.02233902759527 t4.02233902759527;
 INPUT ---       rlabel(15)=pent gR1 a3.51511169513798 t4.51511169513798;
 INPUT ---       rlabel(16)=pent gR1 a4.0407358738502 t5.0407358738502;
 INPUT ---       rlabel(17)=pent gR1 a4.5335085413929 t5.5335085413929;
 INPUT ---       rlabel(18)=pent gR1 a5.35479632063075 t6.35479632063075;
 INPUT ---       rlabel(19)=pent gR1 a12.3193166885677 t13.3193166885677;

Program  MARK  - Survival Rate Estimation with Capture-Recapture Data
 gfortran(dble/PIM2) Vers. 11.1 Nov 2024  15-Feb-2026 11:48:06    Page  010
 - - - - - - - - - - - - - - - - - - - - - - - - - - - - - - - - - - - - - -
 
 INPUT ---       rlabel(20)=pent gR1 a13.3377135348226 t14.3377135348226;
 INPUT ---       rlabel(21)=pent gR1 a14.323258869908 t15.323258869908;
 INPUT ---       rlabel(22)=pent gR1 a15.0131406044678 t16.0131406044678;
 INPUT ---       rlabel(23)=pent gR1 a15.5059132720105 t16.5059132720105;
 INPUT ---       rlabel(24)=pent gR1 a16.0315374507227 t17.0315374507227;
 INPUT ---       rlabel(25)=pent gR1 a16.5243101182654 t17.5243101182654;
 INPUT ---       rlabel(26)=pent gR1 a25.3613666228647 t26.3613666228647;
 INPUT ---       rlabel(27)=pent gR1 a26.3469119579501 t27.3469119579501;
 INPUT ---       rlabel(28)=pent gR1 a27.365308804205 t28.365308804205;
 INPUT ---       rlabel(29)=pent gR1 a28.3837056504599 t29.3837056504599;
 INPUT ---       rlabel(30)=pent gR1 a29.3692509855453 t30.3692509855453;
 INPUT ---       rlabel(31)=pent gS1 a0.492772667542707 t1.49277266754271;
 INPUT ---       rlabel(32)=pent gS1 a1.01839684625493 t2.01839684625493;
 INPUT ---       rlabel(33)=pent gS1 a1.51116951379763 t2.51116951379763;
 INPUT ---       rlabel(34)=pent gS1 a2.00394218134034 t3.00394218134034;
 INPUT ---       rlabel(35)=pent gS1 a2.49671484888305 t3.49671484888305;
 INPUT ---       rlabel(36)=pent gS1 a3.02233902759527 t4.02233902759527;
 INPUT ---       rlabel(37)=pent gS1 a3.51511169513798 t4.51511169513798;
 INPUT ---       rlabel(38)=pent gS1 a4.0407358738502 t5.0407358738502;
 INPUT ---       rlabel(39)=pent gS1 a4.5335085413929 t5.5335085413929;
 INPUT ---       rlabel(40)=pent gS1 a5.35479632063075 t6.35479632063075;
 INPUT ---       rlabel(41)=pent gS1 a12.3193166885677 t13.3193166885677;
 INPUT ---       rlabel(42)=pent gS1 a13.3377135348226 t14.3377135348226;
 INPUT ---       rlabel(43)=pent gS1 a14.323258869908 t15.323258869908;
 INPUT ---       rlabel(44)=pent gS1 a15.0131406044678 t16.0131406044678;
 INPUT ---       rlabel(45)=pent gS1 a15.5059132720105 t16.5059132720105;
 INPUT ---       rlabel(46)=pent gS1 a16.0315374507227 t17.0315374507227;
 INPUT ---       rlabel(47)=pent gS1 a16.5243101182654 t17.5243101182654;
 INPUT ---       rlabel(48)=pent gS1 a25.3613666228647 t26.3613666228647;
 INPUT ---       rlabel(49)=pent gS1 a26.3469119579501 t27.3469119579501;
 INPUT ---       rlabel(50)=pent gS1 a27.365308804205 t28.365308804205;
 INPUT ---       rlabel(51)=pent gS1 a28.3837056504599 t29.3837056504599;
 INPUT ---       rlabel(52)=pent gS1 a29.3692509855453 t30.3692509855453;
 INPUT ---       rlabel(53)=pent gR2 a0.492772667542707 t1.49277266754271;
 INPUT ---       rlabel(54)=pent gR2 a1.01839684625493 t2.01839684625493;
 INPUT ---       rlabel(55)=pent gR2 a1.51116951379763 t2.51116951379763;
 INPUT ---       rlabel(56)=pent gR2 a2.00394218134034 t3.00394218134034;
 INPUT ---       rlabel(57)=pent gR2 a2.49671484888305 t3.49671484888305;
 INPUT ---       rlabel(58)=pent gR2 a3.02233902759527 t4.02233902759527;
 INPUT ---       rlabel(59)=pent gR2 a3.51511169513798 t4.51511169513798;
 INPUT ---       rlabel(60)=pent gR2 a4.0407358738502 t5.0407358738502;
 INPUT ---       rlabel(61)=pent gR2 a4.5335085413929 t5.5335085413929;
 INPUT ---       rlabel(62)=pent gR2 a5.35479632063075 t6.35479632063075;
 INPUT ---       rlabel(63)=pent gR2 a12.3193166885677 t13.3193166885677;
 INPUT ---       rlabel(64)=pent gR2 a13.3377135348226 t14.3377135348226;
 INPUT ---       rlabel(65)=pent gR2 a14.323258869908 t15.323258869908;

Program  MARK  - Survival Rate Estimation with Capture-Recapture Data
 gfortran(dble/PIM2) Vers. 11.1 Nov 2024  15-Feb-2026 11:48:06    Page  011
 - - - - - - - - - - - - - - - - - - - - - - - - - - - - - - - - - - - - - -
 
 INPUT ---       rlabel(66)=pent gR2 a15.0131406044678 t16.0131406044678;
 INPUT ---       rlabel(67)=pent gR2 a15.5059132720105 t16.5059132720105;
 INPUT ---       rlabel(68)=pent gR2 a16.0315374507227 t17.0315374507227;
 INPUT ---       rlabel(69)=pent gR2 a16.5243101182654 t17.5243101182654;
 INPUT ---       rlabel(70)=pent gR2 a25.3613666228647 t26.3613666228647;
 INPUT ---       rlabel(71)=pent gR2 a26.3469119579501 t27.3469119579501;
 INPUT ---       rlabel(72)=pent gR2 a27.365308804205 t28.365308804205;
 INPUT ---       rlabel(73)=pent gR2 a28.3837056504599 t29.3837056504599;
 INPUT ---       rlabel(74)=pent gR2 a29.3692509855453 t30.3692509855453;
 INPUT ---       rlabel(75)=pent gS2 a0.492772667542707 t1.49277266754271;
 INPUT ---       rlabel(76)=pent gS2 a1.01839684625493 t2.01839684625493;
 INPUT ---       rlabel(77)=pent gS2 a1.51116951379763 t2.51116951379763;
 INPUT ---       rlabel(78)=pent gS2 a2.00394218134034 t3.00394218134034;
 INPUT ---       rlabel(79)=pent gS2 a2.49671484888305 t3.49671484888305;
 INPUT ---       rlabel(80)=pent gS2 a3.02233902759527 t4.02233902759527;
 INPUT ---       rlabel(81)=pent gS2 a3.51511169513798 t4.51511169513798;
 INPUT ---       rlabel(82)=pent gS2 a4.0407358738502 t5.0407358738502;
 INPUT ---       rlabel(83)=pent gS2 a4.5335085413929 t5.5335085413929;
 INPUT ---       rlabel(84)=pent gS2 a5.35479632063075 t6.35479632063075;
 INPUT ---       rlabel(85)=pent gS2 a12.3193166885677 t13.3193166885677;
 INPUT ---       rlabel(86)=pent gS2 a13.3377135348226 t14.3377135348226;
 INPUT ---       rlabel(87)=pent gS2 a14.323258869908 t15.323258869908;
 INPUT ---       rlabel(88)=pent gS2 a15.0131406044678 t16.0131406044678;
 INPUT ---       rlabel(89)=pent gS2 a15.5059132720105 t16.5059132720105;
 INPUT ---       rlabel(90)=pent gS2 a16.0315374507227 t17.0315374507227;
 INPUT ---       rlabel(91)=pent gS2 a16.5243101182654 t17.5243101182654;
 INPUT ---       rlabel(92)=pent gS2 a25.3613666228647 t26.3613666228647;
 INPUT ---       rlabel(93)=pent gS2 a26.3469119579501 t27.3469119579501;
 INPUT ---       rlabel(94)=pent gS2 a27.365308804205 t28.365308804205;
 INPUT ---       rlabel(95)=pent gS2 a28.3837056504599 t29.3837056504599;
 INPUT ---       rlabel(96)=pent gS2 a29.3692509855453 t30.3692509855453;
 INPUT ---       rlabel(97)=pent gR3 a0.492772667542707 t1.49277266754271;
 INPUT ---       rlabel(98)=pent gR3 a1.01839684625493 t2.01839684625493;
 INPUT ---       rlabel(99)=pent gR3 a1.51116951379763 t2.51116951379763;
 INPUT ---       rlabel(100)=pent gR3 a2.00394218134034 t3.00394218134034;
 INPUT ---       rlabel(101)=pent gR3 a2.49671484888305 t3.49671484888305;
 INPUT ---       rlabel(102)=pent gR3 a3.02233902759527 t4.02233902759527;
 INPUT ---       rlabel(103)=pent gR3 a3.51511169513798 t4.51511169513798;
 INPUT ---       rlabel(104)=pent gR3 a4.0407358738502 t5.0407358738502;
 INPUT ---       rlabel(105)=pent gR3 a4.5335085413929 t5.5335085413929;
 INPUT ---       rlabel(106)=pent gR3 a5.35479632063075 t6.35479632063075;
 INPUT ---       rlabel(107)=pent gR3 a12.3193166885677 t13.3193166885677;
 INPUT ---       rlabel(108)=pent gR3 a13.3377135348226 t14.3377135348226;
 INPUT ---       rlabel(109)=pent gR3 a14.323258869908 t15.323258869908;
 INPUT ---       rlabel(110)=pent gR3 a15.0131406044678 t16.0131406044678;
 INPUT ---       rlabel(111)=pent gR3 a15.5059132720105 t16.5059132720105;

Program  MARK  - Survival Rate Estimation with Capture-Recapture Data
 gfortran(dble/PIM2) Vers. 11.1 Nov 2024  15-Feb-2026 11:48:06    Page  012
 - - - - - - - - - - - - - - - - - - - - - - - - - - - - - - - - - - - - - -
 
 INPUT ---       rlabel(112)=pent gR3 a16.0315374507227 t17.0315374507227;
 INPUT ---       rlabel(113)=pent gR3 a16.5243101182654 t17.5243101182654;
 INPUT ---       rlabel(114)=pent gR3 a25.3613666228647 t26.3613666228647;
 INPUT ---       rlabel(115)=pent gR3 a26.3469119579501 t27.3469119579501;
 INPUT ---       rlabel(116)=pent gR3 a27.365308804205 t28.365308804205;
 INPUT ---       rlabel(117)=pent gR3 a28.3837056504599 t29.3837056504599;
 INPUT ---       rlabel(118)=pent gR3 a29.3692509855453 t30.3692509855453;
 INPUT ---       rlabel(119)=pent gS3 a0.492772667542707 t1.49277266754271;
 INPUT ---       rlabel(120)=pent gS3 a1.01839684625493 t2.01839684625493;
 INPUT ---       rlabel(121)=pent gS3 a1.51116951379763 t2.51116951379763;
 INPUT ---       rlabel(122)=pent gS3 a2.00394218134034 t3.00394218134034;
 INPUT ---       rlabel(123)=pent gS3 a2.49671484888305 t3.49671484888305;
 INPUT ---       rlabel(124)=pent gS3 a3.02233902759527 t4.02233902759527;
 INPUT ---       rlabel(125)=pent gS3 a3.51511169513798 t4.51511169513798;
 INPUT ---       rlabel(126)=pent gS3 a4.0407358738502 t5.0407358738502;
 INPUT ---       rlabel(127)=pent gS3 a4.5335085413929 t5.5335085413929;
 INPUT ---       rlabel(128)=pent gS3 a5.35479632063075 t6.35479632063075;
 INPUT ---       rlabel(129)=pent gS3 a12.3193166885677 t13.3193166885677;
 INPUT ---       rlabel(130)=pent gS3 a13.3377135348226 t14.3377135348226;
 INPUT ---       rlabel(131)=pent gS3 a14.323258869908 t15.323258869908;
 INPUT ---       rlabel(132)=pent gS3 a15.0131406044678 t16.0131406044678;
 INPUT ---       rlabel(133)=pent gS3 a15.5059132720105 t16.5059132720105;
 INPUT ---       rlabel(134)=pent gS3 a16.0315374507227 t17.0315374507227;
 INPUT ---       rlabel(135)=pent gS3 a16.5243101182654 t17.5243101182654;
 INPUT ---       rlabel(136)=pent gS3 a25.3613666228647 t26.3613666228647;
 INPUT ---       rlabel(137)=pent gS3 a26.3469119579501 t27.3469119579501;
 INPUT ---       rlabel(138)=pent gS3 a27.365308804205 t28.365308804205;
 INPUT ---       rlabel(139)=pent gS3 a28.3837056504599 t29.3837056504599;
 INPUT ---       rlabel(140)=pent gS3 a29.3692509855453 t30.3692509855453;
   Model is { null }

 Link Function Used is PARM-SPECIFIC

 Variance Estimation Procedure Used is 2ndPart 

 M(t+1):
      12      5     14      4     74     23

 Group 1 = valleyR.altitude1

 U(t)+UL(t):
       2    0    0    0    1    0    1    0    1    1    1    3    0    0    0
       0    2    0    0    0    0    0    0

 U(t):
       2    0    0    0    1    0    1    0    1    1    1    3    0    0    0
       0    2    0    0    0    0    0    0

 UL(t):
       0    0    0    0    0    0    0    0    0    0    0    0    0    0    0
       0    0    0    0    0    0    0    0

 Not Released(t):
       0    0    0    0    0    0    0    0    0    0    0    0    0    0    0
       0    0    0    0    0    0    0    0

 Group 2 = valleyS.altitude1

 U(t)+UL(t):
       0    0    0    1    1    0    2    0    0    0    0    0    0    0    1
       0    0    0    0    0    0    0    0

 U(t):
       0    0    0    1    1    0    2    0    0    0    0    0    0    0    1
       0    0    0    0    0    0    0    0

 UL(t):
       0    0    0    0    0    0    0    0    0    0    0    0    0    0    0
       0    0    0    0    0    0    0    0

 Not Released(t):
       0    0    0    0    0    0    0    0    0    0    0    0    0    0    0
       0    0    0    0    0    0    0    0

 Group 3 = valleyR.altitude2

 U(t)+UL(t):
       2    0    0    0    1    0    1    0    0    0    1    1    0    1    0
       0    0    2    3    0    0    0    2

 U(t):
       2    0    0    0    1    0    1    0    0    0    1    1    0    1    0
       0    0    2    3    0    0    0    2

 UL(t):
       0    0    0    0    0    0    0    0    0    0    0    0    0    0    0
       0    0    0    0    0    0    0    0

 Not Released(t):
       0    0    0    0    0    0    0    0    0    0    0    0    0    0    0
       0    0    0    0    0    0    0    0

 Group 4 = valleyS.altitude2

 U(t)+UL(t):
       0    0    0    1    0    1    0    0    0    0    0    2    0    0    0
       0    0    0    0    0    0    0    0

 U(t):
       0    0    0    1    0    1    0    0    0    0    0    2    0    0    0
       0    0    0    0    0    0    0    0

 UL(t):
       0    0    0    0    0    0    0    0    0    0    0    0    0    0    0
       0    0    0    0    0    0    0    0

 Not Released(t):
       0    0    0    0    0    0    0    0    0    0    0    0    0    0    0
       0    0    0    0    0    0    0    0

 Group 5 = valleyR.altitude3

 U(t)+UL(t):
       3    6    2    2    1    0    4    1    3    0    0    9    2    0    5
       6    2    2   10    1    9    6    0

 U(t):
       3    6    2    2    1    0    4    1    3    0    0    9    2    0    5
       6    2    2   10    1    9    6    0

 UL(t):
       0    0    0    0    0    0    0    0    0    0    0    0    0    0    0
       0    0    0    0    0    0    0    0

 Not Released(t):
       0    0    0    0    0    0    0    0    0    0    0    0    0    0    0
       0    0    0    0    0    0    0    0

 Group 6 = valleyS.altitude3

 U(t)+UL(t):
       0    1    1    0    0    1    1    2    3    4    0    1    3    0    1
       1    1    0    0    2    1    0    0

 U(t):
       0    1    1    0    0    1    1    2    3    4    0    1    3    0    1
       1    1    0    0    2    1    0    0

 UL(t):
       0    0    0    0    0    0    0    0    0    0    0    0    0    0    0
       0    0    0    0    0    0    0    0

 Not Released(t):
       0    0    0    0    0    0    0    0    0    0    0    0    0    0    0
       0    0    0    0    0    0    0    0


 -2logL(saturated) = 760.43885     
 Effective Sample Size = 224

 Number of function evaluations was 27 for 9 parameters.
 For numerical optimization, CPU Time was 0.031 secs and System Time was 0.032 secs.
 -2logL { null } = 960.68694     
 Penalty { null } = 0.0000000     

Program  MARK  - Survival Rate Estimation with Capture-Recapture Data
 gfortran(dble/PIM2) Vers. 11.1 Nov 2024  15-Feb-2026 11:48:06    Page  013
 - - - - - - - - - - - - - - - - - - - - - - - - - - - - - - - - - - - - - -
 
 Gradient { null }:
   0.0000      1.08035E-05   0.0000      7.03169E-06 -7.80522E-06
  1.31339E-05 -6.88879E-06   0.0000      4.55267E-06
 Maximum ABS(G) { null } =  1.31339E-05
 To compute VC matrix, CPU Time was 0.031 secs and System Time was 0.078 secs.
 S Vector { null }:
   210.0679      33.85737      23.08543      14.53177      8.126227    
   7.059506      2.515905      1.468297     0.6357054    
 To invert VC matrix, CPU Time was 0.001 secs and System Time was 0.001 secs.
 Ratio Threshold = 50.00 Max Gap (1/2) = 6.204 Next Max Gap (1/2) = 6.204
 Gap Method for Num. of Estimated Parameters { null } = 9          
 Threshold { null } = 0.2626790E-04           
 Numerical Threshold Method for Num. of Estimated Parameters { null } = 9          
 Number of Estimated Parameters { null } = 9          
 DEVIANCE { null } = 200.24809               
 DEVIANCE Degrees of Freedom { null } = 75          
 c-hat { null } = 2.6699746               
 AIC { null } = 978.68694               
 AICc { null } = 979.52807               
 BIC { null } = 1009.3918               
 Pearson Chisquare { null } = 0.5501368E+09           
 Possible Encounter Histories { null } = 50331642          
 Pearson Chisquare df { null } = 50331627          
 Pearson chat { null } = 10.930241               
 Sum(Observed/Expected) { null } = 0.5501369E+09           
 s-bar { null } = 9.9302399               
 Fletcher chat { null } = 1.0000001               


                    PARM-SPECIFIC Link Function Parameters of { null }
                                                              95% Confidence Interval
    Parameter                  Beta         Standard Error     Lower           Upper
 -------------------------  --------------  --------------  --------------  --------------
    1:Phi:(Intercept)        2.4651444       0.1989228       2.0752557       2.8550330    
    2:p:(Intercept)         -1.8247794       0.1526124      -2.1238998      -1.5256590    
    3:pent:(Intercept)      -1.2040167       0.3393978      -1.8692364      -0.5387969    
    4:N:(Intercept)          2.2550031       0.4727780       1.3283582       3.1816481    
    5:N:groupS1             -0.9549471       0.8805874      -2.6808985       0.7710042    
    6:N:groupR2              0.1617822       0.6117652      -1.0372776       1.3608421    
    7:N:groupS2             -1.2150168       0.9872764      -3.1500786       0.7200451    
    8:N:groupR3              1.8627450       0.4828467       0.9163656       2.8091245    
    9:N:groupS3              0.6758068       0.5510086      -0.4041700       1.7557836    

Program  MARK  - Survival Rate Estimation with Capture-Recapture Data
 gfortran(dble/PIM2) Vers. 11.1 Nov 2024  15-Feb-2026 11:48:06    Page  014
 - - - - - - - - - - - - - - - - - - - - - - - - - - - - - - - - - - - - - -
 
                           Real Function Parameters of { null }
                                                               95% Confidence Interval
     Parameter                Estimate       Standard Error     Lower           Upper
 --------------------------  --------------  --------------  --------------  --------------
     1:Phi gR1 a0 t1          0.9216619       0.0143625       0.8884748       0.9455783       
     2:p gR1 a0 t1            0.1388614       0.0182492       0.1067955       0.1786297       
     3:N gR1 a0 t1            21.535323       4.5080912       15.953808       34.996160       
     4:N gS1 a0 t1            8.6695022       2.8342025       5.9602429       19.022751       
     5:N gR2 a0 t1            25.209766       4.9061243       18.934542       39.465152       
     6:N gS2 a0 t1            6.8291785       2.5266671       4.6306701       16.691661       
     7:N gR3 a0 t1            135.42078       13.593249       114.01077       168.28740       
     8:N gS3 a0 t1            41.742805       6.4976626       32.684360       59.274235       
     9:pent gR1 a0.49277266   0.0394735       0.0017629       0.0361596       0.0430774       
    10:pent gR1 a1.01839684   0.0394735       0.0017629       0.0361596       0.0430774       
    11:pent gR1 a1.51116951   0.0394735       0.0017629       0.0361596       0.0430774       
    12:pent gR1 a2.00394218   0.0394735       0.0017629       0.0361596       0.0430774       
    13:pent gR1 a2.49671484   0.0394735       0.0017629       0.0361596       0.0430774       
    14:pent gR1 a3.02233902   0.0394735       0.0017629       0.0361596       0.0430774       
    15:pent gR1 a3.51511169   0.0394735       0.0017629       0.0361596       0.0430774       
    16:pent gR1 a4.04073587   0.0394735       0.0017629       0.0361596       0.0430774       
    17:pent gR1 a4.53350854   0.0394735       0.0017629       0.0361596       0.0430774       
    18:pent gR1 a5.35479632   0.0394735       0.0017629       0.0361596       0.0430774       
    19:pent gR1 a12.3193166   0.0394735       0.0017629       0.0361596       0.0430774       
    20:pent gR1 a13.3377135   0.0394735       0.0017629       0.0361596       0.0430774       
    21:pent gR1 a14.3232588   0.0394735       0.0017629       0.0361596       0.0430774       
    22:pent gR1 a15.0131406   0.0394735       0.0017629       0.0361596       0.0430774       
    23:pent gR1 a15.5059132   0.0394735       0.0017629       0.0361596       0.0430774       
    24:pent gR1 a16.0315374   0.0394735       0.0017629       0.0361596       0.0430774       
    25:pent gR1 a16.5243101   0.0394735       0.0017629       0.0361596       0.0430774       
    26:pent gR1 a25.3613666   0.0394735       0.0017629       0.0361596       0.0430774       
    27:pent gR1 a26.3469119   0.0394735       0.0017629       0.0361596       0.0430774       
    28:pent gR1 a27.3653088   0.0394735       0.0017629       0.0361596       0.0430774       
    29:pent gR1 a28.3837056   0.0394735       0.0017629       0.0361596       0.0430774       
    30:pent gR1 a29.3692509   0.0394735       0.0017629       0.0361596       0.0430774       
    31:pent gS1 a0.49277266   0.0394735       0.0017629       0.0361596       0.0430774       
    32:pent gS1 a1.01839684   0.0394735       0.0017629       0.0361596       0.0430774       
    33:pent gS1 a1.51116951   0.0394735       0.0017629       0.0361596       0.0430774       
    34:pent gS1 a2.00394218   0.0394735       0.0017629       0.0361596       0.0430774       
    35:pent gS1 a2.49671484   0.0394735       0.0017629       0.0361596       0.0430774       
    36:pent gS1 a3.02233902   0.0394735       0.0017629       0.0361596       0.0430774       
    37:pent gS1 a3.51511169   0.0394735       0.0017629       0.0361596       0.0430774       
    38:pent gS1 a4.04073587   0.0394735       0.0017629       0.0361596       0.0430774       
    39:pent gS1 a4.53350854   0.0394735       0.0017629       0.0361596       0.0430774       
    40:pent gS1 a5.35479632   0.0394735       0.0017629       0.0361596       0.0430774       
    41:pent gS1 a12.3193166   0.0394735       0.0017629       0.0361596       0.0430774       

Program  MARK  - Survival Rate Estimation with Capture-Recapture Data
 gfortran(dble/PIM2) Vers. 11.1 Nov 2024  15-Feb-2026 11:48:06    Page  015
 - - - - - - - - - - - - - - - - - - - - - - - - - - - - - - - - - - - - - -
 
    42:pent gS1 a13.3377135   0.0394735       0.0017629       0.0361596       0.0430774       
    43:pent gS1 a14.3232588   0.0394735       0.0017629       0.0361596       0.0430774       
    44:pent gS1 a15.0131406   0.0394735       0.0017629       0.0361596       0.0430774       
    45:pent gS1 a15.5059132   0.0394735       0.0017629       0.0361596       0.0430774       
    46:pent gS1 a16.0315374   0.0394735       0.0017629       0.0361596       0.0430774       
    47:pent gS1 a16.5243101   0.0394735       0.0017629       0.0361596       0.0430774       
    48:pent gS1 a25.3613666   0.0394735       0.0017629       0.0361596       0.0430774       
    49:pent gS1 a26.3469119   0.0394735       0.0017629       0.0361596       0.0430774       
    50:pent gS1 a27.3653088   0.0394735       0.0017629       0.0361596       0.0430774       
    51:pent gS1 a28.3837056   0.0394735       0.0017629       0.0361596       0.0430774       
    52:pent gS1 a29.3692509   0.0394735       0.0017629       0.0361596       0.0430774       
    53:pent gR2 a0.49277266   0.0394735       0.0017629       0.0361596       0.0430774       
    54:pent gR2 a1.01839684   0.0394735       0.0017629       0.0361596       0.0430774       
    55:pent gR2 a1.51116951   0.0394735       0.0017629       0.0361596       0.0430774       
    56:pent gR2 a2.00394218   0.0394735       0.0017629       0.0361596       0.0430774       
    57:pent gR2 a2.49671484   0.0394735       0.0017629       0.0361596       0.0430774       
    58:pent gR2 a3.02233902   0.0394735       0.0017629       0.0361596       0.0430774       
    59:pent gR2 a3.51511169   0.0394735       0.0017629       0.0361596       0.0430774       
    60:pent gR2 a4.04073587   0.0394735       0.0017629       0.0361596       0.0430774       
    61:pent gR2 a4.53350854   0.0394735       0.0017629       0.0361596       0.0430774       
    62:pent gR2 a5.35479632   0.0394735       0.0017629       0.0361596       0.0430774       
    63:pent gR2 a12.3193166   0.0394735       0.0017629       0.0361596       0.0430774       
    64:pent gR2 a13.3377135   0.0394735       0.0017629       0.0361596       0.0430774       
    65:pent gR2 a14.3232588   0.0394735       0.0017629       0.0361596       0.0430774       
    66:pent gR2 a15.0131406   0.0394735       0.0017629       0.0361596       0.0430774       
    67:pent gR2 a15.5059132   0.0394735       0.0017629       0.0361596       0.0430774       
    68:pent gR2 a16.0315374   0.0394735       0.0017629       0.0361596       0.0430774       
    69:pent gR2 a16.5243101   0.0394735       0.0017629       0.0361596       0.0430774       
    70:pent gR2 a25.3613666   0.0394735       0.0017629       0.0361596       0.0430774       
    71:pent gR2 a26.3469119   0.0394735       0.0017629       0.0361596       0.0430774       
    72:pent gR2 a27.3653088   0.0394735       0.0017629       0.0361596       0.0430774       
    73:pent gR2 a28.3837056   0.0394735       0.0017629       0.0361596       0.0430774       
    74:pent gR2 a29.3692509   0.0394735       0.0017629       0.0361596       0.0430774       
    75:pent gS2 a0.49277266   0.0394735       0.0017629       0.0361596       0.0430774       
    76:pent gS2 a1.01839684   0.0394735       0.0017629       0.0361596       0.0430774       
    77:pent gS2 a1.51116951   0.0394735       0.0017629       0.0361596       0.0430774       
    78:pent gS2 a2.00394218   0.0394735       0.0017629       0.0361596       0.0430774       
    79:pent gS2 a2.49671484   0.0394735       0.0017629       0.0361596       0.0430774       
    80:pent gS2 a3.02233902   0.0394735       0.0017629       0.0361596       0.0430774       
    81:pent gS2 a3.51511169   0.0394735       0.0017629       0.0361596       0.0430774       
    82:pent gS2 a4.04073587   0.0394735       0.0017629       0.0361596       0.0430774       
    83:pent gS2 a4.53350854   0.0394735       0.0017629       0.0361596       0.0430774       
    84:pent gS2 a5.35479632   0.0394735       0.0017629       0.0361596       0.0430774       
    85:pent gS2 a12.3193166   0.0394735       0.0017629       0.0361596       0.0430774       
    86:pent gS2 a13.3377135   0.0394735       0.0017629       0.0361596       0.0430774       
    87:pent gS2 a14.3232588   0.0394735       0.0017629       0.0361596       0.0430774       

Program  MARK  - Survival Rate Estimation with Capture-Recapture Data
 gfortran(dble/PIM2) Vers. 11.1 Nov 2024  15-Feb-2026 11:48:06    Page  016
 - - - - - - - - - - - - - - - - - - - - - - - - - - - - - - - - - - - - - -
 
    88:pent gS2 a15.0131406   0.0394735       0.0017629       0.0361596       0.0430774       
    89:pent gS2 a15.5059132   0.0394735       0.0017629       0.0361596       0.0430774       
    90:pent gS2 a16.0315374   0.0394735       0.0017629       0.0361596       0.0430774       
    91:pent gS2 a16.5243101   0.0394735       0.0017629       0.0361596       0.0430774       
    92:pent gS2 a25.3613666   0.0394735       0.0017629       0.0361596       0.0430774       
    93:pent gS2 a26.3469119   0.0394735       0.0017629       0.0361596       0.0430774       
    94:pent gS2 a27.3653088   0.0394735       0.0017629       0.0361596       0.0430774       
    95:pent gS2 a28.3837056   0.0394735       0.0017629       0.0361596       0.0430774       
    96:pent gS2 a29.3692509   0.0394735       0.0017629       0.0361596       0.0430774       
    97:pent gR3 a0.49277266   0.0394735       0.0017629       0.0361596       0.0430774       
    98:pent gR3 a1.01839684   0.0394735       0.0017629       0.0361596       0.0430774       
    99:pent gR3 a1.51116951   0.0394735       0.0017629       0.0361596       0.0430774       
   100:pent gR3 a2.00394218   0.0394735       0.0017629       0.0361596       0.0430774       
   101:pent gR3 a2.49671484   0.0394735       0.0017629       0.0361596       0.0430774       
   102:pent gR3 a3.02233902   0.0394735       0.0017629       0.0361596       0.0430774       
   103:pent gR3 a3.51511169   0.0394735       0.0017629       0.0361596       0.0430774       
   104:pent gR3 a4.04073587   0.0394735       0.0017629       0.0361596       0.0430774       
   105:pent gR3 a4.53350854   0.0394735       0.0017629       0.0361596       0.0430774       
   106:pent gR3 a5.35479632   0.0394735       0.0017629       0.0361596       0.0430774       
   107:pent gR3 a12.3193166   0.0394735       0.0017629       0.0361596       0.0430774       
   108:pent gR3 a13.3377135   0.0394735       0.0017629       0.0361596       0.0430774       
   109:pent gR3 a14.3232588   0.0394735       0.0017629       0.0361596       0.0430774       
   110:pent gR3 a15.0131406   0.0394735       0.0017629       0.0361596       0.0430774       
   111:pent gR3 a15.5059132   0.0394735       0.0017629       0.0361596       0.0430774       
   112:pent gR3 a16.0315374   0.0394735       0.0017629       0.0361596       0.0430774       
   113:pent gR3 a16.5243101   0.0394735       0.0017629       0.0361596       0.0430774       
   114:pent gR3 a25.3613666   0.0394735       0.0017629       0.0361596       0.0430774       
   115:pent gR3 a26.3469119   0.0394735       0.0017629       0.0361596       0.0430774       
   116:pent gR3 a27.3653088   0.0394735       0.0017629       0.0361596       0.0430774       
   117:pent gR3 a28.3837056   0.0394735       0.0017629       0.0361596       0.0430774       
   118:pent gR3 a29.3692509   0.0394735       0.0017629       0.0361596       0.0430774       
   119:pent gS3 a0.49277266   0.0394735       0.0017629       0.0361596       0.0430774       
   120:pent gS3 a1.01839684   0.0394735       0.0017629       0.0361596       0.0430774       
   121:pent gS3 a1.51116951   0.0394735       0.0017629       0.0361596       0.0430774       
   122:pent gS3 a2.00394218   0.0394735       0.0017629       0.0361596       0.0430774       
   123:pent gS3 a2.49671484   0.0394735       0.0017629       0.0361596       0.0430774       
   124:pent gS3 a3.02233902   0.0394735       0.0017629       0.0361596       0.0430774       
   125:pent gS3 a3.51511169   0.0394735       0.0017629       0.0361596       0.0430774       
   126:pent gS3 a4.04073587   0.0394735       0.0017629       0.0361596       0.0430774       
   127:pent gS3 a4.53350854   0.0394735       0.0017629       0.0361596       0.0430774       
   128:pent gS3 a5.35479632   0.0394735       0.0017629       0.0361596       0.0430774       
   129:pent gS3 a12.3193166   0.0394735       0.0017629       0.0361596       0.0430774       
   130:pent gS3 a13.3377135   0.0394735       0.0017629       0.0361596       0.0430774       
   131:pent gS3 a14.3232588   0.0394735       0.0017629       0.0361596       0.0430774       
   132:pent gS3 a15.0131406   0.0394735       0.0017629       0.0361596       0.0430774       
   133:pent gS3 a15.5059132   0.0394735       0.0017629       0.0361596       0.0430774       

Program  MARK  - Survival Rate Estimation with Capture-Recapture Data
 gfortran(dble/PIM2) Vers. 11.1 Nov 2024  15-Feb-2026 11:48:06    Page  017
 - - - - - - - - - - - - - - - - - - - - - - - - - - - - - - - - - - - - - -
 
   134:pent gS3 a16.0315374   0.0394735       0.0017629       0.0361596       0.0430774       
   135:pent gS3 a16.5243101   0.0394735       0.0017629       0.0361596       0.0430774       
   136:pent gS3 a25.3613666   0.0394735       0.0017629       0.0361596       0.0430774       
   137:pent gS3 a26.3469119   0.0394735       0.0017629       0.0361596       0.0430774       
   138:pent gS3 a27.3653088   0.0394735       0.0017629       0.0361596       0.0430774       
   139:pent gS3 a28.3837056   0.0394735       0.0017629       0.0361596       0.0430774       
   140:pent gS3 a29.3692509   0.0394735       0.0017629       0.0361596       0.0430774       


                     Estimates of Derived Parameters

              Gross Birth+Immigration Estimates of { null }
                                                95% Confidence Interval
 Grp. Occ.     B*-hat        Standard Error      Lower           Upper
 ---- ----   --------------  --------------  --------------  --------------
   1     1    0.8672741       0.1882602       0.5695140       1.3207126    
   1     2    0.8684289       0.1885399       0.5702364       1.3225547    
   1     3    0.8672741       0.1882602       0.5695140       1.3207126    
   1     4    0.8672741       0.1882602       0.5695140       1.3207126    
   1     5    0.8672741       0.1882602       0.5695140       1.3207126    
   1     6    0.8684289       0.1885399       0.5702364       1.3225547    
   1     7    0.8672741       0.1882602       0.5695140       1.3207126    
   1     8    0.8684289       0.1885399       0.5702364       1.3225547    
   1     9    0.8672741       0.1882602       0.5695140       1.3207126    
   1    10    0.8788682       0.1910800       0.5767509       1.3392425    
   1    11    1.1142995       0.2535206       0.7174224       1.7307285    
   1    12    0.8858735       0.1927970       0.5811072       1.3504770    
   1    13    0.8847034       0.1925095       0.5803804       1.3485985    
   1    14    0.8742184       0.1899458       0.5738526       1.3318015    
   1    15    0.8672741       0.1882602       0.5695140       1.3207126    
   1    16    0.8684289       0.1885399       0.5702364       1.3225547    
   1    17    0.8672741       0.1882602       0.5695140       1.3207126    
   1    18    1.1929822       0.2761815       0.7623233       1.8669332    
   1    19    0.8847034       0.1925095       0.5803804       1.3485985    
   1    20    0.8858735       0.1927970       0.5811072       1.3504770    
   1    21    0.8858735       0.1927970       0.5811072       1.3504770    
   1    22    0.8847034       0.1925095       0.5803804       1.3485985    
   2     1    0.3491396       0.1159111       0.1852494       0.6580237    
   2     2    0.3496045       0.1160732       0.1854886       0.6589263    
   2     3    0.3491396       0.1159111       0.1852494       0.6580237    
   2     4    0.3491396       0.1159111       0.1852494       0.6580237    
   2     5    0.3491396       0.1159111       0.1852494       0.6580237    

Program  MARK  - Survival Rate Estimation with Capture-Recapture Data
 gfortran(dble/PIM2) Vers. 11.1 Nov 2024  15-Feb-2026 11:48:06    Page  018
 - - - - - - - - - - - - - - - - - - - - - - - - - - - - - - - - - - - - - -
 
   2     6    0.3496045       0.1160732       0.1854886       0.6589263    
   2     7    0.3491396       0.1159111       0.1852494       0.6580237    
   2     8    0.3496045       0.1160732       0.1854886       0.6589263    
   2     9    0.3491396       0.1159111       0.1852494       0.6580237    
   2    10    0.3538071       0.1175416       0.1876480       0.6670971    
   2    11    0.4485850       0.1520573       0.2350261       0.8561964    
   2    12    0.3566272       0.1185303       0.1890939       0.6725915    
   2    13    0.3561562       0.1183650       0.1888526       0.6716732    
   2    14    0.3519352       0.1168868       0.1866869       0.6634552    
   2    15    0.3491396       0.1159111       0.1852494       0.6580237    
   2    16    0.3496045       0.1160732       0.1854886       0.6589263    
   2    17    0.3491396       0.1159111       0.1852494       0.6580237    
   2    18    0.4802604       0.1640936       0.2503954       0.9211431    
   2    19    0.3561562       0.1183650       0.1888526       0.6716732    
   2    20    0.3566272       0.1185303       0.1890939       0.6725915    
   2    21    0.3566272       0.1185303       0.1890939       0.6725915    
   2    22    0.3561562       0.1183650       0.1888526       0.6716732    
   3     1    1.0152519       0.2059948       0.6848582       1.5050361    
   3     2    1.0166037       0.2063053       0.6857238       1.5071422    
   3     3    1.0152519       0.2059948       0.6848582       1.5050361    
   3     4    1.0152519       0.2059948       0.6848582       1.5050361    
   3     5    1.0152519       0.2059948       0.6848582       1.5050361    
   3     6    1.0166037       0.2063053       0.6857238       1.5071422    
   3     7    1.0152519       0.2059948       0.6848582       1.5050361    
   3     8    1.0166037       0.2063053       0.6857238       1.5071422    
   3     9    1.0152519       0.2059948       0.6848582       1.5050361    
   3    10    1.0288243       0.2091275       0.6935279       1.5262246    
   3    11    1.3044258       0.2791843       0.8615308       1.9750039    
   3    12    1.0370248       0.2110369       0.6987452       1.5390740    
   3    13    1.0356551       0.2107171       0.6978748       1.5369253    
   3    14    1.0233810       0.2078670       0.6900561       1.5177152    
   3    15    1.0152519       0.2059948       0.6848582       1.5050361    
   3    16    1.0166037       0.2063053       0.6857238       1.5071422    
   3    17    1.0152519       0.2059948       0.6848582       1.5050361    
   3    18    1.3965336       0.3048108       0.9149977       2.1314875    
   3    19    1.0356551       0.2107171       0.6978748       1.5369253    
   3    20    1.0370248       0.2110369       0.6987452       1.5390740    
   3    21    1.0370248       0.2110369       0.6987452       1.5390740    
   3    22    1.0356551       0.2107171       0.6978748       1.5369253    
   4     1    0.2750258       0.1029973       0.1352050       0.5594406    
   4     2    0.2753920       0.1031399       0.1353803       0.5602052    
   4     3    0.2750258       0.1029973       0.1352050       0.5594406    
   4     4    0.2750258       0.1029973       0.1352050       0.5594406    
   4     5    0.2750258       0.1029973       0.1352050       0.5594406    
   4     6    0.2753920       0.1031399       0.1353803       0.5602052    
   4     7    0.2750258       0.1029973       0.1352050       0.5594406    

Program  MARK  - Survival Rate Estimation with Capture-Recapture Data
 gfortran(dble/PIM2) Vers. 11.1 Nov 2024  15-Feb-2026 11:48:06    Page  019
 - - - - - - - - - - - - - - - - - - - - - - - - - - - - - - - - - - - - - -
 
   4     8    0.2753920       0.1031399       0.1353803       0.5602052    
   4     9    0.2750258       0.1029973       0.1352050       0.5594406    
   4    10    0.2787025       0.1044312       0.1369628       0.5671254    
   4    11    0.3533613       0.1345343       0.1718069       0.7267706    
   4    12    0.2809240       0.1053000       0.1380227       0.5717775    
   4    13    0.2805529       0.1051548       0.1378458       0.5710000    
   4    14    0.2772279       0.1038555       0.1362584       0.5640411    
   4    15    0.2750258       0.1029973       0.1352050       0.5594406    
   4    16    0.2753920       0.1031399       0.1353803       0.5602052    
   4    17    0.2750258       0.1029973       0.1352050       0.5594406    
   4    18    0.3783128       0.1449484       0.1831531       0.7814258    
   4    19    0.2805529       0.1051548       0.1378458       0.5710000    
   4    20    0.2809240       0.1053000       0.1380227       0.5717775    
   4    21    0.2809240       0.1053000       0.1380227       0.5717775    
   4    22    0.2805529       0.1051548       0.1378458       0.5710000    
   5     1    5.4536879       0.6301528       4.3517238       6.8346966    
   5     2    5.4609499       0.6313309       4.3569934       6.8446221    
   5     3    5.4536879       0.6301528       4.3517238       6.8346966    
   5     4    5.4536879       0.6301528       4.3517238       6.8346966    
   5     5    5.4536879       0.6301528       4.3517238       6.8346966    
   5     6    5.4609499       0.6313309       4.3569934       6.8446221    
   5     7    5.4536879       0.6301528       4.3517238       6.8346966    
   5     8    5.4609499       0.6313309       4.3569934       6.8446221    
   5     9    5.4536879       0.6301528       4.3517238       6.8346966    
   5    10    5.5265954       0.6421214       4.4044148       6.9346913    
   5    11    7.0070603       0.9393950       5.3941876       9.1021850    
   5    12    5.5706470       0.6495019       4.4360248       6.9954766    
   5    13    5.5632891       0.6482615       4.4307567       6.9853046    
   5    14    5.4973557       0.6372841       4.3833397       6.8944963    
   5    15    5.4536879       0.6301528       4.3517238       6.8346966    
   5    16    5.4609499       0.6313309       4.3569934       6.8446221    
   5    17    5.4536879       0.6301528       4.3517238       6.8346966    
   5    18    7.5018414       1.0555768       5.7013869       9.8708657    
   5    19    5.5632891       0.6482615       4.4307567       6.9853046    
   5    20    5.5706470       0.6495019       4.4360248       6.9954766    
   5    21    5.5706470       0.6495019       4.4360248       6.9954766    
   5    22    5.5632891       0.6482615       4.4307567       6.9853046    
   6     1    1.6810731       0.2788501       1.2171579       2.3218080    
   6     2    1.6833116       0.2792945       1.2186770       2.3250934    
   6     3    1.6810731       0.2788501       1.2171579       2.3218080    
   6     4    1.6810731       0.2788501       1.2171579       2.3218080    
   6     5    1.6810731       0.2788501       1.2171579       2.3218080    
   6     6    1.6833116       0.2792945       1.2186770       2.3250934    
   6     7    1.6810731       0.2788501       1.2171579       2.3218080    
   6     8    1.6833116       0.2792945       1.2186770       2.3250934    
   6     9    1.6810731       0.2788501       1.2171579       2.3218080    

Program  MARK  - Survival Rate Estimation with Capture-Recapture Data
 gfortran(dble/PIM2) Vers. 11.1 Nov 2024  15-Feb-2026 11:48:06    Page  020
 - - - - - - - - - - - - - - - - - - - - - - - - - - - - - - - - - - - - - -
 
   6    10    1.7035465       0.2833426       1.2323667       2.3548761    
   6    11    2.1598927       0.3872541       1.5241240       3.0608641    
   6    12    1.7171252       0.2860901       1.2415105       2.3749449    
   6    13    1.7148572       0.2856295       1.2399855       2.3715883    
   6    14    1.6945335       0.2815326       1.2262785       2.3415919    
   6    15    1.6810731       0.2788501       1.2171579       2.3218080    
   6    16    1.6833116       0.2792945       1.2186770       2.3250934    
   6    17    1.6810731       0.2788501       1.2171579       2.3218080    
   6    18    2.3124066       0.4262247       1.6161281       3.3086637    
   6    19    1.7148572       0.2856295       1.2399855       2.3715883    
   6    20    1.7171252       0.2860901       1.2415105       2.3749449    
   6    21    1.7171252       0.2860901       1.2415105       2.3749449    
   6    22    1.7148572       0.2856295       1.2399855       2.3715883    

               Net Birth+Immigration Estimates of { null }
                                                95% Confidence Interval
 Grp. Occ.     B-hat         Standard Error      Lower           Upper
 ---- ----   --------------  --------------  --------------  --------------
   1     1    0.8500736       0.1841284       0.5587143       1.2933715    
   1     2    0.8500736       0.1841284       0.5587143       1.2933715    
   1     3    0.8500736       0.1841284       0.5587143       1.2933715    
   1     4    0.8500736       0.1841284       0.5587143       1.2933715    
   1     5    0.8500736       0.1841284       0.5587143       1.2933715    
   1     6    0.8500736       0.1841284       0.5587143       1.2933715    
   1     7    0.8500736       0.1841284       0.5587143       1.2933715    
   1     8    0.8500736       0.1841284       0.5587143       1.2933715    
   1     9    0.8500736       0.1841284       0.5587143       1.2933715    
   1    10    0.8500736       0.1841284       0.5587143       1.2933715    
   1    11    0.8500736       0.1841284       0.5587143       1.2933715    
   1    12    0.8500736       0.1841284       0.5587143       1.2933715    
   1    13    0.8500736       0.1841284       0.5587143       1.2933715    
   1    14    0.8500736       0.1841284       0.5587143       1.2933715    
   1    15    0.8500736       0.1841284       0.5587143       1.2933715    
   1    16    0.8500736       0.1841284       0.5587143       1.2933715    
   1    17    0.8500736       0.1841284       0.5587143       1.2933715    
   1    18    0.8500736       0.1841284       0.5587143       1.2933715    
   1    19    0.8500736       0.1841284       0.5587143       1.2933715    
   1    20    0.8500736       0.1841284       0.5587143       1.2933715    
   1    21    0.8500736       0.1841284       0.5587143       1.2933715    
   1    22    0.8500736       0.1841284       0.5587143       1.2933715    
   2     1    0.3422152       0.1135058       0.1816778       0.6446096    
   2     2    0.3422152       0.1135058       0.1816778       0.6446096    
   2     3    0.3422152       0.1135058       0.1816778       0.6446096    
   2     4    0.3422152       0.1135058       0.1816778       0.6446096    
   2     5    0.3422152       0.1135058       0.1816778       0.6446096    
   2     6    0.3422152       0.1135058       0.1816778       0.6446096    
   2     7    0.3422152       0.1135058       0.1816778       0.6446096    
   2     8    0.3422152       0.1135058       0.1816778       0.6446096    
   2     9    0.3422152       0.1135058       0.1816778       0.6446096    
   2    10    0.3422152       0.1135058       0.1816778       0.6446096    
   2    11    0.3422152       0.1135058       0.1816778       0.6446096    
   2    12    0.3422152       0.1135058       0.1816778       0.6446096    
   2    13    0.3422152       0.1135058       0.1816778       0.6446096    
   2    14    0.3422152       0.1135058       0.1816778       0.6446096    
   2    15    0.3422152       0.1135058       0.1816778       0.6446096    
   2    16    0.3422152       0.1135058       0.1816778       0.6446096    
   2    17    0.3422152       0.1135058       0.1816778       0.6446096    
   2    18    0.3422152       0.1135058       0.1816778       0.6446096    
   2    19    0.3422152       0.1135058       0.1816778       0.6446096    
   2    20    0.3422152       0.1135058       0.1816778       0.6446096    
   2    21    0.3422152       0.1135058       0.1816778       0.6446096    
   2    22    0.3422152       0.1135058       0.1816778       0.6446096    
   3     1    0.9951166       0.2014114       0.6719147       1.4737839    
   3     2    0.9951166       0.2014114       0.6719147       1.4737839    
   3     3    0.9951166       0.2014114       0.6719147       1.4737839    
   3     4    0.9951166       0.2014114       0.6719147       1.4737839    
   3     5    0.9951166       0.2014114       0.6719147       1.4737839    
   3     6    0.9951166       0.2014114       0.6719147       1.4737839    
   3     7    0.9951166       0.2014114       0.6719147       1.4737839    
   3     8    0.9951166       0.2014114       0.6719147       1.4737839    
   3     9    0.9951166       0.2014114       0.6719147       1.4737839    
   3    10    0.9951166       0.2014114       0.6719147       1.4737839    
   3    11    0.9951166       0.2014114       0.6719147       1.4737839    
   3    12    0.9951166       0.2014114       0.6719147       1.4737839    
   3    13    0.9951166       0.2014114       0.6719147       1.4737839    
   3    14    0.9951166       0.2014114       0.6719147       1.4737839    
   3    15    0.9951166       0.2014114       0.6719147       1.4737839    
   3    16    0.9951166       0.2014114       0.6719147       1.4737839    
   3    17    0.9951166       0.2014114       0.6719147       1.4737839    
   3    18    0.9951166       0.2014114       0.6719147       1.4737839    
   3    19    0.9951166       0.2014114       0.6719147       1.4737839    
   3    20    0.9951166       0.2014114       0.6719147       1.4737839    
   3    21    0.9951166       0.2014114       0.6719147       1.4737839    
   3    22    0.9951166       0.2014114       0.6719147       1.4737839    
   4     1    0.2695713       0.1008797       0.1325890       0.5480746    
   4     2    0.2695713       0.1008797       0.1325890       0.5480746    
   4     3    0.2695713       0.1008797       0.1325890       0.5480746    
   4     4    0.2695713       0.1008797       0.1325890       0.5480746    
   4     5    0.2695713       0.1008797       0.1325890       0.5480746    
   4     6    0.2695713       0.1008797       0.1325890       0.5480746    
   4     7    0.2695713       0.1008797       0.1325890       0.5480746    
   4     8    0.2695713       0.1008797       0.1325890       0.5480746    
   4     9    0.2695713       0.1008797       0.1325890       0.5480746    
   4    10    0.2695713       0.1008797       0.1325890       0.5480746    
   4    11    0.2695713       0.1008797       0.1325890       0.5480746    
   4    12    0.2695713       0.1008797       0.1325890       0.5480746    
   4    13    0.2695713       0.1008797       0.1325890       0.5480746    
   4    14    0.2695713       0.1008797       0.1325890       0.5480746    
   4    15    0.2695713       0.1008797       0.1325890       0.5480746    
   4    16    0.2695713       0.1008797       0.1325890       0.5480746    
   4    17    0.2695713       0.1008797       0.1325890       0.5480746    
   4    18    0.2695713       0.1008797       0.1325890       0.5480746    
   4    19    0.2695713       0.1008797       0.1325890       0.5480746    
   4    20    0.2695713       0.1008797       0.1325890       0.5480746    
   4    21    0.2695713       0.1008797       0.1325890       0.5480746    
   4    22    0.2695713       0.1008797       0.1325890       0.5480746    
   5     1    5.3455261       0.6129801       4.2726628       6.6877849    
   5     2    5.3455261       0.6129801       4.2726628       6.6877849    
   5     3    5.3455261       0.6129801       4.2726628       6.6877849    
   5     4    5.3455261       0.6129801       4.2726628       6.6877849    
   5     5    5.3455261       0.6129801       4.2726628       6.6877849    
   5     6    5.3455261       0.6129801       4.2726628       6.6877849    
   5     7    5.3455261       0.6129801       4.2726628       6.6877849    
   5     8    5.3455261       0.6129801       4.2726628       6.6877849    
   5     9    5.3455261       0.6129801       4.2726628       6.6877849    
   5    10    5.3455261       0.6129801       4.2726628       6.6877849    
   5    11    5.3455261       0.6129801       4.2726628       6.6877849    
   5    12    5.3455261       0.6129801       4.2726628       6.6877849    
   5    13    5.3455261       0.6129801       4.2726628       6.6877849    
   5    14    5.3455261       0.6129801       4.2726628       6.6877849    
   5    15    5.3455261       0.6129801       4.2726628       6.6877849    
   5    16    5.3455261       0.6129801       4.2726628       6.6877849    
   5    17    5.3455261       0.6129801       4.2726628       6.6877849    
   5    18    5.3455261       0.6129801       4.2726628       6.6877849    
   5    19    5.3455261       0.6129801       4.2726628       6.6877849    
   5    20    5.3455261       0.6129801       4.2726628       6.6877849    
   5    21    5.3455261       0.6129801       4.2726628       6.6877849    
   5    22    5.3455261       0.6129801       4.2726628       6.6877849    
   6     1    1.6477328       0.2723142       1.1944175       2.2730942    
   6     2    1.6477328       0.2723142       1.1944175       2.2730942    
   6     3    1.6477328       0.2723142       1.1944175       2.2730942    
   6     4    1.6477328       0.2723142       1.1944175       2.2730942    
   6     5    1.6477328       0.2723142       1.1944175       2.2730942    
   6     6    1.6477328       0.2723142       1.1944175       2.2730942    
   6     7    1.6477328       0.2723142       1.1944175       2.2730942    
   6     8    1.6477328       0.2723142       1.1944175       2.2730942    
   6     9    1.6477328       0.2723142       1.1944175       2.2730942    
   6    10    1.6477328       0.2723142       1.1944175       2.2730942    
   6    11    1.6477328       0.2723142       1.1944175       2.2730942    
   6    12    1.6477328       0.2723142       1.1944175       2.2730942    
   6    13    1.6477328       0.2723142       1.1944175       2.2730942    
   6    14    1.6477328       0.2723142       1.1944175       2.2730942    
   6    15    1.6477328       0.2723142       1.1944175       2.2730942    
   6    16    1.6477328       0.2723142       1.1944175       2.2730942    
   6    17    1.6477328       0.2723142       1.1944175       2.2730942    
   6    18    1.6477328       0.2723142       1.1944175       2.2730942    
   6    19    1.6477328       0.2723142       1.1944175       2.2730942    
   6    20    1.6477328       0.2723142       1.1944175       2.2730942    
   6    21    1.6477328       0.2723142       1.1944175       2.2730942    
   6    22    1.6477328       0.2723142       1.1944175       2.2730942    

                     Population Estimates of { null }
                                                95% Confidence Interval
 Grp. Occ.     N-hat         Standard Error      Lower           Upper
 ---- ----   --------------  --------------  --------------  --------------
   1     1    2.8337032       0.9955305       1.4519914       5.5302489    
   1     2    3.5721244       1.0411279       2.0411318       6.2514693    
   1     3    4.2722672       1.1070125       2.5921961       7.0412372    
   1     4    4.9540068       1.1913951       3.1125547       7.8849004    
   1     5    5.6088848       1.2864318       3.5986658       8.7420145    
   1     6    6.2379595       1.3880878       4.0542571       9.5978468    
   1     7    6.8262107       1.4903975       4.4718685       10.420063    
   1     8    7.4073209       1.5976711       4.8769336       11.250594    
   1     9    7.9464910       1.7017978       5.2471193       12.034550    
   1    10    8.4834604       1.8090153       5.6114276       12.825453    
   1    11    8.7837806       1.8764311       5.8058449       13.289160    
   1    12    5.8267557       1.4191872       3.6398278       9.3276616    
   1    13    6.2123189       1.4913505       3.9062793       9.8797100    
   1    14    6.5824868       1.5648317       4.1572655       10.422508    
   1    15    7.0723402       1.6595803       4.4925088       11.133644    
   1    16    7.6437525       1.7699334       4.8839666       11.963012    
   1    17    8.1729990       1.8763934       5.2415459       12.743934    
   1    18    8.7010436       1.9844691       5.5961324       13.528658    
   1    19    5.0815205       1.4224900       2.9661219       8.7055930    
   1    20    5.5390432       1.4854987       3.3044692       9.2846984    
   1    21    5.9475429       1.5489660       3.5997752       9.8265212    
   1    22    6.3234769       1.6130434       3.8657481       10.343757    
   1    23    6.6850578       1.6789618       4.1170056       10.854976    
   2     1    1.1407675       0.4922588       0.5075140       2.5641666    
   2     2    1.4380346       0.5528473       0.6945962       2.9771884    
   2     3    1.7198920       0.6201981       0.8667255       3.4128782    
   2     4    1.9943408       0.6930394       1.0289361       3.8655416    
   2     5    2.2579758       0.7675353       1.1809856       4.3171185    
   2     6    2.5112232       0.8421920       1.3242921       4.7619721    
   2     7    2.7480362       0.9140605       1.4564053       5.1851661    
   2     8    2.9819745       0.9867500       1.5853182       5.6090769    
   2     9    3.1990289       1.0554183       1.7037578       6.0065966    
   2    10    3.4151974       1.1247325       1.8208235       6.4056583    

Program  MARK  - Survival Rate Estimation with Capture-Recapture Data
 gfortran(dble/PIM2) Vers. 11.1 Nov 2024  15-Feb-2026 11:48:06    Page  021
 - - - - - - - - - - - - - - - - - - - - - - - - - - - - - - - - - - - - - -
 
   2    11    3.5360976       1.1654296       1.8844298       6.6354216    
   2    12    2.3456844       0.8201345       1.2055702       4.5640106    
   2    13    2.5009011       0.8683696       1.2909358       4.8449398    
   2    14    2.6499200       0.9158764       1.3718007       5.1188747    
   2    15    2.8471209       0.9780863       1.4794465       5.4791420    
   2    16    3.0771551       1.0506522       1.6050451       5.8994500    
   2    17    3.2902145       1.1190515       1.7202754       6.2928944    
   2    18    3.5027901       1.1878148       1.8347632       6.6872601    
   2    19    2.0456741       0.7688495       1.0032782       4.1711089    
   2    20    2.2298596       0.8188092       1.1105527       4.4772967    
   2    21    2.3943099       0.8657840       1.2044418       4.7596486    
   2    22    2.5456501       0.9107857       1.2893557       5.0260252    
   2    23    2.6912121       0.9553713       1.3699022       5.2869635    
   3     1    3.3172010       1.1370912       1.7260432       6.3751720    
   3     2    4.1816146       1.1754734       2.4355514       7.1794422    
   3     3    5.0012186       1.2373222       3.1017094       8.0640009    
   3     4    5.7992793       1.3211804       3.7316357       9.0125733    
   3     5    6.5658952       1.4184057       4.3201762       9.9789862    
   3     6    7.3023051       1.5243831       4.8714331       10.946196    
   3     7    7.9909261       1.6323938       5.3763049       11.877098    
   3     8    8.6711876       1.7467934       5.8654999       12.818941    
   3     9    9.3023531       1.8586706       6.3121286       13.709127    
   3    10    9.9309424       1.9744924       6.7512965       14.608100    
   3    11    10.282504       2.0486279       6.9848152       15.137107    
   3    12    6.8209401       1.5760426       4.3622878       10.665327    
   3    13    7.2722896       1.6534580       4.6834769       11.292080    
   3    14    7.7056170       1.7329430       4.9857514       11.909245    
   3    15    8.2790512       1.8350113       5.3897658       12.717192    
   3    16    8.9479601       1.9538151       5.8616258       13.659349    
   3    17    9.5675089       2.0690975       6.2923330       14.547422    
   3    18    10.185651       2.1864097       6.7192969       15.440228    
   3    19    5.9485498       1.6009305       3.5425536       9.9886265    
   3    20    6.4841370       1.6656799       3.9506711       10.642251    
   3    21    6.9623365       1.7321046       4.3068391       11.255152    
   3    22    7.4024139       1.8000736       4.6274888       11.841354    
   3    23    7.8256891       1.8706491       4.9302394       12.421589    
   4     1    0.8986104       0.4177215       0.3776317       2.1383282    
   4     2    1.1327750       0.4775349       0.5127116       2.5027309    
   4     3    1.3548009       0.5418700       0.6367511       2.8825793    
   4     4    1.5709909       0.6098760       0.7537868       3.2741517    
   4     5    1.7786627       0.6784753       0.8636891       3.6629394    
   4     6    1.9781518       0.7465788       0.9674616       4.0446925    
   4     7    2.1646952       0.8117159       1.0632781       4.4070367    
   4     8    2.3489741       0.8772510       1.1569108       4.7693214    
   4     9    2.5199532       0.9389129       1.2430424       5.1085660    
   4    10    2.6902343       1.0009695       1.3282576       5.4487628    

Program  MARK  - Survival Rate Estimation with Capture-Recapture Data
 gfortran(dble/PIM2) Vers. 11.1 Nov 2024  15-Feb-2026 11:48:06    Page  022
 - - - - - - - - - - - - - - - - - - - - - - - - - - - - - - - - - - - - - -
 
   4    11    2.7854704       1.0370189       1.3747393       5.6438667    
   4    12    1.8477529       0.7208465       0.8836002       3.8639542    
   4    13    1.9700208       0.7643027       0.9456554       4.1040131    
   4    14    2.0874067       0.8068711       1.0045266       4.3376317    
   4    15    2.2427466       0.8627438       1.0828356       4.6451303    
   4    16    2.4239502       0.9279235       1.1741954       5.0038814    
   4    17    2.5917823       0.9891310       1.2581060       5.3392445    
   4    18    2.7592333       1.0505656       1.3415168       5.6751942    
   4    19    1.6114274       0.6667356       0.7393229       3.5122654    
   4    20    1.7565148       0.7130294       0.8169648       3.7765940    
   4    21    1.8860563       0.7560870       0.8850102       4.0193981    
   4    22    2.0052707       0.7969887       0.9466411       4.2477670    
   4    23    2.1199335       0.8372615       1.0051779       4.4709679    
   5     1    17.819202       5.3404977       10.028601       31.661842    
   5     2    22.462624       5.0881820       14.489441       34.823254    
   5     3    26.865339       4.9157224       18.824360       38.341087    
   5     4    31.152328       4.8421594       23.012854       42.170672    
   5     5    35.270403       4.8511144       26.970037       46.125310    
   5     6    39.226220       4.9340495       30.685024       50.144863    
   5     7    42.925325       5.0734855       34.076436       54.072074    
   5     8    46.579526       5.2732787       37.336639       58.110540    
   5     9    49.969995       5.5092278       40.285181       61.983100    
   5    10    53.346624       5.7852587       43.158371       65.939984    
   5    11    55.235130       6.0316778       44.620843       68.374316    
   5    12    36.640443       5.8679336       26.822621       50.051861    
   5    13    39.064984       6.0454490       28.895971       52.812656    
   5    14    41.392714       6.2539144       30.834775       55.565730    
   5    15    44.473064       6.5016706       33.443521       59.140107    
   5    16    48.066281       6.7839530       36.500079       63.297600    
   5    17    51.394347       7.0857440       39.274437       67.254406    
   5    18    54.714855       7.4043153       42.018066       71.248290    
   5    19    31.954173       6.7560258       21.208987       48.143232    
   5    20    34.831218       6.8124221       23.825627       50.920539    
   5    21    37.399991       6.9113525       26.114937       53.561657    
   5    22    39.763980       7.0446115       28.174177       56.121394    
   5    23    42.037712       7.2065829       30.114048       58.682554    
   6     1    5.4926837       1.7706290       2.9657773       10.172569    
   6     2    6.9239961       1.7709681       4.2274522       11.340571    
   6     3    8.2811118       1.8067087       5.4266448       12.637056    
   6     4    9.6025557       1.8788935       6.5674155       14.040390    
   6     5    10.871933       1.9763935       7.6352141       15.480760    
   6     6    12.091294       2.0926912       8.6344515       16.932100    
   6     7    13.231526       2.2182042       9.5476166       18.336856    
   6     8    14.357915       2.3572249       10.429660       19.765719    
   6     9    15.403011       2.4976531       11.232395       21.122188    
   6    10    16.443841       2.6464032       12.019509       22.496752    

Program  MARK  - Survival Rate Estimation with Capture-Recapture Data
 gfortran(dble/PIM2) Vers. 11.1 Nov 2024  15-Feb-2026 11:48:06    Page  023
 - - - - - - - - - - - - - - - - - - - - - - - - - - - - - - - - - - - - - -
 
   6    11    17.025964       2.7487495       12.432841       23.315947    
   6    12    11.294241       2.2524222       7.6692067       16.632734    
   6    13    12.041594       2.3496930       8.2439262       17.588705    
   6    14    12.759106       2.4528344       8.7834070       18.534354    
   6    15    13.708609       2.5830557       9.5060258       19.769140    
   6    16    14.816201       2.7341296       10.350692       21.208224    
   6    17    15.842061       2.8841129       11.120020       22.569285    
   6    18    16.865592       3.0381430       11.881933       23.939554    
   6    19    9.8497206       2.3888554       6.1648250       15.737186    
   6    20    10.736556       2.4571512       6.8950542       16.718307    
   6    21    11.528368       2.5329801       7.5325295       17.643909    
   6    22    12.257056       2.6149332       8.1059425       18.533986    
   6    23    12.957923       2.7031803       8.6466695       19.418780    

                  Gross Population Estimates of { null }
                                                95% Confidence Interval
 Grp. Occ.     N*-hat        Standard Error      Lower           Upper
 ---- ----   --------------  --------------  --------------  --------------
   1     0    22.617711       4.7557756       15.045181       34.001641    
   2     0    9.1052404       2.9822458       4.8703860       17.022348    
   3     0    26.476835       5.1792030       18.109977       38.709205    
   4     0    7.1724201       2.6576028       3.5510075       14.487046    
   5     0    142.22717       14.547257       116.45145       173.70815    
   6     0    43.840842       6.8786905       32.294822       59.514786    

 To compute parameter estimates, CPU Time was 0.016 secs and System Time was 0.016 secs.

 For procedure estimate CPU Time was 0.109 secs and System Time was 0.281 secs.

Program  MARK  - Survival Rate Estimation with Capture-Recapture Data
 gfortran(dble/PIM2) Vers. 11.1 Nov 2024  15-Feb-2026 11:48:06    Page  024
 - - - - - - - - - - - - - - - - - - - - - - - - - - - - - - - - - - - - - -
 


 INPUT --- proc stop;

 For this job, CPU Time in mins was 0.002 and System Time in mins was 0.005.

     Time Start = 11:48:06.536   Time End = 11:48:06.854

 Wall Clock Time in mins for this job was 0.005.

 Maximum of 24 words used.


          E X E C U T I O N   S U C C E S S F U L
